Component: ARM Compiler 5.06 update 1 (build 61) Tool: armlink [4d35a8]

==============================================================================

Section Cross References

    startup_stm32f429_439xx.o(RESET) refers to startup_stm32f429_439xx.o(STACK) for __initial_sp
    startup_stm32f429_439xx.o(RESET) refers to startup_stm32f429_439xx.o(.text) for Reset_Handler
    startup_stm32f429_439xx.o(RESET) refers to stm32f4xx_it.o(i.NMI_Handler) for NMI_Handler
    startup_stm32f429_439xx.o(RESET) refers to stm32f4xx_it.o(i.HardFault_Handler) for HardFault_Handler
    startup_stm32f429_439xx.o(RESET) refers to stm32f4xx_it.o(i.MemManage_Handler) for MemManage_Handler
    startup_stm32f429_439xx.o(RESET) refers to stm32f4xx_it.o(i.BusFault_Handler) for BusFault_Handler
    startup_stm32f429_439xx.o(RESET) refers to stm32f4xx_it.o(i.UsageFault_Handler) for UsageFault_Handler
    startup_stm32f429_439xx.o(RESET) refers to stm32f4xx_it.o(i.SVC_Handler) for SVC_Handler
    startup_stm32f429_439xx.o(RESET) refers to stm32f4xx_it.o(i.DebugMon_Handler) for DebugMon_Handler
    startup_stm32f429_439xx.o(RESET) refers to os_cpu_a.o(.text) for OS_CPU_PendSVHandler
    startup_stm32f429_439xx.o(RESET) refers to stm32f4xx_it.o(i.OS_CPU_SysTickHandler) for OS_CPU_SysTickHandler
    startup_stm32f429_439xx.o(RESET) refers to stm32f4xx_it.o(i.CAN1_TX_IRQHandler) for CAN1_TX_IRQHandler
    startup_stm32f429_439xx.o(RESET) refers to stm32f4xx_it.o(i.CAN1_RX0_IRQHandler) for CAN1_RX0_IRQHandler
    startup_stm32f429_439xx.o(RESET) refers to stm32f4xx_it.o(i.USART1_IRQHandler) for USART1_IRQHandler
    startup_stm32f429_439xx.o(RESET) refers to stm32f4xx_it.o(i.USART2_IRQHandler) for USART2_IRQHandler
    startup_stm32f429_439xx.o(RESET) refers to stm32f4xx_it.o(i.USART3_IRQHandler) for USART3_IRQHandler
    startup_stm32f429_439xx.o(RESET) refers to bsp_sdio_sd.o(i.SDIO_IRQHandler) for SDIO_IRQHandler
    startup_stm32f429_439xx.o(RESET) refers to stm32f4xx_it.o(i.UART4_IRQHandler) for UART4_IRQHandler
    startup_stm32f429_439xx.o(RESET) refers to stm32f4xx_it.o(i.UART5_IRQHandler) for UART5_IRQHandler
    startup_stm32f429_439xx.o(RESET) refers to bsp_sdio_sd.o(i.DMA2_Stream3_IRQHandler) for DMA2_Stream3_IRQHandler
    startup_stm32f429_439xx.o(RESET) refers to stm32f4xx_it.o(i.ETH_IRQHandler) for ETH_IRQHandler
    startup_stm32f429_439xx.o(RESET) refers to stm32f4xx_it.o(i.CAN2_TX_IRQHandler) for CAN2_TX_IRQHandler
    startup_stm32f429_439xx.o(RESET) refers to stm32f4xx_it.o(i.CAN2_RX0_IRQHandler) for CAN2_RX0_IRQHandler
    startup_stm32f429_439xx.o(RESET) refers to stm32f4xx_it.o(i.OTG_FS_IRQHandler) for OTG_FS_IRQHandler
    startup_stm32f429_439xx.o(RESET) refers to stm32f4xx_it.o(i.USART6_IRQHandler) for USART6_IRQHandler
    startup_stm32f429_439xx.o(.text) refers to system_stm32f4xx.o(i.SystemInit) for SystemInit
    startup_stm32f429_439xx.o(.text) refers to entry.o(.ARM.Collect$$$$00000000) for __main
    system_stm32f4xx.o(i.SystemCoreClockUpdate) refers to system_stm32f4xx.o(.data) for SystemCoreClock
    system_stm32f4xx.o(i.SystemInit) refers to system_stm32f4xx.o(i.SetSysClock) for SetSysClock
    stm32f4xx_adc.o(i.ADC_DeInit) refers to stm32f4xx_rcc.o(i.RCC_APB2PeriphResetCmd) for RCC_APB2PeriphResetCmd
    stm32f4xx_can.o(i.CAN_DeInit) refers to stm32f4xx_rcc.o(i.RCC_APB1PeriphResetCmd) for RCC_APB1PeriphResetCmd
    stm32f4xx_can.o(i.CAN_GetITStatus) refers to stm32f4xx_can.o(i.CheckITStatus) for CheckITStatus
    stm32f4xx_cryp.o(i.CRYP_DeInit) refers to stm32f4xx_rcc.o(i.RCC_AHB2PeriphResetCmd) for RCC_AHB2PeriphResetCmd
    stm32f4xx_cryp_aes.o(i.CRYP_AES_CBC) refers to stm32f4xx_cryp.o(i.CRYP_KeyStructInit) for CRYP_KeyStructInit
    stm32f4xx_cryp_aes.o(i.CRYP_AES_CBC) refers to stm32f4xx_cryp.o(i.CRYP_FIFOFlush) for CRYP_FIFOFlush
    stm32f4xx_cryp_aes.o(i.CRYP_AES_CBC) refers to stm32f4xx_cryp.o(i.CRYP_Init) for CRYP_Init
    stm32f4xx_cryp_aes.o(i.CRYP_AES_CBC) refers to stm32f4xx_cryp.o(i.CRYP_KeyInit) for CRYP_KeyInit
    stm32f4xx_cryp_aes.o(i.CRYP_AES_CBC) refers to stm32f4xx_cryp.o(i.CRYP_Cmd) for CRYP_Cmd
    stm32f4xx_cryp_aes.o(i.CRYP_AES_CBC) refers to stm32f4xx_cryp.o(i.CRYP_GetFlagStatus) for CRYP_GetFlagStatus
    stm32f4xx_cryp_aes.o(i.CRYP_AES_CBC) refers to stm32f4xx_cryp.o(i.CRYP_IVInit) for CRYP_IVInit
    stm32f4xx_cryp_aes.o(i.CRYP_AES_CBC) refers to stm32f4xx_cryp.o(i.CRYP_GetCmdStatus) for CRYP_GetCmdStatus
    stm32f4xx_cryp_aes.o(i.CRYP_AES_CBC) refers to stm32f4xx_cryp.o(i.CRYP_DataIn) for CRYP_DataIn
    stm32f4xx_cryp_aes.o(i.CRYP_AES_CBC) refers to stm32f4xx_cryp.o(i.CRYP_DataOut) for CRYP_DataOut
    stm32f4xx_cryp_aes.o(i.CRYP_AES_CCM) refers to stm32f4xx_cryp.o(i.CRYP_KeyStructInit) for CRYP_KeyStructInit
    stm32f4xx_cryp_aes.o(i.CRYP_AES_CCM) refers to stm32f4xx_cryp.o(i.CRYP_FIFOFlush) for CRYP_FIFOFlush
    stm32f4xx_cryp_aes.o(i.CRYP_AES_CCM) refers to stm32f4xx_cryp.o(i.CRYP_KeyInit) for CRYP_KeyInit
[...]
    SFrame_StartAck                          0x2000dd59   Data          14  hfqgframe.o(.bss)
    SFrame_ChargeData                        0x2000dd67   Data          67  hfqgframe.o(.bss)
    SFrame_DevStop                           0x2000ddaa   Data          19  hfqgframe.o(.bss)
    SFrame_StopAck                           0x2000ddbd   Data          13  hfqgframe.o(.bss)
    SFrame_Bill                              0x2000ddca   Data          67  hfqgframe.o(.bss)
    Resned_Bill                              0x2000de0d   Data         134  hfqgframe.o(.bss)
    HFQGRecvStartCharge                      0x2000de93   Data         176  hfqgframe.o(.bss)
    __initial_sp                             0x2000e880   Data           0  startup_stm32f429_439xx.o(STACK)



==============================================================================

Memory Map of the image

  Image Entry point : 0x08000189

  Load Region LR_IROM1 (Base: 0x08000000, Size: 0x0001843c, Max: 0x00080000, ABSOLUTE, COMPRESSED[0x000179d8])

    Execution Region ER_IROM1 (Base: 0x08000000, Size: 0x0001733c, Max: 0x00080000, ABSOLUTE)

    Base Addr    Size         Type   Attr      Idx    E Section Name        Object

    0x08000000   0x00000188   Data   RO            3    RESET               startup_stm32f429_439xx.o
    0x08000188   0x00000000   Code   RO        14087  * .ARM.Collect$$$$00000000  mc_w.l(entry.o)
    0x08000188   0x00000004   Code   RO        14381    .ARM.Collect$$$$00000001  mc_w.l(entry2.o)
    0x0800018c   0x00000004   Code   RO        14384    .ARM.Collect$$$$00000004  mc_w.l(entry5.o)
    0x08000190   0x00000000   Code   RO        14386    .ARM.Collect$$$$00000008  mc_w.l(entry7b.o)
    0x08000190   0x00000000   Code   RO        14388    .ARM.Collect$$$$0000000A  mc_w.l(entry8b.o)
    0x08000190   0x00000008   Code   RO        14389    .ARM.Collect$$$$0000000B  mc_w.l(entry9a.o)
    0x08000198   0x00000000   Code   RO        14391    .ARM.Collect$$$$0000000D  mc_w.l(entry10a.o)
    0x08000198   0x00000000   Code   RO        14393    .ARM.Collect$$$$0000000F  mc_w.l(entry11a.o)
    0x08000198   0x00000004   Code   RO        14382    .ARM.Collect$$$$00002712  mc_w.l(entry2.o)
    0x0800019c   0x00000024   Code   RO            4    .text               startup_stm32f429_439xx.o
    0x080001c0   0x000000b0   Code   RO         5790    .text               os_cpu_a.o
    0x08000270   0x00000062   Code   RO        14090    .text               mc_w.l(uldiv.o)
    0x080002d2   0x0000001e   Code   RO        14092    .text               mc_w.l(llshl.o)
    0x080002f0   0x00000024   Code   RO        14094    .text               mc_w.l(memcpya.o)
    0x08000314   0x00000024   Code   RO        14096    .text               mc_w.l(memseta.o)
    0x08000338   0x00000024   Code   RO        14098    .text               mc_w.l(strstr.o)
    0x0800035c   0x0000000e   Code   RO        14102    .text               mc_w.l(strlen.o)
    0x0800036a   0x0000001a   Code   RO        14104    .text               mc_w.l(memcmp.o)
    0x08000384   0x0000001e   Code   RO        14108    .text               mc_w.l(strncmp.o)
    0x080003a2   0x00000002   PAD
    0x080003a4   0x00000044   Code   RO        14110    .text               mc_w.l(strtok.o)
    0x080003e8   0x0000001a   Code   RO        14379    .text               mc_w.l(atoi.o)
    0x08000402   0x0000002c   Code   RO        14396    .text               mc_w.l(uidiv.o)
    0x0800042e   0x00000020   Code   RO        14398    .text               mc_w.l(llushr.o)
    0x0800044e   0x00000070   Code   RO        14407    .text               mc_w.l(strtol.o)
    0x080004be   0x00000000   Code   RO        14409    .text               mc_w.l(iusefp.o)
    0x080004be   0x0000014e   Code   RO        14410    .text               mf_w.l(dadd.o)
    0x0800060c   0x000000e4   Code   RO        14412    .text               mf_w.l(dmul.o)
    0x080006f0   0x000000de   Code   RO        14414    .text               mf_w.l(ddiv.o)
    0x080007ce   0x00000030   Code   RO        14416    .text               mf_w.l(dfixul.o)
    0x080007fe   0x00000002   PAD
    0x08000800   0x00000030   Code   RO        14418    .text               mf_w.l(cdrcmple.o)
    0x08000830   0x00000024   Code   RO        14420    .text               mc_w.l(init.o)
    0x08000854   0x00000024   Code   RO        14422    .text               mc_w.l(llsshr.o)
    0x08000878   0x00000008   Code   RO        14424    .text               mc_w.l(ctype_o.o)
    0x08000880   0x0000009e   Code   RO        14452    .text               mc_w.l(_strtoul.o)
    0x0800091e   0x000000ba   Code   RO        14454    .text               mf_w.l(depilogue.o)
    0x080009d8   0x0000001c   Code   RO        14456    .text               mc_w.l(_chval.o)
    0x080009f4   0x00000056   Code   RO        14466    .text               mc_w.l(__dczerorl2.o)
    0x08000a4a   0x00000002   PAD
    0x08000a4c   0x00000038   Code   RO        12279    i.ADJust_ControlGunA  connectccu_main.o
    0x08000a84   0x00000038   Code   RO        12280    i.ADJust_ControlGunB  connectccu_main.o
    0x08000abc   0x00000066   Code   RO        12668    i.APP_ChargeRecodeFlashOperation  flashdatadeal.o
    0x08000b22   0x00000002   PAD
    0x08000b24   0x00000014   Code   RO        10770    i.APP_ClearRecodeInfo  displaymain.o
    0x08000b38   0x000000a2   Code   RO        10772    i.APP_DisplayRecvDataAnalyze  displaymain.o
    0x08000bda   0x0000002e   Code   RO        12670    i.APP_FlashOperation  flashdatadeal.o
    0x08000c08   0x0000000c   Code   RO        13507    i.APP_Get4GMainEvent  4gmain.o
    0x08000c14   0x00000014   Code   RO        13565    i.APP_GetAppRegisterState  modulesim7600.o
    0x08000c28   0x00000064   Code   RO        13900    i.APP_GetBatchNum   hfqgframe.o
    0x08000c8c   0x0000000c   Code   RO        13566    i.APP_GetCSQNum     modulesim7600.o
    0x08000c98   0x00000018   Code   RO        10773    i.APP_GetCarInfo    displaymain.o
    0x08000cb0   0x0000000c   Code   RO        11687    i.APP_GetCardEvent  card_cpu.o
    0x08000cbc   0x00000014   Code   RO        12281    i.APP_GetCcuComState  connectccu_main.o
    0x08000cd0   0x00000030   Code   RO        11904    i.APP_GetCcuStartOver  connectccu_interface.o
    0x08000d00   0x00000030   Code   RO        11905    i.APP_GetCcuStopOver  connectccu_interface.o
    0x08000d30   0x0000002c   Code   RO        11906    i.APP_GetCcuYC      connectccu_interface.o
    0x08000d5c   0x00000024   Code   RO        11907    i.APP_GetCcuYX1     connectccu_interface.o
    0x08000d80   0x00000024   Code   RO        11908    i.APP_GetCcuYX2     connectccu_interface.o
    0x08000da4   0x0000001c   Code   RO        10776    i.APP_GetChargeRecodeInfo  displaymain.o
    0x08000dc0   0x0000001c   Code   RO        10777    i.APP_GetChargeingInfo  displaymain.o
    0x08000ddc   0x0000000c   Code   RO        12283    i.APP_GetConnectccuGunAEvent  connectccu_main.o
    0x08000de8   0x0000000c   Code   RO        12284    i.APP_GetConnectccuGunBEvent  connectccu_main.o
    0x08000df4   0x00000008   Code   RO        10778    i.APP_GetDevNum     displaymain.o
    0x08000dfc   0x00000008   Code   RO        10779    i.APP_GetDispControl  displaymain.o
    0x08000e04   0x0000000c   Code   RO        10780    i.APP_GetDispEvent  displaymain.o
    0x08000e10   0x0000000c   Code   RO        10781    i.APP_GetDispUartStatus  displaymain.o
    0x08000e1c   0x0000001c   Code   RO        10782    i.APP_GetErrState   displaymain.o
    0x08000e38   0x0000001c   Code   RO        10783    i.APP_GetGunState   displaymain.o
    0x08000e54   0x0000011c   Code   RO        10785    i.APP_GetMeterAddr  displaymain.o
    0x08000f70   0x00000010   Code   RO        11495    i.APP_GetMeterPowerInfo  rs485meter.o
    0x08000f80   0x00000014   Code   RO        13567    i.APP_GetModuleConnectState  modulesim7600.o
    0x08000f94   0x00000024   Code   RO        13901    i.APP_GetNetMoney   hfqgframe.o
    0x08000fb8   0x00000014   Code   RO        13508    i.APP_GetNetState   4gmain.o
    0x08000fcc   0x0000000c   Code   RO        11638    i.APP_GetPricEvent  charging_interface.o
    0x08000fd8   0x00000008   Code   RO        10786    i.APP_GetPriceInfo  displaymain.o
    0x08000fe0   0x0000000c   Code   RO        10787    i.APP_GetRecodeCurNum  displaymain.o
    0x08000fec   0x0000001c   Code   RO        13902    i.APP_GetResendBillState  hfqgframe.o
    0x08001008   0x0000000c   Code   RO        13568    i.APP_GetSIM7600Status  modulesim7600.o
    0x08001014   0x0000000c   Code   RO        13867    i.APP_GetSendTaskEvent  4gsend.o
    0x08001020   0x0000001c   Code   RO        10788    i.APP_GetWorkState  displaymain.o
    0x0800103c   0x0000004c   Code   RO        10789    i.APP_GetYxYcData   displaymain.o
    0x08001088   0x0000002e   Code   RO        10790    i.APP_RWChargeRecode  displaymain.o
    0x080010b6   0x00000002   PAD
    0x080010b8   0x00000068   Code   RO        10791    i.APP_RecvCardAnalyze  displaymain.o
    0x08001120   0x0000034c   Code   RO        10792    i.APP_RecvCardDispose  displaymain.o
    0x0800146c   0x000003c8   Code   RO        10793    i.APP_RecvConectCCUAnalyze  displaymain.o
    0x08001834   0x0000001c   Code   RO        13822    i.APP_RecvDataControl  4grecv.o
    0x08001850   0x00000174   Code   RO        10794    i.APP_SelectCurChargeRecode  displaymain.o
    0x080019c4   0x0000015c   Code   RO        10796    i.APP_SelectNextNChargeRecode  displaymain.o
    0x08001b20   0x000000ec   Code   RO        10798    i.APP_SelectUpNChargeRecode  displaymain.o
    0x08001c0c   0x00000018   Code   RO        13569    i.APP_SetAppRegisterState  modulesim7600.o
    0x08001c24   0x00000018   Code   RO        10801    i.APP_SetCountDownTime  displaymain.o
    0x08001c3c   0x00000020   Code   RO        10802    i.APP_SetDispUartStatus  displaymain.o
    0x08001c5c   0x0000002c   Code   RO        13570    i.APP_SetNetNotConect  modulesim7600.o
    0x08001c88   0x0000001c   Code   RO        11910    i.APP_SetPara1      connectccu_interface.o
    0x08001ca4   0x0000001c   Code   RO        11911    i.APP_SetPara2      connectccu_interface.o
    0x08001cc0   0x00000018   Code   RO        11912    i.APP_SetPara3      connectccu_interface.o
    0x08001cd8   0x0000000c   Code   RO        10803    i.APP_SetRecodeCurNum  displaymain.o
    0x08001ce4   0x00000018   Code   RO        13903    i.APP_SetResendBillState  hfqgframe.o
    0x08001cfc   0x00000002   Code   RO         8147    i.App_TCBInitHook   app_hooks.o
    0x08001cfe   0x00000002   Code   RO         8148    i.App_TaskCreateHook  app_hooks.o
    0x08001d00   0x00000002   Code   RO         8149    i.App_TaskDelHook   app_hooks.o
    0x08001d02   0x00000002   Code   RO         8150    i.App_TaskIdleHook  app_hooks.o
    0x08001d04   0x00000002   Code   RO         8151    i.App_TaskReturnHook  app_hooks.o
    0x08001d06   0x00000002   Code   RO         8152    i.App_TaskStatHook  app_hooks.o
    0x08001d08   0x00000002   Code   RO         8153    i.App_TaskSwHook    app_hooks.o
    0x08001d0a   0x00000010   Code   RO         8154    i.App_TimeTickHook  app_hooks.o
    0x08001d1a   0x0000001e   Code   RO         9502    i.BCDtoHEX          dwinprotocol.o
    0x08001d38   0x00000140   Code   RO         7300    i.BSP_CANRx_IRQHandler  bsp_can.o
    0x08001e78   0x00000030   Code   RO         7301    i.BSP_CANTx_IRQHandler  bsp_can.o
    0x08001ea8   0x000000a4   Code   RO         7302    i.BSP_CAN_GPIOInit  bsp_can.o
    0x08001f4c   0x000000f8   Code   RO         7303    i.BSP_CAN_Init      bsp_can.o
    0x08002044   0x00000048   Code   RO         7304    i.BSP_CAN_Write     bsp_can.o
    0x0800208c   0x00000108   Code   RO         7305    i.BSP_CanDataProcess  bsp_can.o
    0x08002194   0x00000014   Code   RO         7306    i.BSP_GetRxBuffPosotion  bsp_can.o
    0x080021a8   0x00000038   Code   RO         7666    i.BSP_IOClose       bsp_io.o
    0x080021e0   0x00000058   Code   RO         7667    i.BSP_IOInit        bsp_io.o
    0x08002238   0x00000038   Code   RO         7668    i.BSP_IOOpen        bsp_io.o
    0x08002270   0x00000054   Code   RO         6538    i.BSP_LEDInit       bsp_led.o
    0x080022c4   0x000000b0   Code   RO         6539    i.BSP_LEDWrite      bsp_led.o
    0x08002374   0x000000f4   Code   RO         7497    i.BSP_MPLSScan      bsp_mpulse.o
    0x08002468   0x00000068   Code   RO         7421    i.BSP_RTCGetTime    bsp_rtc.o
    0x080024d0   0x00000050   Code   RO         7422    i.BSP_RTCSetTime    bsp_rtc.o
    0x08002520   0x00000330   Code   RO         6874    i.BSP_UARTConfigInit  bsp_uart.o
    0x08002850   0x00000330   Code   RO         6875    i.BSP_UARTConfigTimeInit  bsp_uart.o
    0x08002b80   0x00000068   Code   RO         6878    i.BSP_UARTInit      bsp_uart.o
    0x08002be8   0x00000140   Code   RO         6880    i.BSP_UARTTxDMAConfigInit  bsp_uart.o
    0x08002d28   0x00000158   Code   RO         6881    i.BSP_UARTWrite     bsp_uart.o
    0x08002e80   0x00000004   Code   RO         4969    i.BusFault_Handler  stm32f4xx_it.o
    0x08002e84   0x00000014   Code   RO         5444    i.ByteBcdToHex      dealwithchar.o
    0x08002e98   0x0000002a   Code   RO         5445    i.ByteHexToBcd      dealwithchar.o
    0x08002ec2   0x00000020   Code   RO         4970    i.CAN1_RX0_IRQHandler  stm32f4xx_it.o
    0x08002ee2   0x00000020   Code   RO         4971    i.CAN1_TX_IRQHandler  stm32f4xx_it.o
    0x08002f02   0x00000020   Code   RO         4972    i.CAN2_RX0_IRQHandler  stm32f4xx_it.o
    0x08002f22   0x00000020   Code   RO         4973    i.CAN2_TX_IRQHandler  stm32f4xx_it.o
    0x08002f42   0x00000002   PAD
    0x08002f44   0x000000a8   Code   RO          458    i.CAN_ClearITPendingBit  stm32f4xx_can.o
    0x08002fec   0x00000118   Code   RO         7307    i.CAN_Configuration  bsp_can.o
    0x08003104   0x00000038   Code   RO          460    i.CAN_DeInit        stm32f4xx_can.o
    0x0800313c   0x00000108   Code   RO          462    i.CAN_FilterInit    stm32f4xx_can.o
    0x08003244   0x00000120   Code   RO          464    i.CAN_GetITStatus   stm32f4xx_can.o
    0x08003364   0x00000012   Code   RO          468    i.CAN_ITConfig      stm32f4xx_can.o
    0x08003376   0x00000114   Code   RO          469    i.CAN_Init          stm32f4xx_can.o
    0x0800348a   0x000000f0   Code   RO          472    i.CAN_Receive       stm32f4xx_can.o
    0x0800357a   0x00000126   Code   RO          477    i.CAN_Transmit      stm32f4xx_can.o
    0x080036a0   0x00000020   Code   RO        12285    i.CCU_ReFrame_StateSet  connectccu_main.o
    0x080036c0   0x0000001e   Code   RO        11688    i.CalcBCC           card_cpu.o
    0x080036de   0x00000002   PAD
    0x080036e0   0x00000134   Code   RO        11496    i.CalculationBill   rs485meter.o
    0x08003814   0x000000c0   Code   RO        11497    i.CalculationRate   rs485meter.o
    0x080038d4   0x000000d0   Code   RO        11689    i.CardAnalysis      card_cpu.o
    0x080039a4   0x00000038   Code   RO        11690    i.CardNum_Judge     card_cpu.o
    0x080039dc   0x00000050   Code   RO        11691    i.CardUart_MsgFree  card_cpu.o
    0x08003a2c   0x00000080   Code   RO        12579    i.Card_FrameRx_Timeout  waittimeout.o
    0x08003aac   0x000000a0   Code   RO        11692    i.Card_HardwareInit  card_cpu.o
    0x08003b4c   0x00000070   Code   RO        11693    i.Card_Init         card_cpu.o
    0x08003bbc   0x00000068   Code   RO        11449    i.Change2Unixstamp  rtc_task.o
    0x08003c24   0x000001a0   Code   RO        10804    i.ChargeRecode_Dispose  displaymain.o
    0x08003dc4   0x0000027c   Code   RO        12286    i.ChargeStart_ControlGunA  connectccu_main.o
    0x08004040   0x0000027c   Code   RO        12287    i.ChargeStart_ControlGunB  connectccu_main.o
    0x080042bc   0x00000268   Code   RO        12288    i.ChargeStop_ControlGunA  connectccu_main.o
    0x08004524   0x00000268   Code   RO        12289    i.ChargeStop_ControlGunB  connectccu_main.o
    0x0800478c   0x00000218   Code   RO        11694    i.Charge_Query_Card  card_cpu.o
    0x080049a4   0x000002cc   Code   RO        11695    i.Charge_StartCard  card_cpu.o
    0x08004c70   0x00000214   Code   RO        11696    i.Charge_StopCard   card_cpu.o
    0x08004e84   0x00000034   Code   RO        11498    i.ChargingAnalyse   rs485meter.o
    0x08004eb8   0x00000078   Code   RO        11499    i.ChargingInit      rs485meter.o
    0x08004f30   0x00000012   Code   RO          480    i.CheckITStatus     stm32f4xx_can.o
    0x08004f42   0x00000032   Code   RO        11500    i.CompareAddr       rs485meter.o
    0x08004f74   0x000000b4   Code   RO        13509    i.Connect_4G        4gmain.o
    0x08005028   0x0000004c   Code   RO        10805    i.CountDownDispose  displaymain.o
    0x08005074   0x0000009e   Code   RO        10806    i.CountPeriodSumTime  displaymain.o
    0x08005112   0x00000008   Code   RO         6611    i.DMA2_Stream3_IRQHandler  bsp_sdio_sd.o
    0x0800511a   0x00000002   PAD
    0x0800511c   0x00000034   Code   RO         1214    i.DMA_ClearFlag     stm32f4xx_dma.o
    0x08005150   0x00000158   Code   RO         1217    i.DMA_DeInit        stm32f4xx_dma.o
    0x080052a8   0x00000014   Code   RO         1221    i.DMA_GetCmdStatus  stm32f4xx_dma.o
    0x080052bc   0x00000058   Code   RO         1228    i.DMA_Init          stm32f4xx_dma.o
    0x08005314   0x00000018   Code   RO         9712    i.DealWithKey       dispkey.o
    0x0800532c   0x00000050   Code   RO        10807    i.DealWithVari      displaymain.o
    0x0800537c   0x00000002   Code   RO         4975    i.DebugMon_Handler  stm32f4xx_it.o
    0x0800537e   0x00000002   PAD
    0x08005380   0x000000a0   Code   RO         6575    i.Debug_USART_Config  bsp_debug_usart.o
    0x08005420   0x00000020   Code   RO         8227    i.DelayInit         delay.o
    0x08005440   0x00000060   Code   RO        11373    i.Dis_ShowCopy      dispshowstatus.o
    0x080054a0   0x00000070   Code   RO        11374    i.Dis_ShowDivStatus  dispshowstatus.o
    0x08005510   0x00000070   Code   RO        11375    i.Dis_ShowErr       dispshowstatus.o
    0x08005580   0x00000070   Code   RO        11378    i.Dis_ShowStatus    dispshowstatus.o
    0x080055f0   0x0000008c   Code   RO        11380    i.Dis_ShowTime      dispshowstatus.o
    0x0800567c   0x00000044   Code   RO        11697    i.DispMsg_Send      card_cpu.o
    0x080056c0   0x000000d4   Code   RO        10808    i.DispPeriod        displaymain.o
    0x08005794   0x000000f0   Code   RO        10809    i.DispShow_CSQState  displaymain.o
    0x08005884   0x000001d8   Code   RO        10810    i.DispShow_CardDate  displaymain.o
    0x08005a5c   0x0000021c   Code   RO        10811    i.DispShow_ChargeingDate  displaymain.o
    0x08005c78   0x00000408   Code   RO        10812    i.DispShow_EndChargeDate  displaymain.o
    0x08006080   0x00000064   Code   RO        10813    i.DispShow_NetState  displaymain.o
    0x080060e4   0x00000298   Code   RO        10814    i.DispShow_Recode   displaymain.o
    0x0800637c   0x00000308   Code   RO        10815    i.DispShow_State    displaymain.o
    0x08006684   0x000000f8   Code   RO        10816    i.DispShow_StatusDivInfo  displaymain.o
    0x0800677c   0x00000114   Code   RO        10817    i.Disp_NetPageDispos  displaymain.o
    0x08006890   0x0000001c   Code   RO        10818    i.Disp_ShowRTC      displaymain.o
    0x080068ac   0x00000050   Code   RO        10219    i.DisplayCommonMenu  dispkeyfunction.o
    0x080068fc   0x0000004c   Code   RO        10819    i.DisplayGunQRCode  displaymain.o
    0x08006948   0x0000004a   Code   RO         9504    i.DisplayQRCode     dwinprotocol.o
    0x08006992   0x00000002   PAD
    0x08006994   0x000000a0   Code   RO        10820    i.Display_HardwareInit  displaymain.o
    0x08006a34   0x000003f0   Code   RO        10821    i.Display_ParaInit  displaymain.o
    0x08006e24   0x00000168   Code   RO        10822    i.Display_PricSet   displaymain.o
    0x08006f8c   0x00000038   Code   RO        12290    i.Display_RevCaseDealGunA  connectccu_main.o
    0x08006fc4   0x00000038   Code   RO        12291    i.Display_RevCaseDealGunB  connectccu_main.o
    0x08006ffc   0x000000e4   Code   RO        10823    i.Display_ShowSet1  displaymain.o
    0x080070e0   0x0000003c   Code   RO        10824    i.Display_ShowSet2  displaymain.o
    0x0800711c   0x0000012c   Code   RO        11698    i.Dispose_LocalUnLock  card_cpu.o
    0x08007248   0x00000080   Code   RO        10825    i.Dispose_SOCThreshold  displaymain.o
    0x080072c8   0x0000007c   Code   RO        10826    i.Dispose_SendStartCharge  displaymain.o
    0x08007344   0x0000000c   Code   RO         9505    i.Dwin_FrameHead    dwinprotocol.o
    0x08007350   0x00000002   Code   RO         4976    i.ETH_IRQHandler    stm32f4xx_it.o
    0x08007352   0x00000002   PAD
    0x08007354   0x0000000c   Code   RO         1482    i.EXTI_ClearITPendingBit  stm32f4xx_exti.o
    0x08007360   0x00000174   Code   RO        12292    i.ElecLocked_ControlGunA  connectccu_main.o
    0x080074d4   0x00000174   Code   RO        12293    i.ElecLocked_ControlGunB  connectccu_main.o
    0x08007648   0x00000148   Code   RO        12294    i.ElecUnLocked_ControlGunA  connectccu_main.o
    0x08007790   0x00000148   Code   RO        12295    i.ElecUnLocked_ControlGunB  connectccu_main.o
    0x080078d8   0x0000004a   Code   RO         5452    i.FourByteBcdToHex  dealwithchar.o
    0x08007922   0x00000002   PAD
    0x08007924   0x00000058   Code   RO        12151    i.GDW_ErrFrame      connectccu_frame.o
    0x0800797c   0x000000c0   Code   RO        12152    i.GDW_HeartFrame    connectccu_frame.o
    0x08007a3c   0x00000090   Code   RO        12153    i.GDW_JustFrame     connectccu_frame.o
    0x08007acc   0x0000006c   Code   RO        12154    i.GDW_PowerConfigFrame  connectccu_frame.o
    0x08007b38   0x00000060   Code   RO        12155    i.GDW_ReStartOverFrame  connectccu_frame.o
    0x08007b98   0x00000060   Code   RO        12156    i.GDW_ReStopOverFrame  connectccu_frame.o
    0x08007bf8   0x0000006c   Code   RO        12157    i.GDW_SDDZLockFrame  connectccu_frame.o
    0x08007c64   0x0000008c   Code   RO        12158    i.GDW_SDHandStartFrame  connectccu_frame.o
    0x08007cf0   0x00000080   Code   RO        12160    i.GDW_SDSYSConfig1Frame  connectccu_frame.o
    0x08007d70   0x00000074   Code   RO        12161    i.GDW_SDSYSConfig2Frame  connectccu_frame.o
    0x08007de4   0x00000070   Code   RO        12162    i.GDW_SDSYSConfig3Frame  connectccu_frame.o
    0x08007e54   0x0000005c   Code   RO        12163    i.GDW_SDServiceFrame  connectccu_frame.o
    0x08007eb0   0x000000a4   Code   RO        12164    i.GDW_SDTimeSetFrame  connectccu_frame.o
    0x08007f54   0x00000064   Code   RO        12165    i.GDW_SDVersionFrame  connectccu_frame.o
    0x08007fb8   0x00000098   Code   RO        12166    i.GDW_StartFrame    connectccu_frame.o
    0x08008050   0x0000005c   Code   RO        12167    i.GDW_StopFrame     connectccu_frame.o
    0x080080ac   0x00000090   Code   RO         1860    i.GPIO_Init         stm32f4xx_gpio.o
    0x0800813c   0x00000046   Code   RO         1861    i.GPIO_PinAFConfig  stm32f4xx_gpio.o
    0x08008182   0x00000012   Code   RO         1864    i.GPIO_ReadInputDataBit  stm32f4xx_gpio.o
    0x08008194   0x00000004   Code   RO         1867    i.GPIO_ResetBits    stm32f4xx_gpio.o
    0x08008198   0x00000004   Code   RO         1868    i.GPIO_SetBits      stm32f4xx_gpio.o
    0x0800819c   0x0000000a   Code   RO         1872    i.GPIO_WriteBit     stm32f4xx_gpio.o
    0x080081a6   0x00000002   PAD
    0x080081a8   0x000000a8   Code   RO        13823    i.GPRSRecv_HardwareInit  4grecv.o
    0x08008250   0x00000008   Code   RO        11699    i.GetCardInfo       card_cpu.o
    0x08008258   0x0000000c   Code   RO        11700    i.GetCardInfoStatus  card_cpu.o
    0x08008264   0x0000000c   Code   RO        11701    i.GetCardWorkStatus  card_cpu.o
    0x08008270   0x00000018   Code   RO        11639    i.GetChargingInfo   charging_interface.o
    0x08008288   0x0000000c   Code   RO        11640    i.GetChargingStatus  charging_interface.o
    0x08008294   0x00000030   Code   RO         6882    i.GetComPort        bsp_uart.o
    0x080082c4   0x00000020   Code   RO         6883    i.GetCommHandle     bsp_uart.o
    0x080082e4   0x0000000c   Code   RO        10220    i.GetCurMenu        dispkeyfunction.o
    0x080082f0   0x0000000c   Code   RO        11501    i.GetCurRate        rs485meter.o
    0x080082fc   0x00000020   Code   RO        11450    i.GetCurTime        rtc_task.o
    0x0800831c   0x0000000c   Code   RO        11451    i.GetCurUnixTimestamp  rtc_task.o
    0x08008328   0x00000040   Code   RO         7308    i.GetFormation      bsp_can.o
    0x08008368   0x00000014   Code   RO        11702    i.GetGunCardInfo    card_cpu.o
    0x0800837c   0x00000018   Code   RO        11641    i.GetMeterStatus    charging_interface.o
    0x08008394   0x00000018   Code   RO        11502    i.GetPowerChangeFlag  rs485meter.o
    0x080083ac   0x00000024   Code   RO         9506    i.HEXtoBCD          dwinprotocol.o
    0x080083d0   0x0000010e   Code   RO        13904    i.HFQGFreamSend     hfqgframe.o
    0x080084de   0x00000002   PAD
    0x080084e0   0x00000024   Code   RO        13905    i.HFQG_RecvBillAck  hfqgframe.o
    0x08008504   0x00000008   Code   RO        13906    i.HFQG_RecvChargeInfoAck  hfqgframe.o
    0x0800850c   0x00000008   Code   RO        13907    i.HFQG_RecvChargeInfoQuery  hfqgframe.o
    0x08008514   0x00000008   Code   RO        13908    i.HFQG_RecvDevStateAck  hfqgframe.o
    0x0800851c   0x00000008   Code   RO        13909    i.HFQG_RecvDevStateQuery  hfqgframe.o
    0x08008524   0x00000094   Code   RO        13910    i.HFQG_RecvFrameDispose  hfqgframe.o
    0x080085b8   0x00000006   Code   RO        13911    i.HFQG_RecvHearAck  hfqgframe.o
    0x080085be   0x0000001e   Code   RO        13912    i.HFQG_RecvRegisterAck  hfqgframe.o
    0x080085dc   0x00000338   Code   RO        13913    i.HFQG_RecvStartCharge  hfqgframe.o
    0x08008914   0x00000080   Code   RO        13914    i.HFQG_RecvStopCharge  hfqgframe.o
    0x08008994   0x00000028   Code   RO        13915    i.HFQG_RecvStopChargeAck  hfqgframe.o
    0x080089bc   0x000002d0   Code   RO        13916    i.HFQG_SendBill     hfqgframe.o
    0x08008c8c   0x000002ec   Code   RO        13917    i.HFQG_SendChargeGunA  hfqgframe.o
    0x08008f78   0x00000300   Code   RO        13918    i.HFQG_SendChargeGunB  hfqgframe.o
    0x08009278   0x00000134   Code   RO        13919    i.HFQG_SendDevState  hfqgframe.o
    0x080093ac   0x00000044   Code   RO        13920    i.HFQG_SendDevStop  hfqgframe.o
    0x080093f0   0x000000b8   Code   RO        13921    i.HFQG_SendFrameDispose  hfqgframe.o
    0x080094a8   0x0000001e   Code   RO        13922    i.HFQG_SendHear     hfqgframe.o
    0x080094c6   0x00000002   PAD
    0x080094c8   0x00000034   Code   RO        13923    i.HFQG_SendRegister  hfqgframe.o
    0x080094fc   0x0000007c   Code   RO        13924    i.HFQG_SendStartAck  hfqgframe.o
    0x08009578   0x00000050   Code   RO        13925    i.HFQG_SendStocpAck  hfqgframe.o
    0x080095c8   0x00000002   Code   RO        10221    i.HYDisplayMenu0    dispkeyfunction.o
    0x080095ca   0x00000002   Code   RO        10222    i.HYDisplayMenu1    dispkeyfunction.o
    0x080095cc   0x00000002   Code   RO        10223    i.HYDisplayMenu10   dispkeyfunction.o
    0x080095ce   0x00000002   Code   RO        10224    i.HYDisplayMenu11   dispkeyfunction.o
    0x080095d0   0x00000002   Code   RO        10225    i.HYDisplayMenu12   dispkeyfunction.o
    0x080095d2   0x00000002   Code   RO        10226    i.HYDisplayMenu13   dispkeyfunction.o
    0x080095d4   0x00000002   Code   RO        10227    i.HYDisplayMenu14   dispkeyfunction.o
    0x080095d6   0x00000002   Code   RO        10228    i.HYDisplayMenu15   dispkeyfunction.o
    0x080095d8   0x00000002   Code   RO        10229    i.HYDisplayMenu16   dispkeyfunction.o
    0x080095da   0x00000002   Code   RO        10230    i.HYDisplayMenu17   dispkeyfunction.o
    0x080095dc   0x00000002   Code   RO        10231    i.HYDisplayMenu18   dispkeyfunction.o
    0x080095de   0x00000002   Code   RO        10232    i.HYDisplayMenu19   dispkeyfunction.o
    0x080095e0   0x00000002   Code   RO        10233    i.HYDisplayMenu2    dispkeyfunction.o
    0x080095e2   0x00000002   Code   RO        10234    i.HYDisplayMenu20   dispkeyfunction.o
    0x080095e4   0x00000002   Code   RO        10235    i.HYDisplayMenu21   dispkeyfunction.o
    0x080095e6   0x00000002   PAD
    0x080095e8   0x00000088   Code   RO        10236    i.HYDisplayMenu22   dispkeyfunction.o
    0x08009670   0x00000002   Code   RO        10237    i.HYDisplayMenu23   dispkeyfunction.o
    0x08009672   0x00000002   Code   RO        10238    i.HYDisplayMenu24   dispkeyfunction.o
    0x08009674   0x00000002   Code   RO        10239    i.HYDisplayMenu25   dispkeyfunction.o
    0x08009676   0x00000002   Code   RO        10240    i.HYDisplayMenu26   dispkeyfunction.o
    0x08009678   0x00000002   Code   RO        10241    i.HYDisplayMenu27   dispkeyfunction.o
    0x0800967a   0x00000002   Code   RO        10242    i.HYDisplayMenu28   dispkeyfunction.o
    0x0800967c   0x00000002   Code   RO        10243    i.HYDisplayMenu29   dispkeyfunction.o
    0x0800967e   0x00000002   Code   RO        10244    i.HYDisplayMenu3    dispkeyfunction.o
    0x08009680   0x00000002   Code   RO        10245    i.HYDisplayMenu30   dispkeyfunction.o
    0x08009682   0x00000002   Code   RO        10246    i.HYDisplayMenu31   dispkeyfunction.o
    0x08009684   0x00000074   Code   RO        10247    i.HYDisplayMenu32   dispkeyfunction.o
    0x080096f8   0x0000007c   Code   RO        10248    i.HYDisplayMenu33   dispkeyfunction.o
    0x08009774   0x00000002   Code   RO        10249    i.HYDisplayMenu34   dispkeyfunction.o
    0x08009776   0x00000002   Code   RO        10250    i.HYDisplayMenu35   dispkeyfunction.o
    0x08009778   0x0000003c   Code   RO        10251    i.HYDisplayMenu36   dispkeyfunction.o
    0x080097b4   0x0000003c   Code   RO        10252    i.HYDisplayMenu37   dispkeyfunction.o
    0x080097f0   0x00000024   Code   RO        10253    i.HYDisplayMenu38   dispkeyfunction.o
    0x08009814   0x00000024   Code   RO        10254    i.HYDisplayMenu39   dispkeyfunction.o
    0x08009838   0x00000002   Code   RO        10255    i.HYDisplayMenu4    dispkeyfunction.o
    0x0800983a   0x00000002   Code   RO        10256    i.HYDisplayMenu40   dispkeyfunction.o
    0x0800983c   0x00000002   Code   RO        10257    i.HYDisplayMenu41   dispkeyfunction.o
    0x0800983e   0x00000008   Code   RO        10258    i.HYDisplayMenu42   dispkeyfunction.o
    0x08009846   0x00000008   Code   RO        10259    i.HYDisplayMenu43   dispkeyfunction.o
    0x0800984e   0x00000008   Code   RO        10260    i.HYDisplayMenu44   dispkeyfunction.o
    0x08009856   0x00000002   Code   RO        10261    i.HYDisplayMenu45   dispkeyfunction.o
    0x08009858   0x00000002   Code   RO        10262    i.HYDisplayMenu46   dispkeyfunction.o
    0x0800985a   0x00000002   Code   RO        10263    i.HYDisplayMenu47   dispkeyfunction.o
    0x0800985c   0x00000002   Code   RO        10264    i.HYDisplayMenu48   dispkeyfunction.o
    0x0800985e   0x00000002   Code   RO        10265    i.HYDisplayMenu49   dispkeyfunction.o
    0x08009860   0x00000002   Code   RO        10266    i.HYDisplayMenu5    dispkeyfunction.o
    0x08009862   0x00000002   PAD
    0x08009864   0x0000004c   Code   RO        10267    i.HYDisplayMenu50   dispkeyfunction.o
    0x080098b0   0x0000004c   Code   RO        10268    i.HYDisplayMenu51   dispkeyfunction.o
    0x080098fc   0x00000008   Code   RO        10269    i.HYDisplayMenu52   dispkeyfunction.o
    0x08009904   0x00000008   Code   RO        10270    i.HYDisplayMenu53   dispkeyfunction.o
    0x0800990c   0x00000002   Code   RO        10271    i.HYDisplayMenu54   dispkeyfunction.o
    0x0800990e   0x00000002   Code   RO        10272    i.HYDisplayMenu55   dispkeyfunction.o
    0x08009910   0x00000002   Code   RO        10273    i.HYDisplayMenu56   dispkeyfunction.o
    0x08009912   0x00000002   Code   RO        10274    i.HYDisplayMenu57   dispkeyfunction.o
    0x08009914   0x00000002   Code   RO        10275    i.HYDisplayMenu58   dispkeyfunction.o
    0x08009916   0x00000002   Code   RO        10276    i.HYDisplayMenu59   dispkeyfunction.o
    0x08009918   0x00000002   Code   RO        10277    i.HYDisplayMenu6    dispkeyfunction.o
    0x0800991a   0x00000002   Code   RO        10278    i.HYDisplayMenu60   dispkeyfunction.o
    0x0800991c   0x00000002   Code   RO        10279    i.HYDisplayMenu61   dispkeyfunction.o
    0x0800991e   0x00000002   Code   RO        10280    i.HYDisplayMenu62   dispkeyfunction.o
    0x08009920   0x00000002   Code   RO        10281    i.HYDisplayMenu63   dispkeyfunction.o
    0x08009922   0x00000002   Code   RO        10282    i.HYDisplayMenu64   dispkeyfunction.o
    0x08009924   0x00000002   Code   RO        10283    i.HYDisplayMenu65   dispkeyfunction.o
    0x08009926   0x00000002   Code   RO        10285    i.HYDisplayMenu7    dispkeyfunction.o
    0x08009928   0x00000002   Code   RO        10286    i.HYDisplayMenu73   dispkeyfunction.o
    0x0800992a   0x00000002   Code   RO        10287    i.HYDisplayMenu74   dispkeyfunction.o
    0x0800992c   0x00000002   Code   RO        10288    i.HYDisplayMenu75   dispkeyfunction.o
    0x0800992e   0x00000002   Code   RO        10289    i.HYDisplayMenu76   dispkeyfunction.o
    0x08009930   0x00000002   Code   RO        10290    i.HYDisplayMenu77   dispkeyfunction.o
    0x08009932   0x00000002   Code   RO        10291    i.HYDisplayMenu78   dispkeyfunction.o
    0x08009934   0x00000002   Code   RO        10292    i.HYDisplayMenu79   dispkeyfunction.o
    0x08009936   0x00000002   Code   RO        10293    i.HYDisplayMenu8    dispkeyfunction.o
    0x08009938   0x00000002   Code   RO        10294    i.HYDisplayMenu80   dispkeyfunction.o
    0x0800993a   0x00000002   Code   RO        10295    i.HYDisplayMenu81   dispkeyfunction.o
    0x0800993c   0x00000002   Code   RO        10296    i.HYDisplayMenu9    dispkeyfunction.o
    0x0800993e   0x00000002   Code   RO         9713    i.HYKeyEvent0       dispkey.o
    0x08009940   0x00000002   Code   RO         9714    i.HYKeyEvent1       dispkey.o
    0x08009942   0x00000002   PAD
    0x08009944   0x00000020   Code   RO         9715    i.HYKeyEvent10      dispkey.o
    0x08009964   0x00000020   Code   RO         9716    i.HYKeyEvent11      dispkey.o
    0x08009984   0x00000020   Code   RO         9717    i.HYKeyEvent12      dispkey.o
    0x080099a4   0x00000020   Code   RO         9718    i.HYKeyEvent13      dispkey.o
    0x080099c4   0x00000020   Code   RO         9719    i.HYKeyEvent14      dispkey.o
    0x080099e4   0x00000020   Code   RO         9720    i.HYKeyEvent15      dispkey.o
    0x08009a04   0x00000038   Code   RO         9721    i.HYKeyEvent16      dispkey.o
    0x08009a3c   0x00000020   Code   RO         9722    i.HYKeyEvent17      dispkey.o
    0x08009a5c   0x00000020   Code   RO         9723    i.HYKeyEvent18      dispkey.o
    0x08009a7c   0x00000020   Code   RO         9724    i.HYKeyEvent19      dispkey.o
    0x08009a9c   0x00000002   Code   RO         9725    i.HYKeyEvent2       dispkey.o
    0x08009a9e   0x00000002   PAD
    0x08009aa0   0x00000020   Code   RO         9726    i.HYKeyEvent20      dispkey.o
    0x08009ac0   0x00000048   Code   RO         9727    i.HYKeyEvent21      dispkey.o
    0x08009b08   0x00000034   Code   RO         9728    i.HYKeyEvent22      dispkey.o
    0x08009b3c   0x00000040   Code   RO         9729    i.HYKeyEvent23      dispkey.o
    0x08009b7c   0x00000020   Code   RO         9730    i.HYKeyEvent24      dispkey.o
    0x08009b9c   0x00000034   Code   RO         9731    i.HYKeyEvent25      dispkey.o
    0x08009bd0   0x00000034   Code   RO         9732    i.HYKeyEvent26      dispkey.o
    0x08009c04   0x00000034   Code   RO         9733    i.HYKeyEvent27      dispkey.o
    0x08009c38   0x00000034   Code   RO         9734    i.HYKeyEvent28      dispkey.o
    0x08009c6c   0x00000034   Code   RO         9735    i.HYKeyEvent29      dispkey.o
    0x08009ca0   0x00000224   Code   RO         9736    i.HYKeyEvent3       dispkey.o
    0x08009ec4   0x00000002   Code   RO         9737    i.HYKeyEvent30      dispkey.o
    0x08009ec6   0x00000002   Code   RO         9738    i.HYKeyEvent31      dispkey.o
    0x08009ec8   0x0000005c   Code   RO         9739    i.HYKeyEvent32      dispkey.o
    0x08009f24   0x00000050   Code   RO         9740    i.HYKeyEvent33      dispkey.o
    0x08009f74   0x00000020   Code   RO         9741    i.HYKeyEvent34      dispkey.o
    0x08009f94   0x00000002   Code   RO         9742    i.HYKeyEvent35      dispkey.o
    0x08009f96   0x00000002   PAD
    0x08009f98   0x0000003c   Code   RO         9743    i.HYKeyEvent36      dispkey.o
    0x08009fd4   0x0000003c   Code   RO         9744    i.HYKeyEvent37      dispkey.o
    0x0800a010   0x0000003c   Code   RO         9745    i.HYKeyEvent38      dispkey.o
    0x0800a04c   0x0000003c   Code   RO         9746    i.HYKeyEvent39      dispkey.o
    0x0800a088   0x00000020   Code   RO         9747    i.HYKeyEvent4       dispkey.o
    0x0800a0a8   0x0000003c   Code   RO         9748    i.HYKeyEvent40      dispkey.o
    0x0800a0e4   0x0000003c   Code   RO         9749    i.HYKeyEvent41      dispkey.o
    0x0800a120   0x00000048   Code   RO         9750    i.HYKeyEvent42      dispkey.o
    0x0800a168   0x00000048   Code   RO         9751    i.HYKeyEvent43      dispkey.o
    0x0800a1b0   0x00000034   Code   RO         9752    i.HYKeyEvent44      dispkey.o
    0x0800a1e4   0x00000034   Code   RO         9753    i.HYKeyEvent45      dispkey.o
    0x0800a218   0x00000074   Code   RO         9754    i.HYKeyEvent46      dispkey.o
    0x0800a28c   0x00000088   Code   RO         9755    i.HYKeyEvent47      dispkey.o
    0x0800a314   0x00000044   Code   RO         9756    i.HYKeyEvent48      dispkey.o
    0x0800a358   0x00000058   Code   RO         9757    i.HYKeyEvent49      dispkey.o
    0x0800a3b0   0x00000020   Code   RO         9758    i.HYKeyEvent5       dispkey.o
    0x0800a3d0   0x0000003c   Code   RO         9759    i.HYKeyEvent50      dispkey.o
    0x0800a40c   0x0000003c   Code   RO         9760    i.HYKeyEvent51      dispkey.o
    0x0800a448   0x00000044   Code   RO         9761    i.HYKeyEvent52      dispkey.o
    0x0800a48c   0x0000009c   Code   RO         9762    i.HYKeyEvent53      dispkey.o
    0x0800a528   0x00000044   Code   RO         9763    i.HYKeyEvent54      dispkey.o
    0x0800a56c   0x00000050   Code   RO         9764    i.HYKeyEvent55      dispkey.o
    0x0800a5bc   0x00000060   Code   RO         9765    i.HYKeyEvent56      dispkey.o
    0x0800a61c   0x00000080   Code   RO         9766    i.HYKeyEvent57      dispkey.o
    0x0800a69c   0x00000080   Code   RO         9767    i.HYKeyEvent58      dispkey.o
    0x0800a71c   0x00000080   Code   RO         9768    i.HYKeyEvent59      dispkey.o
    0x0800a79c   0x00000020   Code   RO         9769    i.HYKeyEvent6       dispkey.o
    0x0800a7bc   0x00000034   Code   RO         9770    i.HYKeyEvent60      dispkey.o
    0x0800a7f0   0x00000002   Code   RO         9771    i.HYKeyEvent61      dispkey.o
    0x0800a7f2   0x00000002   PAD
    0x0800a7f4   0x00000040   Code   RO         9772    i.HYKeyEvent62      dispkey.o
    0x0800a834   0x00000002   Code   RO         9773    i.HYKeyEvent63      dispkey.o
    0x0800a836   0x00000002   Code   RO         9774    i.HYKeyEvent64      dispkey.o
    0x0800a838   0x00000002   Code   RO         9775    i.HYKeyEvent65      dispkey.o
    0x0800a83a   0x00000002   Code   RO         9776    i.HYKeyEvent66      dispkey.o
    0x0800a83c   0x00000038   Code   RO         9777    i.HYKeyEvent7       dispkey.o
    0x0800a874   0x000001c4   Code   RO         9778    i.HYKeyEvent73      dispkey.o
    0x0800aa38   0x000001dc   Code   RO         9779    i.HYKeyEvent74      dispkey.o
    0x0800ac14   0x000001dc   Code   RO         9780    i.HYKeyEvent75      dispkey.o
    0x0800adf0   0x000001f4   Code   RO         9781    i.HYKeyEvent76      dispkey.o
    0x0800afe4   0x000001f4   Code   RO         9782    i.HYKeyEvent77      dispkey.o
    0x0800b1d8   0x000001f4   Code   RO         9783    i.HYKeyEvent78      dispkey.o
    0x0800b3cc   0x000001f4   Code   RO         9784    i.HYKeyEvent79      dispkey.o
    0x0800b5c0   0x0000004a   Code   RO         9785    i.HYKeyEvent8       dispkey.o
    0x0800b60a   0x00000002   PAD
    0x0800b60c   0x000001f4   Code   RO         9786    i.HYKeyEvent80      dispkey.o
    0x0800b800   0x000001f4   Code   RO         9787    i.HYKeyEvent81      dispkey.o
    0x0800b9f4   0x0000003a   Code   RO         9788    i.HYKeyEvent9       dispkey.o
    0x0800ba2e   0x00000004   Code   RO         4978    i.HardFault_Handler  stm32f4xx_it.o
    0x0800ba32   0x00000022   Code   RO        12297    i.Head_Recved       connectccu_main.o
    0x0800ba54   0x0000003c   Code   RO        12298    i.InitConnectCCUCAN  connectccu_main.o
    0x0800ba90   0x00000018   Code   RO         6884    i.IsEmpty           bsp_uart.o
    0x0800baa8   0x00000026   Code   RO         6885    i.IsFull            bsp_uart.o
    0x0800bace   0x00000032   Code   RO         9507    i.KeyControl        dwinprotocol.o
    0x0800bb00   0x00000018   Code   RO         9509    i.LCD_SendBufLenClear  dwinprotocol.o
    0x0800bb18   0x00000038   Code   RO         9510    i.LCD_SendByteToBuf  dwinprotocol.o
    0x0800bb50   0x00000018   Code   RO         9511    i.LCD_SendFourBytes  dwinprotocol.o
    0x0800bb68   0x00000078   Code   RO         9512    i.LCD_SendToUart    dwinprotocol.o
    0x0800bbe0   0x00000012   Code   RO         9513    i.LCD_SendTwoBytes  dwinprotocol.o
    0x0800bbf2   0x00000004   Code   RO         4980    i.MemManage_Handler  stm32f4xx_it.o
    0x0800bbf6   0x00000002   PAD
    0x0800bbf8   0x000000b0   Code   RO        11503    i.MeterDataAnalyse  rs485meter.o
    0x0800bca8   0x00000100   Code   RO        13571    i.ModuleSIM7600_ConnectServer  modulesim7600.o
    0x0800bda8   0x000000a0   Code   RO        13573    i.ModuleSIM7600_SendData  modulesim7600.o
    0x0800be48   0x000000a4   Code   RO        13574    i.Module_ConnectServer  modulesim7600.o
    0x0800beec   0x000001f0   Code   RO        13575    i.Module_SIM7600Test  modulesim7600.o
    0x0800c0dc   0x00000088   Code   RO        11703    i.Money_Cal         card_cpu.o
    0x0800c164   0x00000134   Code   RO        10827    i.Munu3_16_CodeDispose  displaymain.o
    0x0800c298   0x00000084   Code   RO        10828    i.Munu3_CodeDispose  displaymain.o
    0x0800c31c   0x000001cc   Code   RO        10829    i.Munu48_PrcDispose  displaymain.o
    0x0800c4e8   0x00000068   Code   RO        10830    i.Munu50_HANDADispose  displaymain.o
    0x0800c550   0x00000064   Code   RO        10831    i.Munu51_HANDBDispose  displaymain.o
    0x0800c5b4   0x000000a8   Code   RO        10832    i.Munu52_DevnumDispose  displaymain.o
    0x0800c65c   0x000000b8   Code   RO        10833    i.Munu52_MacMaxVolDispose  displaymain.o
    0x0800c714   0x000000c4   Code   RO        10834    i.Munu52_MacMinVolDispose  displaymain.o
    0x0800c7d8   0x000000a4   Code   RO        10835    i.Munu52_MaxOutCurDispose  displaymain.o
    0x0800c87c   0x00000098   Code   RO        10836    i.Munu52_ModuleNumDispose  displaymain.o
    0x0800c914   0x000000a4   Code   RO        10837    i.Munu52_OutDcCurDispose  displaymain.o
    0x0800c9b8   0x000000a4   Code   RO        10838    i.Munu52_OutDcVolDispose  displaymain.o
    0x0800ca5c   0x000000a8   Code   RO        10839    i.Munu52_ProNumDispose  displaymain.o
    0x0800cb04   0x0000007c   Code   RO        10840    i.Munu52_SOCDispose  displaymain.o
    0x0800cb80   0x00000090   Code   RO        10841    i.Munu52_UseGunDispose  displaymain.o
    0x0800cc10   0x000000a8   Code   RO        10842    i.Munu53_MeterAddADispose  displaymain.o
    0x0800ccb8   0x000000a8   Code   RO        10843    i.Munu53_MeterAddBDispose  displaymain.o
    0x0800cd60   0x000000ac   Code   RO        10844    i.Munu53_acinputdownvalueDispose  displaymain.o
    0x0800ce0c   0x000000ac   Code   RO        10845    i.Munu53_acinputupvalueDispose  displaymain.o
    0x0800ceb8   0x0000007e   Code   RO        10846    i.Munu54_SetTimeDispose  displaymain.o
    0x0800cf36   0x00000002   PAD
    0x0800cf38   0x00000034   Code   RO        10847    i.Munu57_Just1Dispose  displaymain.o
    0x0800cf6c   0x00000034   Code   RO        10848    i.Munu57_Just2Dispose  displaymain.o
    0x0800cfa0   0x00000034   Code   RO        10849    i.Munu58_Just1Dispose  displaymain.o
    0x0800cfd4   0x00000034   Code   RO        10850    i.Munu58_Just2Dispose  displaymain.o
    0x0800d008   0x00000034   Code   RO        10851    i.Munu59_Just1Dispose  displaymain.o
    0x0800d03c   0x00000034   Code   RO        10852    i.Munu59_Just2Dispose  displaymain.o
    0x0800d070   0x00000034   Code   RO        10853    i.Munu60_Just1Dispose  displaymain.o
    0x0800d0a4   0x00000034   Code   RO        10854    i.Munu60_Just2Dispose  displaymain.o
    0x0800d0d8   0x00000002   Code   RO         4981    i.NMI_Handler       stm32f4xx_it.o
    0x0800d0da   0x00000120   Code   RO         5370    i.NVIC_Configuration  sysconfig.o
    0x0800d1fa   0x00000002   PAD
    0x0800d1fc   0x00000078   Code   RO          158    i.NVIC_Init         misc.o
    0x0800d274   0x00000014   Code   RO          159    i.NVIC_PriorityGroupConfig  misc.o
    0x0800d288   0x00000014   Code   RO          160    i.NVIC_SetVectorTable  misc.o
    0x0800d29c   0x00000050   Code   RO        10855    i.Net_StartCharge   displaymain.o
    0x0800d2ec   0x00000028   Code   RO        10856    i.Net_StopCharge    displaymain.o
    0x0800d314   0x00000058   Code   RO         5794    i.OSEventNameSet    ucos_ii.o
    0x0800d36c   0x00000034   Code   RO         5804    i.OSInit            ucos_ii.o
    0x0800d3a0   0x00000038   Code   RO         5698    i.OSInitHookBegin   os_cpu_c.o
    0x0800d3d8   0x00000002   Code   RO         5699    i.OSInitHookEnd     os_cpu_c.o
    0x0800d3da   0x00000002   PAD
    0x0800d3dc   0x00000024   Code   RO         5805    i.OSIntEnter        ucos_ii.o
    0x0800d400   0x00000090   Code   RO         5806    i.OSIntExit         ucos_ii.o
    0x0800d490   0x00000050   Code   RO         5812    i.OSMboxPost        ucos_ii.o
    0x0800d4e0   0x0000007c   Code   RO         5815    i.OSMemCreate       ucos_ii.o
    0x0800d55c   0x0000003e   Code   RO         5816    i.OSMemGet          ucos_ii.o
    0x0800d59a   0x00000036   Code   RO         5819    i.OSMemPut          ucos_ii.o
    0x0800d5d0   0x000000a4   Code   RO         5822    i.OSMutexCreate     ucos_ii.o
    0x0800d674   0x00000248   Code   RO         5824    i.OSMutexPend       ucos_ii.o
    0x0800d8bc   0x000000d0   Code   RO         5825    i.OSMutexPost       ucos_ii.o
    0x0800d98c   0x00000084   Code   RO         5827    i.OSMutex_RdyAtPrio  ucos_ii.o
    0x0800da10   0x000000a0   Code   RO         5829    i.OSQCreate         ucos_ii.o
    0x0800dab0   0x00000024   Code   RO         5831    i.OSQFlush          ucos_ii.o
    0x0800dad4   0x0000011c   Code   RO         5832    i.OSQPend           ucos_ii.o
    0x0800dbf0   0x00000072   Code   RO         5834    i.OSQPost           ucos_ii.o
    0x0800dc62   0x00000002   PAD
    0x0800dc64   0x00000040   Code   RO         5838    i.OSSchedLock       ucos_ii.o
    0x0800dca4   0x00000060   Code   RO         5839    i.OSSchedUnlock     ucos_ii.o
    0x0800dd04   0x00000054   Code   RO         5841    i.OSSemCreate       ucos_ii.o
    0x0800dd58   0x000000ec   Code   RO         5843    i.OSSemPend         ucos_ii.o
    0x0800de44   0x00000058   Code   RO         5845    i.OSSemPost         ucos_ii.o
    0x0800de9c   0x00000048   Code   RO         5848    i.OSStart           ucos_ii.o
    0x0800dee4   0x0000004c   Code   RO         5849    i.OSStatInit        ucos_ii.o
    0x0800df30   0x0000000c   Code   RO         5700    i.OSTCBInitHook     os_cpu_c.o
    0x0800df3c   0x000000b8   Code   RO         5852    i.OSTaskCreateExt   ucos_ii.o
    0x0800dff4   0x0000000c   Code   RO         5701    i.OSTaskCreateHook  os_cpu_c.o
    0x0800e000   0x0000014c   Code   RO         5853    i.OSTaskDel         ucos_ii.o
    0x0800e14c   0x0000000c   Code   RO         5702    i.OSTaskDelHook     os_cpu_c.o
    0x0800e158   0x00000008   Code   RO         5703    i.OSTaskIdleHook    os_cpu_c.o
    0x0800e160   0x0000000c   Code   RO         5704    i.OSTaskReturnHook  os_cpu_c.o
    0x0800e16c   0x00000008   Code   RO         5705    i.OSTaskStatHook    os_cpu_c.o
    0x0800e174   0x00000088   Code   RO         5860    i.OSTaskStkChk      ucos_ii.o
    0x0800e1fc   0x000000a4   Code   RO         5706    i.OSTaskStkInit     os_cpu_c.o
    0x0800e2a0   0x000000a8   Code   RO         5861    i.OSTaskSuspend     ucos_ii.o
    0x0800e348   0x00000008   Code   RO         5707    i.OSTaskSwHook      os_cpu_c.o
    0x0800e350   0x00000064   Code   RO         5371    i.OSTick_Init       sysconfig.o
    0x0800e3b4   0x00000078   Code   RO         5862    i.OSTimeDly         ucos_ii.o
    0x0800e42c   0x00000060   Code   RO         5863    i.OSTimeDlyHMSM     ucos_ii.o
    0x0800e48c   0x0000001c   Code   RO         5865    i.OSTimeGet         ucos_ii.o
    0x0800e4a8   0x000000ec   Code   RO         5867    i.OSTimeTick        ucos_ii.o
    0x0800e594   0x00000028   Code   RO         5708    i.OSTimeTickHook    os_cpu_c.o
    0x0800e5bc   0x00000014   Code   RO         5872    i.OSTmrSignal       ucos_ii.o
    0x0800e5d0   0x000000f4   Code   RO         5878    i.OSTmr_Init        ucos_ii.o
    0x0800e6c4   0x00000034   Code   RO         5879    i.OSTmr_InitTask    ucos_ii.o
    0x0800e6f8   0x00000074   Code   RO         5880    i.OSTmr_Link        ucos_ii.o
    0x0800e76c   0x00000084   Code   RO         5881    i.OSTmr_Task        ucos_ii.o
    0x0800e7f0   0x00000048   Code   RO         5882    i.OSTmr_Unlink      ucos_ii.o
    0x0800e838   0x0000001e   Code   RO         4982    i.OS_CPU_SysTickHandler  stm32f4xx_it.o
    0x0800e856   0x00000002   Code   RO         5884    i.OS_Dummy          ucos_ii.o
    0x0800e858   0x00000084   Code   RO         5885    i.OS_EventTaskRdy   ucos_ii.o
    0x0800e8dc   0x0000002a   Code   RO         5886    i.OS_EventTaskRemove  ucos_ii.o
    0x0800e906   0x00000002   PAD
    0x0800e908   0x0000007c   Code   RO         5887    i.OS_EventTaskWait  ucos_ii.o
    0x0800e984   0x0000001c   Code   RO         5888    i.OS_EventWaitListInit  ucos_ii.o
    0x0800e9a0   0x00000054   Code   RO         5890    i.OS_FlagInit       ucos_ii.o
    0x0800e9f4   0x00000024   Code   RO         5892    i.OS_FlagUnlink     ucos_ii.o
    0x0800ea18   0x00000060   Code   RO         5893    i.OS_InitEventList  ucos_ii.o
    0x0800ea78   0x0000005c   Code   RO         5894    i.OS_InitMisc       ucos_ii.o
    0x0800ead4   0x00000044   Code   RO         5895    i.OS_InitRdyList    ucos_ii.o
    0x0800eb18   0x00000064   Code   RO         5896    i.OS_InitTCBList    ucos_ii.o
    0x0800eb7c   0x00000034   Code   RO         5897    i.OS_InitTaskIdle   ucos_ii.o
    0x0800ebb0   0x00000034   Code   RO         5898    i.OS_InitTaskStat   ucos_ii.o
    0x0800ebe4   0x00000012   Code   RO         5899    i.OS_MemClr         ucos_ii.o
    0x0800ebf6   0x00000002   PAD
    0x0800ebf8   0x00000058   Code   RO         5901    i.OS_MemInit        ucos_ii.o
    0x0800ec50   0x00000050   Code   RO         5902    i.OS_QInit          ucos_ii.o
    0x0800eca0   0x00000074   Code   RO         5903    i.OS_Sched          ucos_ii.o
    0x0800ed14   0x0000002c   Code   RO         5904    i.OS_SchedNew       ucos_ii.o
    0x0800ed40   0x00000138   Code   RO         5906    i.OS_TCBInit        ucos_ii.o
    0x0800ee78   0x00000028   Code   RO         5907    i.OS_TaskIdle       ucos_ii.o
    0x0800eea0   0x00000018   Code   RO         5908    i.OS_TaskReturn     ucos_ii.o
    0x0800eeb8   0x000000a0   Code   RO         5909    i.OS_TaskStat       ucos_ii.o
    0x0800ef58   0x0000003c   Code   RO         5910    i.OS_TaskStatStkChk  ucos_ii.o
    0x0800ef94   0x0000001a   Code   RO         5911    i.OS_TaskStkClr     ucos_ii.o
    0x0800efae   0x00000002   PAD
    0x0800efb0   0x00000024   Code   RO         4983    i.OTG_FS_IRQHandler  stm32f4xx_it.o
    0x0800efd4   0x0000000c   Code   RO         2630    i.PWR_BackupAccessCmd  stm32f4xx_pwr.o
    0x0800efe0   0x0000041a   Code   RO        10857    i.Period_GerDivStatus  displaymain.o
    0x0800f3fa   0x00000002   PAD
    0x0800f3fc   0x00000048   Code   RO        12299    i.PowerSet_ControlGunA  connectccu_main.o
    0x0800f444   0x00000048   Code   RO        12300    i.PowerSet_ControlGunB  connectccu_main.o
    0x0800f48c   0x00000032   Code   RO         9514    i.PraPerprintBackImage  dwinprotocol.o
    0x0800f4be   0x0000000c   Code   RO         9515    i.PrintBackImage    dwinprotocol.o
    0x0800f4ca   0x00000034   Code   RO         9517    i.PrintIcon         dwinprotocol.o
    0x0800f4fe   0x00000034   Code   RO         9519    i.PrintNum16uVariable  dwinprotocol.o
    0x0800f532   0x00000034   Code   RO         9520    i.PrintNum32uVariable  dwinprotocol.o
    0x0800f566   0x0000005a   Code   RO         9522    i.PrintStr          dwinprotocol.o
    0x0800f5c0   0x00000084   Code   RO         9523    i.PrintTime         dwinprotocol.o
    0x0800f644   0x00000074   Code   RO        12671    i.ProtocolFlashOperation  flashdatadeal.o
    0x0800f6b8   0x000000bc   Code   RO        11914    i.ProtocolOperation_CCUYC  connectccu_interface.o
    0x0800f774   0x00000038   Code   RO        11915    i.ProtocolOperation_CCUYX1  connectccu_interface.o
    0x0800f7ac   0x00000038   Code   RO        11916    i.ProtocolOperation_CCUYX2  connectccu_interface.o
    0x0800f7e4   0x0000002c   Code   RO        11917    i.ProtocolOperation_Err  connectccu_interface.o
    0x0800f810   0x00000040   Code   RO        11918    i.ProtocolOperation_Heart  connectccu_interface.o
    0x0800f850   0x0000004c   Code   RO        11919    i.ProtocolOperation_ReDZLockSet  connectccu_interface.o
    0x0800f89c   0x0000003c   Code   RO        11920    i.ProtocolOperation_ReHandSet  connectccu_interface.o
    0x0800f8d8   0x0000003c   Code   RO        11921    i.ProtocolOperation_ReJust  connectccu_interface.o
    0x0800f914   0x00000050   Code   RO        11922    i.ProtocolOperation_RePowerSet  connectccu_interface.o
    0x0800f964   0x00000054   Code   RO        11923    i.ProtocolOperation_ReServiceSet  connectccu_interface.o
    0x0800f9b8   0x00000044   Code   RO        11924    i.ProtocolOperation_ReSysParaSet1  connectccu_interface.o
    0x0800f9fc   0x00000044   Code   RO        11925    i.ProtocolOperation_ReSysParaSet2  connectccu_interface.o
    0x0800fa40   0x00000040   Code   RO        11926    i.ProtocolOperation_ReSysParaSet3  connectccu_interface.o
    0x0800fa80   0x0000004c   Code   RO        11927    i.ProtocolOperation_ReTimeSet  connectccu_interface.o
    0x0800facc   0x00000044   Code   RO        11928    i.ProtocolOperation_ReVersion  connectccu_interface.o
    0x0800fb10   0x00000050   Code   RO        11929    i.ProtocolOperation_Restart  connectccu_interface.o
    0x0800fb60   0x00000050   Code   RO        11930    i.ProtocolOperation_Restop  connectccu_interface.o
    0x0800fbb0   0x000000dc   Code   RO        11931    i.ProtocolOperation_StartOver  connectccu_interface.o
    0x0800fc8c   0x00000120   Code   RO        11932    i.ProtocolOperation_StopOver  connectccu_interface.o
    0x0800fdac   0x00000020   Code   RO         2765    i.RCC_AHB1PeriphClockCmd  stm32f4xx_rcc.o
    0x0800fdcc   0x00000020   Code   RO         2774    i.RCC_APB1PeriphClockCmd  stm32f4xx_rcc.o
    0x0800fdec   0x00000020   Code   RO         2776    i.RCC_APB1PeriphResetCmd  stm32f4xx_rcc.o
    0x0800fe0c   0x00000020   Code   RO         2777    i.RCC_APB2PeriphClockCmd  stm32f4xx_rcc.o
    0x0800fe2c   0x000000e8   Code   RO         2786    i.RCC_GetClocksFreq  stm32f4xx_rcc.o
    0x0800ff14   0x00000040   Code   RO         2787    i.RCC_GetFlagStatus  stm32f4xx_rcc.o
    0x0800ff54   0x0000002c   Code   RO         2795    i.RCC_LSEConfig     stm32f4xx_rcc.o
    0x0800ff80   0x0000000c   Code   RO         2809    i.RCC_RTCCLKCmd     stm32f4xx_rcc.o
    0x0800ff8c   0x0000003c   Code   RO         2810    i.RCC_RTCCLKConfig  stm32f4xx_rcc.o
    0x0800ffc8   0x000000e4   Code   RO        11505    i.RS485MetterInit   rs485meter.o
    0x080100ac   0x00000098   Code   RO         7077    i.RS485_Init        bsp_rs485.o
    0x08010144   0x00000078   Code   RO         7078    i.RS485_RD2Init     bsp_rs485.o
    0x080101bc   0x000000ac   Code   RO         7079    i.RS485_RDCmd       bsp_rs485.o
    0x08010268   0x00000016   Code   RO         3172    i.RTC_Bcd2ToByte    stm32f4xx_rtc.o
    0x0801027e   0x0000001c   Code   RO         3174    i.RTC_ByteToBcd2    stm32f4xx_rtc.o
    0x0801029a   0x00000002   PAD
    0x0801029c   0x0000001c   Code   RO         3177    i.RTC_ClearFlag     stm32f4xx_rtc.o
    0x080102b8   0x00000060   Code   RO         7425    i.RTC_Config        bsp_rtc.o
    0x08010318   0x00000050   Code   RO         3184    i.RTC_EnterInitMode  stm32f4xx_rtc.o
    0x08010368   0x00000014   Code   RO         3185    i.RTC_ExitInitMode  stm32f4xx_rtc.o
    0x0801037c   0x0000004c   Code   RO         3188    i.RTC_GetDate       stm32f4xx_rtc.o
    0x080103c8   0x00000050   Code   RO         3193    i.RTC_GetTime       stm32f4xx_rtc.o
    0x08010418   0x00000064   Code   RO         3198    i.RTC_Init          stm32f4xx_rtc.o
    0x0801047c   0x00000020   Code   RO         3201    i.RTC_ReadBackupRegister  stm32f4xx_rtc.o
    0x0801049c   0x000000c8   Code   RO         3204    i.RTC_SetDate       stm32f4xx_rtc.o
    0x08010564   0x000000d0   Code   RO         3205    i.RTC_SetTime       stm32f4xx_rtc.o
    0x08010634   0x00000050   Code   RO         7426    i.RTC_TimeAndDate_Set  bsp_rtc.o
    0x08010684   0x00000060   Code   RO         3221    i.RTC_WaitForSynchro  stm32f4xx_rtc.o
    0x080106e4   0x0000001c   Code   RO         3224    i.RTC_WriteBackupRegister  stm32f4xx_rtc.o
    0x08010700   0x00000080   Code   RO        13926    i.ReSendBill        hfqgframe.o
    0x08010780   0x00000034   Code   RO         9526    i.ReadDwinVariable  dwinprotocol.o
    0x080107b4   0x000000e4   Code   RO        11506    i.ReadMeterTask     rs485meter.o
    0x08010898   0x0000007c   Code   RO        12301    i.ReciveCCUFrame    connectccu_main.o
    0x08010914   0x00000030   Code   RO        13576    i.Recv_AT_CGDCONT_Ack  modulesim7600.o
    0x08010944   0x00000044   Code   RO        13577    i.Recv_AT_CIMI_Ack  modulesim7600.o
    0x08010988   0x00000030   Code   RO        13578    i.Recv_AT_CIPMODE_Ack  modulesim7600.o
    0x080109b8   0x00000054   Code   RO        13579    i.Recv_AT_CSQ_Ack   modulesim7600.o
    0x08010a0c   0x000000a4   Code   RO        13580    i.Recv_AT_ConnectServer0Cmd_Ack  modulesim7600.o
    0x08010ab0   0x000000a4   Code   RO        13581    i.Recv_AT_ConnectServer0_Ack  modulesim7600.o
    0x08010b54   0x000000a4   Code   RO        13582    i.Recv_AT_ConnectServer1Cmd_Ack  modulesim7600.o
    0x08010bf8   0x000000a4   Code   RO        13583    i.Recv_AT_ConnectServer1_Ack  modulesim7600.o
    0x08010c9c   0x00000020   Code   RO        13584    i.Recv_AT_EnterATCmd_Ack  modulesim7600.o
    0x08010cbc   0x00000030   Code   RO        13585    i.Recv_AT_NETOPEN_Ack  modulesim7600.o
    0x08010cec   0x000000cc   Code   RO        13586    i.Recv_AT_ReRecv0Cmd_Ack  modulesim7600.o
    0x08010db8   0x000000b8   Code   RO        13587    i.Recv_AT_ReRecv1Cmd_Ack  modulesim7600.o
    0x08010e70   0x0000003c   Code   RO        13588    i.Recv_AT_SendAck0Cmd_Ack  modulesim7600.o
    0x08010eac   0x0000003c   Code   RO        13589    i.Recv_AT_SendAck1Cmd_Ack  modulesim7600.o
    0x08010ee8   0x00000030   Code   RO        13590    i.Recv_AT_SetReAct_Ack  modulesim7600.o
    0x08010f18   0x00000014   Code   RO        13591    i.Recv_ActRecv0_Ack  modulesim7600.o
    0x08010f2c   0x00000014   Code   RO        13592    i.Recv_ActRecv1_Ack  modulesim7600.o
    0x08010f40   0x0000000c   Code   RO         3700    i.SDIO_ClearITPendingBit  stm32f4xx_sdio.o
    0x08010f4c   0x00000018   Code   RO         3712    i.SDIO_GetITStatus  stm32f4xx_sdio.o
    0x08010f64   0x00000008   Code   RO         6615    i.SDIO_IRQHandler   bsp_sdio_sd.o
    0x08010f6c   0x00000020   Code   RO         3715    i.SDIO_ITConfig     stm32f4xx_sdio.o
    0x08010f8c   0x00000028   Code   RO         6634    i.SD_ProcessDMAIRQ  bsp_sdio_sd.o
    0x08010fb4   0x000000ac   Code   RO         6635    i.SD_ProcessIRQSrc  bsp_sdio_sd.o
    0x08011060   0x00000016   Code   RO        13593    i.SIM7600CloseNet   modulesim7600.o
    0x08011076   0x00000002   PAD
    0x08011078   0x00000064   Code   RO        13594    i.SIM7600Reset      modulesim7600.o
    0x080110dc   0x00000068   Code   RO        13595    i.SIM7600_RecvDesposeCmd  modulesim7600.o
    0x08011144   0x00000018   Code   RO         3923    i.SPI_Cmd           stm32f4xx_spi.o
    0x0801115c   0x00000012   Code   RO         3931    i.SPI_I2S_GetFlagStatus  stm32f4xx_spi.o
    0x0801116e   0x00000006   Code   RO         3934    i.SPI_I2S_ReceiveData  stm32f4xx_spi.o
    0x08011174   0x00000004   Code   RO         3935    i.SPI_I2S_SendData  stm32f4xx_spi.o
    0x08011178   0x0000003c   Code   RO         3936    i.SPI_Init          stm32f4xx_spi.o
    0x080111b4   0x00000100   Code   RO         7552    i.SST26_AutoWritePage  spi_flash.o
    0x080112b4   0x0000007c   Code   RO         7553    i.SST26_CmpData     spi_flash.o
    0x08011330   0x00000040   Code   RO         7555    i.SST26_EraseSector  spi_flash.o
    0x08011370   0x00000010   Code   RO         7556    i.SST26_Init        spi_flash.o
    0x08011380   0x00000028   Code   RO         7557    i.SST26_NeedErase   spi_flash.o
    0x080113a8   0x00000088   Code   RO         7558    i.SST26_PageWrite   spi_flash.o
    0x08011430   0x00000068   Code   RO         7559    i.SST26_ReadBuffer  spi_flash.o
    0x08011498   0x00000050   Code   RO         7560    i.SST26_ReadID      spi_flash.o
    0x080114e8   0x00000010   Code   RO         7561    i.SST26_ReadID_Test  spi_flash.o
    0x080114f8   0x00000038   Code   RO         7562    i.SST26_SendByte    spi_flash.o
    0x08011530   0x00000024   Code   RO         7563    i.SST26_UnlockGlobal  spi_flash.o
    0x08011554   0x00000030   Code   RO         7564    i.SST26_WaitForWriteEnd  spi_flash.o
    0x08011584   0x00000154   Code   RO         7565    i.SST26_WriteBuffer  spi_flash.o
    0x080116d8   0x00000024   Code   RO         7566    i.SST26_WriteEnable  spi_flash.o
    0x080116fc   0x00000002   Code   RO         4985    i.SVC_Handler       stm32f4xx_it.o
    0x080116fe   0x00000002   PAD
    0x08011700   0x00000024   Code   RO        12302    i.SYSSet1_Send      connectccu_main.o
    0x08011724   0x00000024   Code   RO        12303    i.SYSSet2_Send      connectccu_main.o
    0x08011748   0x00000024   Code   RO        12304    i.SYSSet3_Send      connectccu_main.o
    0x0801176c   0x000000c8   Code   RO        11507    i.SearchMeterData   rs485meter.o
    0x08011834   0x0000002c   Code   RO        12672    i.SearchParaManagementTable  flashdatadeal.o
    0x08011860   0x00000088   Code   RO         7080    i.SearchRS485Table  bsp_rs485.o
    0x080118e8   0x000000d8   Code   RO        10859    i.SendCardMsg       displaymain.o
    0x080119c0   0x000000a8   Code   RO        10860    i.SendElecLockMsg   displaymain.o
    0x08011a68   0x00000070   Code   RO        10861    i.SendHandSetMsg    displaymain.o
    0x08011ad8   0x00000080   Code   RO        10862    i.SendJustMsg       displaymain.o
    0x08011b58   0x00000090   Code   RO        10863    i.SendPricMsg       displaymain.o
    0x08011be8   0x00000104   Code   RO        10864    i.SendStartChargeMsg  displaymain.o
    0x08011cec   0x00000078   Code   RO        10865    i.SendStopChargeMsg  displaymain.o
    0x08011d64   0x00000058   Code   RO        10866    i.SendToConectCCuTeskMsgGunA  displaymain.o
    0x08011dbc   0x00000058   Code   RO        10867    i.SendToConectCCuTeskMsgGunB  displaymain.o
    0x08011e14   0x00000034   Code   RO        13596    i.Send_AT_CGDCONT   modulesim7600.o
    0x08011e48   0x00000024   Code   RO        13597    i.Send_AT_CIMI      modulesim7600.o
    0x08011e6c   0x00000088   Code   RO        13598    i.Send_AT_CIPCLOSE  modulesim7600.o
    0x08011ef4   0x00000080   Code   RO        13600    i.Send_AT_CIPRXGET  modulesim7600.o
    0x08011f74   0x00000088   Code   RO        13601    i.Send_AT_CIPSEND   modulesim7600.o
    0x08011ffc   0x00000024   Code   RO        13602    i.Send_AT_CSQ       modulesim7600.o
    0x08012020   0x00000028   Code   RO        13604    i.Send_AT_NETCLOSE  modulesim7600.o
    0x08012048   0x00000028   Code   RO        13605    i.Send_AT_NETOPEN   modulesim7600.o
    0x08012070   0x00000028   Code   RO        13606    i.Send_AT_NOTCIPMODE  modulesim7600.o
    0x08012098   0x00000028   Code   RO        13607    i.Send_AT_SetCIPRXGET  modulesim7600.o
    0x080120c0   0x00000050   Code   RO        11705    i.Send_ActiveCard   card_cpu.o
    0x08012110   0x0000006c   Code   RO        11706    i.Send_AuthKey      card_cpu.o
    0x0801217c   0x00000020   Code   RO        12305    i.Send_ReStartover  connectccu_main.o
    0x0801219c   0x00000020   Code   RO        12306    i.Send_ReStopover   connectccu_main.o
    0x080121bc   0x0000004c   Code   RO        11707    i.Send_ReadBlock    card_cpu.o
    0x08012208   0x00000068   Code   RO        11708    i.Send_SetValue     card_cpu.o
    0x08012270   0x0000005c   Code   RO        11709    i.Send_WriterBlock  card_cpu.o
    0x080122cc   0x00000044   Code   RO        12307    i.ServiceSet_ControlGunA  connectccu_main.o
    0x08012310   0x00000044   Code   RO        12308    i.ServiceSet_ControlGunB  connectccu_main.o
    0x08012354   0x0000000c   Code   RO        11710    i.SetCardInfoStatus  card_cpu.o
    0x08012360   0x0000000c   Code   RO        11711    i.SetCardWorkStatus  card_cpu.o
    0x0801236c   0x0000000c   Code   RO        11508    i.SetChargingStatus  rs485meter.o
    0x08012378   0x0000001c   Code   RO        10297    i.SetCurMenu        dispkeyfunction.o
    0x08012394   0x00000014   Code   RO        11509    i.SetMeterStatus    rs485meter.o
    0x080123a8   0x00000014   Code   RO        11510    i.SetPowerChangeFlag  rs485meter.o
    0x080123bc   0x000000ec   Code   RO           13    i.SetSysClock       system_stm32f4xx.o
    0x080124a8   0x00000036   Code   RO         9530    i.SetVariColor      dwinprotocol.o
    0x080124de   0x00000002   PAD
    0x080124e0   0x0000009c   Code   RO        11511    i.StartBillingInit  rs485meter.o
    0x0801257c   0x00000018   Code   RO        12309    i.StopSend_Frame    connectccu_main.o
    0x08012594   0x00000048   Code   RO        12310    i.SysHandSet_ControlGunA  connectccu_main.o
    0x080125dc   0x00000048   Code   RO        12311    i.SysHandSet_ControlGunB  connectccu_main.o
    0x08012624   0x00000068   Code   RO           15    i.SystemInit        system_stm32f4xx.o
    0x0801268c   0x00000016   Code   RO        12312    i.TCU_Data_TimeOut  connectccu_main.o
    0x080126a2   0x00000002   PAD
    0x080126a4   0x000000ec   Code   RO        12313    i.TCU_Data_Timing_Process  connectccu_main.o
    0x08012790   0x00000080   Code   RO        12580    i.TCU_FrameRx_GUNATimeout  waittimeout.o
    0x08012810   0x00000080   Code   RO        12581    i.TCU_FrameRx_GUNBTimeout  waittimeout.o
    0x08012890   0x000000e4   Code   RO        13510    i.Task4GMain        4gmain.o
    0x08012974   0x00000154   Code   RO        13824    i.Task4GRecv        4grecv.o
    0x08012ac8   0x000001ac   Code   RO        13868    i.Task4GSend        4gsend.o
    0x08012c74   0x00000048   Code   RO        11712    i.TaskCardStk       card_cpu.o
    0x08012cbc   0x00000128   Code   RO        12314    i.TaskCntCCUMain    connectccu_main.o
    0x08012de4   0x000001dc   Code   RO        10868    i.TaskDisplay       displaymain.o
    0x08012fc0   0x00000020   Code   RO         5293    i.TaskLED           main.o
    0x08012fe0   0x00000070   Code   RO        11512    i.TaskMeterStk      rs485meter.o
    0x08013050   0x00000004   Code   RO        10869    i.TaskPeriod        displaymain.o
    0x08013054   0x00000058   Code   RO        12315    i.TaskRMsgDisposeGunA  connectccu_main.o
    0x080130ac   0x00000058   Code   RO        12316    i.TaskRMsgDisposeGunB  connectccu_main.o
    0x08013104   0x00000148   Code   RO        11452    i.TaskRTC           rtc_task.o
    0x0801324c   0x0000011c   Code   RO        12317    i.TaskSendTCUFrame  connectccu_main.o
    0x08013368   0x0000001c   Code   RO         5467    i.TeskCS            dealwithchar.o
    0x08013384   0x00000054   Code   RO         6886    i.UART1_PIN_CFG     bsp_uart.o
    0x080133d8   0x00000050   Code   RO         6887    i.UART2_PIN_CFG     bsp_uart.o
    0x08013428   0x00000054   Code   RO         6888    i.UART3_PIN_CFG     bsp_uart.o
    0x0801347c   0x00000024   Code   RO         4986    i.UART4_IRQHandler  stm32f4xx_it.o
    0x080134a0   0x00000002   Code   RO         6889    i.UART4_PIN_CFG     bsp_uart.o
    0x080134a2   0x00000002   PAD
    0x080134a4   0x00000024   Code   RO         4987    i.UART5_IRQHandler  stm32f4xx_it.o
    0x080134c8   0x0000007c   Code   RO         6890    i.UART5_PIN_CFG     bsp_uart.o
    0x08013544   0x00000050   Code   RO         6891    i.UART6_PIN_CFG     bsp_uart.o
    0x08013594   0x00000054   Code   RO         6892    i.UART7_PIN_CFG     bsp_uart.o
    0x080135e8   0x00000050   Code   RO         6893    i.UART8_PIN_CFG     bsp_uart.o
    0x08013638   0x00000044   Code   RO        13511    i.UART_4GWrite      4gmain.o
    0x0801367c   0x000000ac   Code   RO         6895    i.UART_FreeOneMsg   bsp_uart.o
    0x08013728   0x00000128   Code   RO         6896    i.UART_ISR          bsp_uart.o
    0x08013850   0x0000017c   Code   RO         6897    i.UART_MsgDeal      bsp_uart.o
    0x080139cc   0x00000046   Code   RO         6898    i.UART_PopBytes     bsp_uart.o
    0x08013a12   0x00000048   Code   RO         6899    i.UART_PopOneByte   bsp_uart.o
    0x08013a5a   0x0000003e   Code   RO         6900    i.UART_PushBytes    bsp_uart.o
    0x08013a98   0x00000048   Code   RO         6901    i.UART_PushOneByte  bsp_uart.o
    0x08013ae0   0x00000158   Code   RO         6902    i.UART_ReceiveMsgHook  bsp_uart.o
    0x08013c38   0x00000022   Code   RO         6903    i.UART_RxISR        bsp_uart.o
    0x08013c5a   0x00000002   PAD
    0x08013c5c   0x00000074   Code   RO         6904    i.UART_RxMode       bsp_uart.o
    0x08013cd0   0x000000ac   Code   RO         6905    i.UART_TxISR        bsp_uart.o
    0x08013d7c   0x00000024   Code   RO         4990    i.USART1_IRQHandler  stm32f4xx_it.o
    0x08013da0   0x00000024   Code   RO         4991    i.USART2_IRQHandler  stm32f4xx_it.o
    0x08013dc4   0x00000024   Code   RO         4992    i.USART3_IRQHandler  stm32f4xx_it.o
    0x08013de8   0x00000024   Code   RO         4993    i.USART6_IRQHandler  stm32f4xx_it.o
    0x08013e0c   0x00000012   Code   RO         4711    i.USART_ClearFlag   stm32f4xx_usart.o
    0x08013e1e   0x0000001e   Code   RO         4712    i.USART_ClearITPendingBit  stm32f4xx_usart.o
    0x08013e3c   0x00000018   Code   RO         4715    i.USART_Cmd         stm32f4xx_usart.o
    0x08013e54   0x0000001a   Code   RO         4718    i.USART_GetFlagStatus  stm32f4xx_usart.o
    0x08013e6e   0x00000054   Code   RO         4719    i.USART_GetITStatus  stm32f4xx_usart.o
    0x08013ec2   0x0000004a   Code   RO         4721    i.USART_ITConfig    stm32f4xx_usart.o
    0x08013f0c   0x000000d4   Code   RO         4722    i.USART_Init        stm32f4xx_usart.o
    0x08013fe0   0x0000000a   Code   RO         4729    i.USART_ReceiveData  stm32f4xx_usart.o
    0x08013fea   0x00000008   Code   RO         4732    i.USART_SendData    stm32f4xx_usart.o
    0x08013ff2   0x0000000c   Code   RO         8669    i.USBH_Connected    usbh_core.o
    0x08013ffe   0x00000028   Code   RO         8671    i.USBH_Disconnected  usbh_core.o
    0x08014026   0x000000a8   Code   RO         8591    i.USBH_OTG_ISR_Handler  usb_hcd_int.o
    0x080140ce   0x0000000c   Code   RO         8676    i.USBH_PortDisabled  usbh_core.o
    0x080140da   0x0000000c   Code   RO         8677    i.USBH_PortEnabled  usbh_core.o
    0x080140e6   0x00000006   Code   RO         8679    i.USBH_SOF          usbh_core.o
    0x080140ec   0x00000002   Code   RO         9235    i.USB_OTG_BSP_DriveVBUS  usb_bsp.o
    0x080140ee   0x00000022   Code   RO         8305    i.USB_OTG_DisableGlobalInt  usb_core.o
    0x08014110   0x0000000c   Code   RO         8312    i.USB_OTG_GetMode   usb_core.o
    0x0801411c   0x0000005a   Code   RO         8313    i.USB_OTG_HC_DoPing  usb_core.o
    0x08014176   0x0000009a   Code   RO         8314    i.USB_OTG_HC_Halt   usb_core.o
    0x08014210   0x00000018   Code   RO         8317    i.USB_OTG_InitFSLSPClkSel  usb_core.o
    0x08014228   0x00000014   Code   RO         8320    i.USB_OTG_IsHostMode  usb_core.o
    0x0801423c   0x00000010   Code   RO         8321    i.USB_OTG_ReadCoreItr  usb_core.o
    0x0801424c   0x00000008   Code   RO         8323    i.USB_OTG_ReadHostAllChannels_intr  usb_core.o
    0x08014254   0x00000028   Code   RO         8325    i.USB_OTG_ReadPacket  usb_core.o
    0x0801427c   0x0000002c   Code   RO         8592    i.USB_OTG_USBH_handle_Disconnect_ISR  usb_hcd_int.o
    0x080142a8   0x00000046   Code   RO         8593    i.USB_OTG_USBH_handle_IncompletePeriodicXfer_ISR  usb_hcd_int.o
    0x080142ee   0x00000056   Code   RO         8594    i.USB_OTG_USBH_handle_hc_ISR  usb_hcd_int.o
    0x08014344   0x0000041e   Code   RO         8595    i.USB_OTG_USBH_handle_hc_n_In_ISR  usb_hcd_int.o
    0x08014762   0x000003b8   Code   RO         8596    i.USB_OTG_USBH_handle_hc_n_Out_ISR  usb_hcd_int.o
    0x08014b1a   0x0000012e   Code   RO         8597    i.USB_OTG_USBH_handle_nptxfempty_ISR  usb_hcd_int.o
    0x08014c48   0x0000013c   Code   RO         8598    i.USB_OTG_USBH_handle_port_ISR  usb_hcd_int.o
    0x08014d84   0x0000012e   Code   RO         8599    i.USB_OTG_USBH_handle_ptxfempty_ISR  usb_hcd_int.o
    0x08014eb2   0x00000164   Code   RO         8600    i.USB_OTG_USBH_handle_rx_qlvl_ISR  usb_hcd_int.o
    0x08015016   0x00000002   PAD
    0x08015018   0x0000002c   Code   RO         8601    i.USB_OTG_USBH_handle_sof_ISR  usb_hcd_int.o
    0x08015044   0x00000040   Code   RO         8330    i.USB_OTG_WritePacket  usb_core.o
    0x08015084   0x00000004   Code   RO         4994    i.UsageFault_Handler  stm32f4xx_it.o
    0x08015088   0x00000280   Code   RO        11713    i.WaitCardmessage   card_cpu.o
    0x08015308   0x000000cc   Code   RO        12318    i.WaitConnectCCUmessage  connectccu_main.o
    0x080153d4   0x00000038   Code   RO        12319    i.WaitGunAmessage   connectccu_main.o
    0x0801540c   0x00000038   Code   RO        12320    i.WaitGunBmessage   connectccu_main.o
    0x08015444   0x0000006c   Code   RO        12321    i.WaitRecvCCUGunA   connectccu_main.o
    0x080154b0   0x0000006c   Code   RO        12322    i.WaitRecvCCUGunB   connectccu_main.o
    0x0801551c   0x00000020   Code   RO        14351    i.__0printf         mc_w.l(printfa.o)
    0x0801553c   0x00000028   Code   RO        14352    i.__0snprintf       mc_w.l(printfa.o)
    0x08015564   0x00000008   Code   RO        14400    i.__aeabi_errno_addr  mc_w.l(errno.o)
    0x0801556c   0x0000000e   Code   RO        14460    i.__scatterload_copy  mc_w.l(handlers.o)
    0x0801557a   0x00000002   Code   RO        14461    i.__scatterload_null  mc_w.l(handlers.o)
    0x0801557c   0x0000000e   Code   RO        14462    i.__scatterload_zeroinit  mc_w.l(handlers.o)
    0x0801558a   0x00000002   PAD
    0x0801558c   0x00000164   Code   RO        14358    i._fp_digits        mc_w.l(printfa.o)
    0x080156f0   0x000006dc   Code   RO        14359    i._printf_core      mc_w.l(printfa.o)
    0x08015dcc   0x00000024   Code   RO        14360    i._printf_post_padding  mc_w.l(printfa.o)
    0x08015df0   0x0000002e   Code   RO        14361    i._printf_pre_padding  mc_w.l(printfa.o)
    0x08015e1e   0x00000016   Code   RO        14362    i._snputc           mc_w.l(printfa.o)
    0x08015e34   0x00000064   Code   RO         7150    i.bsp_CfgSPI2       bsp_spi.o
    0x08015e98   0x0000004e   Code   RO         7427    i.bsp_InitRTC       bsp_rtc.o
    0x08015ee6   0x0000000c   Code   RO         7152    i.bsp_InitSPI2      bsp_spi.o
    0x08015ef2   0x00000002   PAD
    0x08015ef4   0x00000084   Code   RO         7153    i.bsp_InitSPI2_IO   bsp_spi.o
    0x08015f78   0x00000024   Code   RO         6576    i.fputc             bsp_debug_usart.o
    0x08015f9c   0x0000001a   Code   RO        13927    i.get_xor_Data      hfqgframe.o
    0x08015fb6   0x00000002   PAD
    0x08015fb8   0x000001fc   Code   RO         5295    i.init_task_core    main.o
    0x080161b4   0x00000048   Code   RO         5296    i.main              main.o
    0x080161fc   0x00000100   Data   RO         5913    .constdata          ucos_ii.o
    0x080162fc   0x00000020   Data   RO         6540    .constdata          bsp_led.o
    0x0801631c   0x00000040   Data   RO         6907    .constdata          bsp_uart.o
    0x0801635c   0x00000024   Data   RO         7081    .constdata          bsp_rs485.o
    0x08016380   0x00000018   Data   RO         7310    .constdata          bsp_can.o
    0x08016398   0x00000018   Data   RO         7500    .constdata          bsp_mpulse.o
    0x080163b0   0x00000018   Data   RO         7672    .constdata          bsp_io.o
    0x080163c8   0x000000e0   Data   RO        10871    .constdata          displaymain.o
    0x080164a8   0x00000007   Data   RO        11453    .constdata          rtc_task.o
    0x080164af   0x00000004   Data   RO        11514    .constdata          rs485meter.o
    0x080164b3   0x00000001   PAD
    0x080164b4   0x000004ac   Data   RO        12324    .constdata          connectccu_main.o
    0x08016960   0x000000d8   Data   RO        12673    .constdata          flashdatadeal.o
    0x08016a38   0x00000088   Data   RO        13609    .constdata          modulesim7600.o
    0x08016ac0   0x00000081   Data   RO        14425    .constdata          mc_w.l(ctype_o.o)
    0x08016b41   0x00000003   PAD
    0x08016b44   0x00000004   Data   RO        14426    .constdata          mc_w.l(ctype_o.o)
    0x08016b48   0x000006d9   Data   RO        11381    .conststring        dispshowstatus.o
    0x08017221   0x00000003   PAD
    0x08017224   0x0000000d   Data   RO        13513    .conststring        4gmain.o
    0x08017231   0x00000003   PAD
    0x08017234   0x000000e7   Data   RO        13610    .conststring        modulesim7600.o
    0x0801731b   0x00000001   PAD
    0x0801731c   0x00000020   Data   RO        14458    Region$$Table       anon$$obj.o


    Execution Region RW_IRAM1 (Base: 0x20000000, Size: 0x0000e880, Max: 0x00020000, ABSOLUTE, COMPRESSED[0x0000069c])

    Base Addr    Size         Type   Attr      Idx    E Section Name        Object

    0x20000000   0x00000010   Data   RW         2818    .data               stm32f4xx_rcc.o
    0x20000010   0x00000006   Data   RW         5710    .data               os_cpu_c.o
    0x20000016   0x00000002   PAD
    0x20000018   0x00000064   Data   RW         5914    .data               ucos_ii.o
    0x2000007c   0x00000001   Data   RW         6541    .data               bsp_led.o
    0x2000007d   0x00000003   PAD
    0x20000080   0x00000019   Data   RW         6648    .data               bsp_sdio_sd.o
    0x20000099   0x00000001   PAD
    0x2000009a   0x0000000c   Data   RW         7311    .data               bsp_can.o
    0x200000a6   0x00000002   PAD
    0x200000a8   0x0000001f   Data   RW         7428    .data               bsp_rtc.o
    0x200000c7   0x00000001   PAD
    0x200000c8   0x00000004   Data   RW         7568    .data               spi_flash.o
    0x200000cc   0x00000002   Data   RW         7673    .data               bsp_io.o
    0x200000ce   0x00000004   Data   RW         8230    .data               delay.o
    0x200000d2   0x00000002   PAD
    0x200000d4   0x0000001e   Data   RW         8682    .data               usbh_core.o
    0x200000f2   0x00000002   Data   RW         9533    .data               dwinprotocol.o
    0x200000f4   0x00000078   Data   RW         9789    .data               dispkey.o
    0x2000016c   0x00000020   Data   RW        10298    .data               dispkeyfunction.o
    0x2000018c   0x000005f0   Data   RW        10746    .data               menudisp.o
    0x2000077c   0x00000060   Data   RW        10872    .data               displaymain.o
    0x200007dc   0x000006b4   Data   RW        11382    .data               dispshowstatus.o
    0x20000e90   0x0000000c   Data   RW        11454    .data               rtc_task.o
    0x20000e9c   0x0000001f   Data   RW        11515    .data               rs485meter.o
    0x20000ebb   0x00000001   PAD
    0x20000ebc   0x00000011   Data   RW        11715    .data               card_cpu.o
    0x20000ecd   0x00000003   PAD
    0x20000ed0   0x00000086   Data   RW        11934    .data               connectccu_interface.o
    0x20000f56   0x00000002   PAD
    0x20000f58   0x000000b4   Data   RW        12325    .data               connectccu_main.o
    0x2000100c   0x0000000c   Data   RW        12583    .data               waittimeout.o
    0x20001018   0x00000014   Data   RW        13514    .data               4gmain.o
    0x2000102c   0x00000005   Data   RW        13611    .data               modulesim7600.o
    0x20001031   0x00000003   PAD
    0x20001034   0x00000010   Data   RW        13826    .data               4grecv.o
    0x20001044   0x0000000c   Data   RW        13870    .data               4gsend.o
    0x20001050   0x000000a4   Data   RW        13929    .data               hfqgframe.o
    0x200010f4   0x00000004   Data   RW        14111    .data               mc_w.l(strtok.o)
    0x200010f8   0x00000004   Data   RW        14395    .data               mc_w.l(stdout.o)
    0x200010fc   0x00000004   Data   RW        14403    .data               mc_w.l(errno.o)
    0x20001100   0x00006680   Zero   RW         5297    .bss                main.o
    0x20007780   0x00000200   Zero   RW         5709    .bss                os_cpu_c.o
    0x20007980   0x00001ea8   Zero   RW         5912    .bss                ucos_ii.o
    0x20009828   0x00000300   Zero   RW         6906    .bss                bsp_uart.o
    0x20009b28   0x00000018   Zero   RW         7309    .bss                bsp_can.o
    0x20009b40   0x00000030   Zero   RW         7499    .bss                bsp_mpulse.o
    0x20009b70   0x00001000   Zero   RW         7567    .bss                spi_flash.o
    0x2000ab70   0x00000644   Zero   RW         9457    .bss                usb_main.o
    0x2000b1b4   0x000000c9   Zero   RW         9532    .bss                dwinprotocol.o
    0x2000b27d   0x00000003   PAD
    0x2000b280   0x00000880   Zero   RW        10870    .bss                displaymain.o
    0x2000bb00   0x000002be   Zero   RW        11513    .bss                rs485meter.o
    0x2000bdbe   0x00000002   PAD
    0x2000bdc0   0x000002f8   Zero   RW        11714    .bss                card_cpu.o
    0x2000c0b8   0x00000150   Zero   RW        11933    .bss                connectccu_interface.o
    0x2000c208   0x00001490   Zero   RW        12323    .bss                connectccu_main.o
    0x2000d698   0x00000074   Zero   RW        12582    .bss                waittimeout.o
    0x2000d70c   0x00000070   Zero   RW        13512    .bss                4gmain.o
    0x2000d77c   0x0000002a   Zero   RW        13608    .bss                modulesim7600.o
    0x2000d7a6   0x00000002   PAD
    0x2000d7a8   0x0000051e   Zero   RW        13825    .bss                4grecv.o
    0x2000dcc6   0x00000002   PAD
    0x2000dcc8   0x00000050   Zero   RW        13869    .bss                4gsend.o
    0x2000dd18   0x00000364   Zero   RW        13928    .bss                hfqgframe.o
    0x2000e07c   0x00000004   PAD
    0x2000e080   0x00000800   Zero   RW            1    STACK               startup_stm32f429_439xx.o


==============================================================================

Image component sizes


      Code (inc. data)   RO Data    RW Data    ZI Data      Debug   Object Name

       508         46         13         20        112       5211   4gmain.o
       536         62          0         16       1310       3085   4grecv.o
       440         34          0         12         80       2176   4gsend.o
        30          0          0          0          0      16901   app_hooks.o
      1480         98         24         12         24       7842   bsp_can.o
       196         12          0          0          0       1289   bsp_debug_usart.o
       200         22         24          2          0       2399   bsp_io.o
       260         18         32          1          0       2572   bsp_led.o
       244          8         24          0         48       1756   bsp_mpulse.o
       580        118         36          0          0       3360   bsp_rs485.o
       438         18          0         31          0       6185   bsp_rtc.o
       228         18          0         25          0      12272   bsp_sdio_sd.o
       244         12          0          0          0       1647   bsp_spi.o
      4950        318         64          0        768      21204   bsp_uart.o
      4194        328          0         17        760      19773   card_cpu.o
        72         22          0          0          0       4357   charging_interface.o
      1928        274          0          0          0      10191   connectccu_frame.o
      2072        166          0        134        336      34161   connectccu_interface.o
      6588        610       1196        180       5264      54024   connectccu_main.o
       164          0          0          0          0       2838   dealwithchar.o
        32         14          0          4          0        696   delay.o
      8446       1090          0        120          0      61028   dispkey.o
      1002         94          0         32          0      52355   dispkeyfunction.o
     18142       1576        224         96       2176      78270   displaymain.o
       572         54       1753       1716          0       5202   dispshowstatus.o
       990         44          0          2        201      19480   dwinprotocol.o
       308         10        216          0          0       3453   flashdatadeal.o
      4938        186          0        164        868      25344   hfqgframe.o
       612        146          0          0      26240       5110   main.o
         0          0          0       1520          0       2836   menudisp.o
       160         32          0          0          0       2377   misc.o
      3698        844        367          5         42      28069   modulesim7600.o
       176         36          0          0          0        320   os_cpu_a.o
       334         26          0          6        512      15918   os_cpu_c.o
      1926        228          4         31        702      18568   rs485meter.o
       476        150          7         12          0       3179   rtc_task.o
      1352         48          0          4       4096      10009   spi_flash.o
        36          8        392          0       2048        984   startup_stm32f429_439xx.o
      1622         22          0          0          0       7675   stm32f4xx_can.o
       504         40          0          0          0       4111   stm32f4xx_dma.o
        12          6          0          0          0        605   stm32f4xx_exti.o
       250          0          0          0          0       4611   stm32f4xx_gpio.o
       434         28          0          0          0      50524   stm32f4xx_it.o
        12          6          0          0          0        598   stm32f4xx_pwr.o
       540         66          0         16          0       8243   stm32f4xx_rcc.o
       998         70          0          0          0      10134   stm32f4xx_rtc.o
        68         16          0          0          0       1896   stm32f4xx_sdio.o
       112          0          0          0          0       3918   stm32f4xx_spi.o
       486          8          0          0          0       7393   stm32f4xx_usart.o
       388          8          0          0          0      36954   sysconfig.o
       340         32          0          0          0     324121   system_stm32f4xx.o
      6850        798        256        100       7848      53381   ucos_ii.o
         2          0          0          0          0        940   usb_bsp.o
       462          0          0          0          0      24326   usb_core.o
      3694         16          0          0          0      10955   usb_hcd_int.o
         0          0          0          0       1604        272   usb_main.o
        82          0          0         30          0      14845   usbh_core.o
       384         30          0         12        116      21011   waittimeout.o

    ----------------------------------------------------------------------
     85868       7916       4672       4340      55168    1132954   Object Totals
         0          0         32          0          0          0   (incl. Generated)
        76          0          8         20         13          0   (incl. Padding)

    ----------------------------------------------------------------------

      Code (inc. data)   RO Data    RW Data    ZI Data      Debug   Library Member Name

        86          0          0          0          0          0   __dczerorl2.o
        28          0          0          0          0         68   _chval.o
       158          0          0          0          0         92   _strtoul.o
        26          0          0          0          0         80   atoi.o
         8          4        133          0          0         68   ctype_o.o
         0          0          0          0          0          0   entry.o
         0          0          0          0          0          0   entry10a.o
         0          0          0          0          0          0   entry11a.o
         8          4          0          0          0          0   entry2.o
         4          0          0          0          0          0   entry5.o
         0          0          0          0          0          0   entry7b.o
         0          0          0          0          0          0   entry8b.o
         8          4          0          0          0          0   entry9a.o
         8          4          0          4          0         68   errno.o
        30          0          0          0          0          0   handlers.o
        36          8          0          0          0         68   init.o
         0          0          0          0          0          0   iusefp.o
        30          0          0          0          0         68   llshl.o
        36          0          0          0          0         68   llsshr.o
        32          0          0          0          0         68   llushr.o
        26          0          0          0          0         80   memcmp.o
        36          0          0          0          0         68   memcpya.o
        36          0          0          0          0        108   memseta.o
      2288         94          0          0          0        596   printfa.o
         0          0          0          4          0          0   stdout.o
        14          0          0          0          0         68   strlen.o
        30          0          0          0          0         80   strncmp.o
        36          0          0          0          0         80   strstr.o
        68          6          0          4          0         80   strtok.o
       112          0          0          0          0         88   strtol.o
        44          0          0          0          0         80   uidiv.o
        98          0          0          0          0         92   uldiv.o
        48          0          0          0          0         68   cdrcmple.o
       334          0          0          0          0        148   dadd.o
       222          0          0          0          0        100   ddiv.o
       186          0          0          0          0        176   depilogue.o
        48          0          0          0          0         68   dfixul.o
       228          0          0          0          0         96   dmul.o

    ----------------------------------------------------------------------
      4360        124        136         12          0       2724   Library Totals
         8          0          3          0          0          0   (incl. Padding)

    ----------------------------------------------------------------------

      Code (inc. data)   RO Data    RW Data    ZI Data      Debug   Library Name

      3286        124        133         12          0       2068   mc_w.l
      1066          0          0          0          0        656   mf_w.l

    ----------------------------------------------------------------------
      4360        124        136         12          0       2724   Library Totals

    ----------------------------------------------------------------------

==============================================================================


      Code (inc. data)   RO Data    RW Data    ZI Data      Debug   

     90228       8040       4808       4352      55168    1058406   Grand Totals
     90228       8040       4808       1692      55168    1058406   ELF Image Totals (compressed)
     90228       8040       4808       1692          0          0   ROM Totals

==============================================================================

    Total RO  Size (Code + RO Data)                95036 (  92.81kB)
    Total RW  Size (RW Data + ZI Data)             59520 (  58.13kB)
    Total ROM Size (Code + RO Data + RW Data)      96728 (  94.46kB)

==============================================================================

