<html>
<body>
<pre>
<h1>礦ision Build Log</h1>
<h2>Tool Versions:</h2>
IDE-Version: μVision V5.34.0.0
Copyright (C) 2021 ARM Ltd and ARM Germany GmbH. All rights reserved.
License Information: yk w, wyk, LIC=14HV2-9UAME-LQC0Q-NADNC-3FT8C-M9IJP
 
Tool Versions:
Toolchain:       MDK-ARM Plus  Version: 5.34.0.0
Toolchain Path:  D:\keil_v5\ARM\ARMCC\Bin
C Compiler:      Armcc.exe V5.06 update 7 (build 960)
Assembler:       Armasm.exe V5.06 update 7 (build 960)
Linker/Locator:  ArmLink.exe V5.06 update 7 (build 960)
Library Manager: ArmAr.exe V5.06 update 7 (build 960)
Hex Converter:   FromElf.exe V5.06 update 7 (build 960)
CPU DLL:         SARMCM3.DLL V5.34.0.0
Dialog DLL:      DCM.DLL V1.17.3.0
Target DLL:      UL2CM3.DLL V1.163.9.0
Dialog DLL:      TCM.DLL V1.48.0.0
 
<h2>Project:</h2>
C:\Users\Admin\Desktop\直流0712\直流0712\PRO413DC-20270712-duichong\code\project\stm32f429.uvprojx
Project File Date:  05/17/2024

<h2>Output:</h2>
*** Using Compiler 'V5.06 update 7 (build 960)', folder: 'D:\keil_v5\ARM\ARMCC\Bin'
Build target 'stm32f429'
assembling startup_stm32f429_439xx.s...
compiling misc.c...
compiling stm32f4xx_crc.c...
compiling stm32f4xx_adc.c...
compiling stm32f4xx_cec.c...
compiling system_stm32f4xx.c...
compiling stm32f4xx_can.c...
compiling stm32f4xx_cryp.c...
compiling stm32f4xx_dbgmcu.c...
compiling stm32f4xx_cryp_tdes.c...
compiling stm32f4xx_dac.c...
compiling stm32f4xx_cryp_des.c...
compiling stm32f4xx_dcmi.c...
compiling stm32f4xx_dma.c...
compiling stm32f4xx_cryp_aes.c...
compiling stm32f4xx_dma2d.c...
compiling stm32f4xx_exti.c...
compiling stm32f4xx_flash_ramfunc.c...
compiling stm32f4xx_gpio.c...
compiling stm32f4xx_fmpi2c.c...
compiling stm32f4xx_hash.c...
compiling stm32f4xx_flash.c...
compiling stm32f4xx_hash_md5.c...
compiling stm32f4xx_iwdg.c...
compiling stm32f4xx_hash_sha1.c...
compiling stm32f4xx_i2c.c...
compiling stm32f4xx_pwr.c...
compiling stm32f4xx_ltdc.c...
compiling stm32f4xx_qspi.c...
compiling stm32f4xx_rng.c...
compiling stm32f4xx_sai.c...
compiling stm32f4xx_sdio.c...
compiling stm32f4xx_spdifrx.c...
compiling stm32f4xx_spi.c...
compiling stm32f4xx_rcc.c...
compiling stm32f4xx_rtc.c...
compiling stm32f4xx_syscfg.c...
compiling stm32f4xx_wwdg.c...
compiling stm32f4xx_usart.c...
compiling os_cpu_c.c...
compiling stm32f4xx_tim.c...
compiling os_dbg.c...
compiling SysConfig.c...
assembling os_cpu_a.asm...
compiling main.c...
compiling stm32f4xx_it.c...
compiling ucos_ii.c...
compiling DealWithChar.c...
compiling bsp_debug_usart.c...
compiling bsp_rs485.c...
compiling bsp_exti_irq.c...
compiling bsp_uart.c...
compiling bsp_sdio_sd.c...
compiling bsp_spi.c...
compiling bsp_i2c.c...
compiling bsp_can.c...
compiling bsp_MPulse.c...
compiling bsp_adc.c...
compiling bsp_rtc.c...
compiling spi_flash.c...
compiling bsp_io.c...
compiling cc936.c...
compiling ff.c...
compiling bsp_SST25VF016.c...
compiling w25qxx.c...
compiling app_hooks.c...
compiling diskio.c...
compiling delay.c...
compiling usb_task.c...
compiling usb_core.c...
compiling usb_hcd.c...
compiling usb_hcd_int.c...
compiling usbh_hcs.c...
compiling usbh_core.c...
compiling usbh_ioreq.c...
compiling usbh_stdreq.c...
compiling usbh_msc_bot.c...
compiling usbh_msc_core.c...
compiling version.c...
compiling usbh_usr.c...
compiling usb_bsp.c...
compiling usbh_msc_scsi.c...
compiling usb_main.c...
compiling MenuDisp.c...
compiling DwinProtocol.c...
compiling RTC_task.c...
compiling DispkeyFunction.c...
compiling DispShowStatus.c...
compiling Des.c...
compiling Dispkey.c...
compiling DisplayMain.c...
compiling charging_Interface.c...
compiling waittimeout.c...
compiling MyList.c...
compiling RS485Meter.c...
compiling card_cpu.c...
compiling FlashDataDeal.c...
compiling dhcp.c...
compiling tcp_demo.c...
compiling socket.c...
compiling utility.c...
compiling W5500Main.c...
compiling w5500.c...
compiling w5500_conf.c...
compiling BmsTimeout.c...
compiling ConnectBMSInterface.c...
compiling ConnectBMSFrame.c...
compiling 4GMain.c...
compiling ConnectBMS.c...
compiling 4GRecv.c...
compiling ControlMain.c...
compiling 4GSend.c...
compiling ZFFrame.c...
compiling APFrame.c...
compiling HYFrame.c...
compiling ModuleSIM7600.c...
compiling ZHFrame.c...
compiling YKCFrame.c...
compiling ADSamplemain.c...
compiling AdAdjust.c...
compiling PCUMain.c...
compiling _66Frame.c...
linking...
Program Size: Code=228064 RO-data=5784 RW-data=8088 ZI-data=258424  
FromELF: creating hex file...
After Build - User command #2: fromelf --bin -o "C:\Users\Admin\Desktop\直流0712\直流0712\PRO413DC-20270712-duichong\code\project\output\project.bin" "C:\Users\Admin\Desktop\直流0712\直流0712\PRO413DC-20270712-duichong\code\project\output\project.axf"
".\output\project.axf" - 0 Error(s), 0 Warning(s).

<h2>Software Packages used:</h2>

Package Vendor: ARM
                http://www.keil.com/pack/ARM.CMSIS.5.7.0.pack
                ARM.CMSIS.5.7.0
                CMSIS (Cortex Microcontroller Software Interface Standard)
   * Component: CORE Version: 5.4.0

Package Vendor: Keil
                http://www.keil.com/pack/Keil.STM32F4xx_DFP.2.15.0.pack
                Keil.STM32F4xx_DFP.2.15.0
                STMicroelectronics STM32F4 Series Device Support, Drivers and Examples

<h2>Collection of Component include folders:</h2>
  .\RTE\_stm32f429
  D:\keil_v5\ARM\CMSIS\5.7.0\CMSIS\Core\Include
  D:\keil_v5\Keil\STM32F4xx_DFP\2.15.0\Drivers\CMSIS\Device\ST\STM32F4xx\Include

<h2>Collection of Component Files used:</h2>

   * Component: ARM::CMSIS:CORE:5.4.0
Build Time Elapsed:  00:00:17
</pre>
</body>
</html>
