<!doctype html public "-//w3c//dtd html 4.0 transitional//en">
<html><head>
<title>Static Call Graph - [.\output\stm32f429.axf]</title></head>
<body><HR>
<H1>Static Call Graph for image .\output\stm32f429.axf</H1><HR>
<BR><P>#&#060CALLGRAPH&#062# ARM Linker, 5060061: Last Updated: Tue Jan 26 13:21:54 2021
<BR><P>
<H3>Maximum Stack Usage =        464 bytes + Unknown(Functions without stacksize, Cycles, Untraceable Function Pointers)</H3><H3>
Call chain for Maximum Stack Depth:</H3>
Task4GSend &rArr; HFQG_SendStartAck &rArr; HFQGFreamSend &rArr; ModuleSIM7600_SendData &rArr; Send_AT_CIPSEND &rArr; UART_4GWrite &rArr; BSP_UARTWrite &rArr; UART_PushBytes &rArr; UART_PushOneByte
<P>
<H3>
Functions with no stack information
</H3><UL>
 <LI><a href="#[1e8]">OS_CPU_SR_Save</a>
 <LI><a href="#[1ea]">OS_CPU_SR_Restore</a>
 <LI><a href="#[2d2]">OSStartHighRdy</a>
 <LI><a href="#[2f4]">OSCtxSw</a>
 <LI><a href="#[2c1]">OSIntCtxSw</a>
 <LI><a href="#[b3]">OS_CPU_PendSVHandler</a>
</UL>
</UL>
<P>
<H3>
Mutually Recursive functions
</H3> <LI><a href="#[c7]">ADC_IRQHandler</a>&nbsp;&nbsp;&nbsp;&rArr;&nbsp;&nbsp;&nbsp;<a href="#[c7]">ADC_IRQHandler</a><BR>
</UL>
<P>
<H3>
Function Pointers
</H3><UL>
 <LI><a href="#[c7]">ADC_IRQHandler</a> from startup_stm32f429_439xx.o(.text) referenced from startup_stm32f429_439xx.o(RESET)
 <LI><a href="#[15c]">ADJust_ControlGunA</a> from connectccu_main.o(i.ADJust_ControlGunA) referenced from connectccu_main.o(.constdata)
 <LI><a href="#[164]">ADJust_ControlGunB</a> from connectccu_main.o(i.ADJust_ControlGunB) referenced from connectccu_main.o(.constdata)
 <LI><a href="#[af]">BusFault_Handler</a> from stm32f4xx_it.o(i.BusFault_Handler) referenced from startup_stm32f429_439xx.o(RESET)
 <LI><a href="#[c9]">CAN1_RX0_IRQHandler</a> from stm32f4xx_it.o(i.CAN1_RX0_IRQHandler) referenced from startup_stm32f429_439xx.o(RESET)
 <LI><a href="#[ca]">CAN1_RX1_IRQHandler</a> from startup_stm32f429_439xx.o(.text) referenced from startup_stm32f429_439xx.o(RESET)
 <LI><a href="#[cb]">CAN1_SCE_IRQHandler</a> from startup_stm32f429_439xx.o(.text) referenced from startup_stm32f429_439xx.o(RESET)
 <LI><a href="#[c8]">CAN1_TX_IRQHandler</a> from stm32f4xx_it.o(i.CAN1_TX_IRQHandler) referenced from startup_stm32f429_439xx.o(RESET)
 <LI><a href="#[f5]">CAN2_RX0_IRQHandler</a> from stm32f4xx_it.o(i.CAN2_RX0_IRQHandler) referenced from startup_stm32f429_439xx.o(RESET)
 <LI><a href="#[f6]">CAN2_RX1_IRQHandler</a> from startup_stm32f429_439xx.o(.text) referenced from startup_stm32f429_439xx.o(RESET)
 <LI><a href="#[f7]">CAN2_SCE_IRQHandler</a> from startup_stm32f429_439xx.o(.text) referenced from startup_stm32f429_439xx.o(RESET)
 <LI><a href="#[f4]">CAN2_TX_IRQHandler</a> from stm32f4xx_it.o(i.CAN2_TX_IRQHandler) referenced from startup_stm32f429_439xx.o(RESET)
 <LI><a href="#[104]">CRYP_IRQHandler</a> from startup_stm32f429_439xx.o(.text) referenced from startup_stm32f429_439xx.o(RESET)
 <LI><a href="#[157]">ChargeStart_ControlGunA</a> from connectccu_main.o(i.ChargeStart_ControlGunA) referenced from connectccu_main.o(.constdata)
 <LI><a href="#[15f]">ChargeStart_ControlGunB</a> from connectccu_main.o(i.ChargeStart_ControlGunB) referenced from connectccu_main.o(.constdata)
 <LI><a href="#[158]">ChargeStop_ControlGunA</a> from connectccu_main.o(i.ChargeStop_ControlGunA) referenced from connectccu_main.o(.constdata)
 <LI><a href="#[160]">ChargeStop_ControlGunB</a> from connectccu_main.o(i.ChargeStop_ControlGunB) referenced from connectccu_main.o(.constdata)
 <LI><a href="#[103]">DCMI_IRQHandler</a> from startup_stm32f429_439xx.o(.text) referenced from startup_stm32f429_439xx.o(RESET)
 <LI><a href="#[c0]">DMA1_Stream0_IRQHandler</a> from startup_stm32f429_439xx.o(.text) referenced from startup_stm32f429_439xx.o(RESET)
 <LI><a href="#[c1]">DMA1_Stream1_IRQHandler</a> from startup_stm32f429_439xx.o(.text) referenced from startup_stm32f429_439xx.o(RESET)
 <LI><a href="#[c2]">DMA1_Stream2_IRQHandler</a> from startup_stm32f429_439xx.o(.text) referenced from startup_stm32f429_439xx.o(RESET)
 <LI><a href="#[c3]">DMA1_Stream3_IRQHandler</a> from startup_stm32f429_439xx.o(.text) referenced from startup_stm32f429_439xx.o(RESET)
 <LI><a href="#[c4]">DMA1_Stream4_IRQHandler</a> from startup_stm32f429_439xx.o(.text) referenced from startup_stm32f429_439xx.o(RESET)
 <LI><a href="#[c5]">DMA1_Stream5_IRQHandler</a> from startup_stm32f429_439xx.o(.text) referenced from startup_stm32f429_439xx.o(RESET)
 <LI><a href="#[c6]">DMA1_Stream6_IRQHandler</a> from startup_stm32f429_439xx.o(.text) referenced from startup_stm32f429_439xx.o(RESET)
 <LI><a href="#[e4]">DMA1_Stream7_IRQHandler</a> from startup_stm32f429_439xx.o(.text) referenced from startup_stm32f429_439xx.o(RESET)
 <LI><a href="#[ed]">DMA2_Stream0_IRQHandler</a> from startup_stm32f429_439xx.o(.text) referenced from startup_stm32f429_439xx.o(RESET)
 <LI><a href="#[ee]">DMA2_Stream1_IRQHandler</a> from startup_stm32f429_439xx.o(.text) referenced from startup_stm32f429_439xx.o(RESET)
 <LI><a href="#[ef]">DMA2_Stream2_IRQHandler</a> from startup_stm32f429_439xx.o(.text) referenced from startup_stm32f429_439xx.o(RESET)
 <LI><a href="#[f0]">DMA2_Stream3_IRQHandler</a> from bsp_sdio_sd.o(i.DMA2_Stream3_IRQHandler) referenced from startup_stm32f429_439xx.o(RESET)
 <LI><a href="#[f1]">DMA2_Stream4_IRQHandler</a> from startup_stm32f429_439xx.o(.text) referenced from startup_stm32f429_439xx.o(RESET)
 <LI><a href="#[f9]">DMA2_Stream5_IRQHandler</a> from startup_stm32f429_439xx.o(.text) referenced from startup_stm32f429_439xx.o(RESET)
 <LI><a href="#[fa]">DMA2_Stream6_IRQHandler</a> from startup_stm32f429_439xx.o(.text) referenced from startup_stm32f429_439xx.o(RESET)
 <LI><a href="#[fb]">DMA2_Stream7_IRQHandler</a> from startup_stm32f429_439xx.o(.text) referenced from startup_stm32f429_439xx.o(RESET)
 <LI><a href="#[b2]">DebugMon_Handler</a> from stm32f4xx_it.o(i.DebugMon_Handler) referenced from startup_stm32f429_439xx.o(RESET)
 <LI><a href="#[f2]">ETH_IRQHandler</a> from stm32f4xx_it.o(i.ETH_IRQHandler) referenced from startup_stm32f429_439xx.o(RESET)
 <LI><a href="#[f3]">ETH_WKUP_IRQHandler</a> from startup_stm32f429_439xx.o(.text) referenced from startup_stm32f429_439xx.o(RESET)
 <LI><a href="#[bb]">EXTI0_IRQHandler</a> from startup_stm32f429_439xx.o(.text) referenced from startup_stm32f429_439xx.o(RESET)
 <LI><a href="#[dd]">EXTI15_10_IRQHandler</a> from startup_stm32f429_439xx.o(.text) referenced from startup_stm32f429_439xx.o(RESET)
 <LI><a href="#[bc]">EXTI1_IRQHandler</a> from startup_stm32f429_439xx.o(.text) referenced from startup_stm32f429_439xx.o(RESET)
 <LI><a href="#[bd]">EXTI2_IRQHandler</a> from startup_stm32f429_439xx.o(.text) referenced from startup_stm32f429_439xx.o(RESET)
 <LI><a href="#[be]">EXTI3_IRQHandler</a> from startup_stm32f429_439xx.o(.text) referenced from startup_stm32f429_439xx.o(RESET)
 <LI><a href="#[bf]">EXTI4_IRQHandler</a> from startup_stm32f429_439xx.o(.text) referenced from startup_stm32f429_439xx.o(RESET)
 <LI><a href="#[cc]">EXTI9_5_IRQHandler</a> from startup_stm32f429_439xx.o(.text) referenced from startup_stm32f429_439xx.o(RESET)
 <LI><a href="#[155]">ElecLocked_ControlGunA</a> from connectccu_main.o(i.ElecLocked_ControlGunA) referenced from connectccu_main.o(.constdata)
 <LI><a href="#[15d]">ElecLocked_ControlGunB</a> from connectccu_main.o(i.ElecLocked_ControlGunB) referenced from connectccu_main.o(.constdata)
 <LI><a href="#[156]">ElecUnLocked_ControlGunA</a> from connectccu_main.o(i.ElecUnLocked_ControlGunA) referenced from connectccu_main.o(.constdata)
 <LI><a href="#[15e]">ElecUnLocked_ControlGunB</a> from connectccu_main.o(i.ElecUnLocked_ControlGunB) referenced from connectccu_main.o(.constdata)
 <LI><a href="#[b9]">FLASH_IRQHandler</a> from startup_stm32f429_439xx.o(.text) referenced from startup_stm32f429_439xx.o(RESET)
 <LI><a href="#[106]">FPU_IRQHandler</a> from startup_stm32f429_439xx.o(.text) referenced from startup_stm32f429_439xx.o(RESET)
 <LI><a href="#[e5]">FSMC_IRQHandler</a> from startup_stm32f429_439xx.o(.text) referenced from startup_stm32f429_439xx.o(RESET)
 <LI><a href="#[152]">GDW_ErrFrame</a> from connectccu_frame.o(i.GDW_ErrFrame) referenced from connectccu_main.o(.constdata)
 <LI><a href="#[151]">GDW_HeartFrame</a> from connectccu_frame.o(i.GDW_HeartFrame) referenced from connectccu_main.o(.constdata)
 <LI><a href="#[153]">GDW_JustFrame</a> from connectccu_frame.o(i.GDW_JustFrame) referenced from connectccu_main.o(.constdata)
 <LI><a href="#[14a]">GDW_PowerConfigFrame</a> from connectccu_frame.o(i.GDW_PowerConfigFrame) referenced from connectccu_main.o(.constdata)
 <LI><a href="#[14f]">GDW_ReStartOverFrame</a> from connectccu_frame.o(i.GDW_ReStartOverFrame) referenced from connectccu_main.o(.constdata)
 <LI><a href="#[150]">GDW_ReStopOverFrame</a> from connectccu_frame.o(i.GDW_ReStopOverFrame) referenced from connectccu_main.o(.constdata)
 <LI><a href="#[149]">GDW_SDDZLockFrame</a> from connectccu_frame.o(i.GDW_SDDZLockFrame) referenced from connectccu_main.o(.constdata)
 <LI><a href="#[14c]">GDW_SDHandStartFrame</a> from connectccu_frame.o(i.GDW_SDHandStartFrame) referenced from connectccu_main.o(.constdata)
 <LI><a href="#[14b]">GDW_SDSYSConfig1Frame</a> from connectccu_frame.o(i.GDW_SDSYSConfig1Frame) referenced from connectccu_main.o(.constdata)
 <LI><a href="#[14d]">GDW_SDSYSConfig2Frame</a> from connectccu_frame.o(i.GDW_SDSYSConfig2Frame) referenced from connectccu_main.o(.constdata)
 <LI><a href="#[14e]">GDW_SDSYSConfig3Frame</a> from connectccu_frame.o(i.GDW_SDSYSConfig3Frame) referenced from connectccu_main.o(.constdata)
 <LI><a href="#[148]">GDW_SDServiceFrame</a> from connectccu_frame.o(i.GDW_SDServiceFrame) referenced from connectccu_main.o(.constdata)
 <LI><a href="#[146]">GDW_SDTimeSetFrame</a> from connectccu_frame.o(i.GDW_SDTimeSetFrame) referenced from connectccu_main.o(.constdata)
 <LI><a href="#[147]">GDW_SDVersionFrame</a> from connectccu_frame.o(i.GDW_SDVersionFrame) referenced from connectccu_main.o(.constdata)
 <LI><a href="#[144]">GDW_StartFrame</a> from connectccu_frame.o(i.GDW_StartFrame) referenced from connectccu_main.o(.constdata)
 <LI><a href="#[145]">GDW_StopFrame</a> from connectccu_frame.o(i.GDW_StopFrame) referenced from connectccu_main.o(.constdata)
 <LI><a href="#[105]">HASH_RNG_IRQHandler</a> from startup_stm32f429_439xx.o(.text) referenced from startup_stm32f429_439xx.o(RESET)
 <LI><a href="#[aa]">HFQG_RecvBillAck</a> from hfqgframe.o(i.HFQG_RecvBillAck) referenced 2 times from hfqgframe.o(.data)
 <LI><a href="#[a6]">HFQG_RecvChargeInfoAck</a> from hfqgframe.o(i.HFQG_RecvChargeInfoAck) referenced 2 times from hfqgframe.o(.data)
 <LI><a href="#[a7]">HFQG_RecvChargeInfoQuery</a> from hfqgframe.o(i.HFQG_RecvChargeInfoQuery) referenced 2 times from hfqgframe.o(.data)
 <LI><a href="#[a3]">HFQG_RecvDevStateAck</a> from hfqgframe.o(i.HFQG_RecvDevStateAck) referenced 2 times from hfqgframe.o(.data)
 <LI><a href="#[a4]">HFQG_RecvDevStateQuery</a> from hfqgframe.o(i.HFQG_RecvDevStateQuery) referenced 2 times from hfqgframe.o(.data)
 <LI><a href="#[a2]">HFQG_RecvHearAck</a> from hfqgframe.o(i.HFQG_RecvHearAck) referenced 2 times from hfqgframe.o(.data)
 <LI><a href="#[a1]">HFQG_RecvRegisterAck</a> from hfqgframe.o(i.HFQG_RecvRegisterAck) referenced 2 times from hfqgframe.o(.data)
 <LI><a href="#[a5]">HFQG_RecvStartCharge</a> from hfqgframe.o(i.HFQG_RecvStartCharge) referenced 2 times from hfqgframe.o(.data)
 <LI><a href="#[a9]">HFQG_RecvStopCharge</a> from hfqgframe.o(i.HFQG_RecvStopCharge) referenced 2 times from hfqgframe.o(.data)
 <LI><a href="#[a8]">HFQG_RecvStopChargeAck</a> from hfqgframe.o(i.HFQG_RecvStopChargeAck) referenced 2 times from hfqgframe.o(.data)
 <LI><a href="#[9f]">HFQG_SendChargeGunA</a> from hfqgframe.o(i.HFQG_SendChargeGunA) referenced 2 times from hfqgframe.o(.data)
 <LI><a href="#[a0]">HFQG_SendChargeGunB</a> from hfqgframe.o(i.HFQG_SendChargeGunB) referenced 2 times from hfqgframe.o(.data)
 <LI><a href="#[9e]">HFQG_SendDevState</a> from hfqgframe.o(i.HFQG_SendDevState) referenced 2 times from hfqgframe.o(.data)
 <LI><a href="#[9d]">HFQG_SendHear</a> from hfqgframe.o(i.HFQG_SendHear) referenced 2 times from hfqgframe.o(.data)
 <LI><a href="#[9c]">HFQG_SendRegister</a> from hfqgframe.o(i.HFQG_SendRegister) referenced 2 times from hfqgframe.o(.data)
 <LI><a href="#[6]">HYDisplayMenu0</a> from dispkeyfunction.o(i.HYDisplayMenu0) referenced 2 times from menudisp.o(.data)
 <LI><a href="#[8]">HYDisplayMenu1</a> from dispkeyfunction.o(i.HYDisplayMenu1) referenced 2 times from menudisp.o(.data)
 <LI><a href="#[1a]">HYDisplayMenu10</a> from dispkeyfunction.o(i.HYDisplayMenu10) referenced 2 times from menudisp.o(.data)
 <LI><a href="#[1c]">HYDisplayMenu11</a> from dispkeyfunction.o(i.HYDisplayMenu11) referenced 2 times from menudisp.o(.data)
 <LI><a href="#[1e]">HYDisplayMenu12</a> from dispkeyfunction.o(i.HYDisplayMenu12) referenced 2 times from menudisp.o(.data)
 <LI><a href="#[20]">HYDisplayMenu13</a> from dispkeyfunction.o(i.HYDisplayMenu13) referenced 2 times from menudisp.o(.data)
 <LI><a href="#[22]">HYDisplayMenu14</a> from dispkeyfunction.o(i.HYDisplayMenu14) referenced 2 times from menudisp.o(.data)
 <LI><a href="#[24]">HYDisplayMenu15</a> from dispkeyfunction.o(i.HYDisplayMenu15) referenced 2 times from menudisp.o(.data)
 <LI><a href="#[26]">HYDisplayMenu16</a> from dispkeyfunction.o(i.HYDisplayMenu16) referenced 2 times from menudisp.o(.data)
 <LI><a href="#[28]">HYDisplayMenu17</a> from dispkeyfunction.o(i.HYDisplayMenu17) referenced 2 times from menudisp.o(.data)
 <LI><a href="#[2a]">HYDisplayMenu18</a> from dispkeyfunction.o(i.HYDisplayMenu18) referenced 2 times from menudisp.o(.data)
 <LI><a href="#[2c]">HYDisplayMenu19</a> from dispkeyfunction.o(i.HYDisplayMenu19) referenced 2 times from menudisp.o(.data)
 <LI><a href="#[a]">HYDisplayMenu2</a> from dispkeyfunction.o(i.HYDisplayMenu2) referenced 2 times from menudisp.o(.data)
 <LI><a href="#[2e]">HYDisplayMenu20</a> from dispkeyfunction.o(i.HYDisplayMenu20) referenced 2 times from menudisp.o(.data)
 <LI><a href="#[30]">HYDisplayMenu21</a> from dispkeyfunction.o(i.HYDisplayMenu21) referenced 2 times from menudisp.o(.data)
 <LI><a href="#[32]">HYDisplayMenu22</a> from dispkeyfunction.o(i.HYDisplayMenu22) referenced 2 times from menudisp.o(.data)
 <LI><a href="#[34]">HYDisplayMenu23</a> from dispkeyfunction.o(i.HYDisplayMenu23) referenced 2 times from menudisp.o(.data)
 <LI><a href="#[36]">HYDisplayMenu24</a> from dispkeyfunction.o(i.HYDisplayMenu24) referenced 2 times from menudisp.o(.data)
 <LI><a href="#[38]">HYDisplayMenu25</a> from dispkeyfunction.o(i.HYDisplayMenu25) referenced 2 times from menudisp.o(.data)
 <LI><a href="#[3a]">HYDisplayMenu26</a> from dispkeyfunction.o(i.HYDisplayMenu26) referenced 2 times from menudisp.o(.data)
 <LI><a href="#[3c]">HYDisplayMenu27</a> from dispkeyfunction.o(i.HYDisplayMenu27) referenced 2 times from menudisp.o(.data)
 <LI><a href="#[3e]">HYDisplayMenu28</a> from dispkeyfunction.o(i.HYDisplayMenu28) referenced 2 times from menudisp.o(.data)
 <LI><a href="#[40]">HYDisplayMenu29</a> from dispkeyfunction.o(i.HYDisplayMenu29) referenced 2 times from menudisp.o(.data)
 <LI><a href="#[c]">HYDisplayMenu3</a> from dispkeyfunction.o(i.HYDisplayMenu3) referenced 2 times from menudisp.o(.data)
 <LI><a href="#[42]">HYDisplayMenu30</a> from dispkeyfunction.o(i.HYDisplayMenu30) referenced 2 times from menudisp.o(.data)
 <LI><a href="#[44]">HYDisplayMenu31</a> from dispkeyfunction.o(i.HYDisplayMenu31) referenced 2 times from menudisp.o(.data)
 <LI><a href="#[46]">HYDisplayMenu32</a> from dispkeyfunction.o(i.HYDisplayMenu32) referenced 2 times from menudisp.o(.data)
 <LI><a href="#[48]">HYDisplayMenu33</a> from dispkeyfunction.o(i.HYDisplayMenu33) referenced 2 times from menudisp.o(.data)
 <LI><a href="#[4a]">HYDisplayMenu34</a> from dispkeyfunction.o(i.HYDisplayMenu34) referenced 2 times from menudisp.o(.data)
 <LI><a href="#[4c]">HYDisplayMenu35</a> from dispkeyfunction.o(i.HYDisplayMenu35) referenced 2 times from menudisp.o(.data)
 <LI><a href="#[4e]">HYDisplayMenu36</a> from dispkeyfunction.o(i.HYDisplayMenu36) referenced 2 times from menudisp.o(.data)
 <LI><a href="#[50]">HYDisplayMenu37</a> from dispkeyfunction.o(i.HYDisplayMenu37) referenced 2 times from menudisp.o(.data)
 <LI><a href="#[52]">HYDisplayMenu38</a> from dispkeyfunction.o(i.HYDisplayMenu38) referenced 2 times from menudisp.o(.data)
 <LI><a href="#[54]">HYDisplayMenu39</a> from dispkeyfunction.o(i.HYDisplayMenu39) referenced 2 times from menudisp.o(.data)
 <LI><a href="#[e]">HYDisplayMenu4</a> from dispkeyfunction.o(i.HYDisplayMenu4) referenced 2 times from menudisp.o(.data)
 <LI><a href="#[56]">HYDisplayMenu40</a> from dispkeyfunction.o(i.HYDisplayMenu40) referenced 2 times from menudisp.o(.data)
 <LI><a href="#[58]">HYDisplayMenu41</a> from dispkeyfunction.o(i.HYDisplayMenu41) referenced 2 times from menudisp.o(.data)
 <LI><a href="#[5a]">HYDisplayMenu42</a> from dispkeyfunction.o(i.HYDisplayMenu42) referenced 2 times from menudisp.o(.data)
 <LI><a href="#[5c]">HYDisplayMenu43</a> from dispkeyfunction.o(i.HYDisplayMenu43) referenced 2 times from menudisp.o(.data)
 <LI><a href="#[5e]">HYDisplayMenu44</a> from dispkeyfunction.o(i.HYDisplayMenu44) referenced 2 times from menudisp.o(.data)
 <LI><a href="#[60]">HYDisplayMenu45</a> from dispkeyfunction.o(i.HYDisplayMenu45) referenced 2 times from menudisp.o(.data)
 <LI><a href="#[62]">HYDisplayMenu46</a> from dispkeyfunction.o(i.HYDisplayMenu46) referenced 2 times from menudisp.o(.data)
 <LI><a href="#[64]">HYDisplayMenu47</a> from dispkeyfunction.o(i.HYDisplayMenu47) referenced 2 times from menudisp.o(.data)
 <LI><a href="#[66]">HYDisplayMenu48</a> from dispkeyfunction.o(i.HYDisplayMenu48) referenced 2 times from menudisp.o(.data)
 <LI><a href="#[68]">HYDisplayMenu49</a> from dispkeyfunction.o(i.HYDisplayMenu49) referenced 2 times from menudisp.o(.data)
 <LI><a href="#[10]">HYDisplayMenu5</a> from dispkeyfunction.o(i.HYDisplayMenu5) referenced 2 times from menudisp.o(.data)
 <LI><a href="#[6a]">HYDisplayMenu50</a> from dispkeyfunction.o(i.HYDisplayMenu50) referenced 2 times from menudisp.o(.data)
 <LI><a href="#[6c]">HYDisplayMenu51</a> from dispkeyfunction.o(i.HYDisplayMenu51) referenced 2 times from menudisp.o(.data)
 <LI><a href="#[6e]">HYDisplayMenu52</a> from dispkeyfunction.o(i.HYDisplayMenu52) referenced 2 times from menudisp.o(.data)
 <LI><a href="#[70]">HYDisplayMenu53</a> from dispkeyfunction.o(i.HYDisplayMenu53) referenced 2 times from menudisp.o(.data)
 <LI><a href="#[72]">HYDisplayMenu54</a> from dispkeyfunction.o(i.HYDisplayMenu54) referenced 2 times from menudisp.o(.data)
 <LI><a href="#[74]">HYDisplayMenu55</a> from dispkeyfunction.o(i.HYDisplayMenu55) referenced 2 times from menudisp.o(.data)
 <LI><a href="#[76]">HYDisplayMenu56</a> from dispkeyfunction.o(i.HYDisplayMenu56) referenced 2 times from menudisp.o(.data)
 <LI><a href="#[78]">HYDisplayMenu57</a> from dispkeyfunction.o(i.HYDisplayMenu57) referenced 2 times from menudisp.o(.data)
 <LI><a href="#[7a]">HYDisplayMenu58</a> from dispkeyfunction.o(i.HYDisplayMenu58) referenced 2 times from menudisp.o(.data)
 <LI><a href="#[7c]">HYDisplayMenu59</a> from dispkeyfunction.o(i.HYDisplayMenu59) referenced 2 times from menudisp.o(.data)
 <LI><a href="#[12]">HYDisplayMenu6</a> from dispkeyfunction.o(i.HYDisplayMenu6) referenced 2 times from menudisp.o(.data)
 <LI><a href="#[7e]">HYDisplayMenu60</a> from dispkeyfunction.o(i.HYDisplayMenu60) referenced 2 times from menudisp.o(.data)
 <LI><a href="#[80]">HYDisplayMenu61</a> from dispkeyfunction.o(i.HYDisplayMenu61) referenced 2 times from menudisp.o(.data)
 <LI><a href="#[82]">HYDisplayMenu62</a> from dispkeyfunction.o(i.HYDisplayMenu62) referenced 2 times from menudisp.o(.data)
 <LI><a href="#[84]">HYDisplayMenu63</a> from dispkeyfunction.o(i.HYDisplayMenu63) referenced 2 times from menudisp.o(.data)
 <LI><a href="#[86]">HYDisplayMenu64</a> from dispkeyfunction.o(i.HYDisplayMenu64) referenced 2 times from menudisp.o(.data)
 <LI><a href="#[88]">HYDisplayMenu65</a> from dispkeyfunction.o(i.HYDisplayMenu65) referenced 4 times from menudisp.o(.data)
 <LI><a href="#[14]">HYDisplayMenu7</a> from dispkeyfunction.o(i.HYDisplayMenu7) referenced 2 times from menudisp.o(.data)
 <LI><a href="#[8b]">HYDisplayMenu73</a> from dispkeyfunction.o(i.HYDisplayMenu73) referenced 2 times from menudisp.o(.data)
 <LI><a href="#[8d]">HYDisplayMenu74</a> from dispkeyfunction.o(i.HYDisplayMenu74) referenced 2 times from menudisp.o(.data)
 <LI><a href="#[8f]">HYDisplayMenu75</a> from dispkeyfunction.o(i.HYDisplayMenu75) referenced 2 times from menudisp.o(.data)
 <LI><a href="#[91]">HYDisplayMenu76</a> from dispkeyfunction.o(i.HYDisplayMenu76) referenced 2 times from menudisp.o(.data)
 <LI><a href="#[93]">HYDisplayMenu77</a> from dispkeyfunction.o(i.HYDisplayMenu77) referenced 2 times from menudisp.o(.data)
 <LI><a href="#[95]">HYDisplayMenu78</a> from dispkeyfunction.o(i.HYDisplayMenu78) referenced 2 times from menudisp.o(.data)
 <LI><a href="#[97]">HYDisplayMenu79</a> from dispkeyfunction.o(i.HYDisplayMenu79) referenced 2 times from menudisp.o(.data)
 <LI><a href="#[16]">HYDisplayMenu8</a> from dispkeyfunction.o(i.HYDisplayMenu8) referenced 2 times from menudisp.o(.data)
 <LI><a href="#[99]">HYDisplayMenu80</a> from dispkeyfunction.o(i.HYDisplayMenu80) referenced 2 times from menudisp.o(.data)
 <LI><a href="#[9b]">HYDisplayMenu81</a> from dispkeyfunction.o(i.HYDisplayMenu81) referenced 2 times from menudisp.o(.data)
 <LI><a href="#[18]">HYDisplayMenu9</a> from dispkeyfunction.o(i.HYDisplayMenu9) referenced 2 times from menudisp.o(.data)
 <LI><a href="#[5]">HYKeyEvent0</a> from dispkey.o(i.HYKeyEvent0) referenced 2 times from menudisp.o(.data)
 <LI><a href="#[7]">HYKeyEvent1</a> from dispkey.o(i.HYKeyEvent1) referenced 2 times from menudisp.o(.data)
 <LI><a href="#[19]">HYKeyEvent10</a> from dispkey.o(i.HYKeyEvent10) referenced 2 times from menudisp.o(.data)
 <LI><a href="#[1b]">HYKeyEvent11</a> from dispkey.o(i.HYKeyEvent11) referenced 2 times from menudisp.o(.data)
 <LI><a href="#[1d]">HYKeyEvent12</a> from dispkey.o(i.HYKeyEvent12) referenced 2 times from menudisp.o(.data)
 <LI><a href="#[1f]">HYKeyEvent13</a> from dispkey.o(i.HYKeyEvent13) referenced 2 times from menudisp.o(.data)
 <LI><a href="#[21]">HYKeyEvent14</a> from dispkey.o(i.HYKeyEvent14) referenced 2 times from menudisp.o(.data)
 <LI><a href="#[23]">HYKeyEvent15</a> from dispkey.o(i.HYKeyEvent15) referenced 2 times from menudisp.o(.data)
 <LI><a href="#[25]">HYKeyEvent16</a> from dispkey.o(i.HYKeyEvent16) referenced 2 times from menudisp.o(.data)
 <LI><a href="#[27]">HYKeyEvent17</a> from dispkey.o(i.HYKeyEvent17) referenced 2 times from menudisp.o(.data)
 <LI><a href="#[29]">HYKeyEvent18</a> from dispkey.o(i.HYKeyEvent18) referenced 2 times from menudisp.o(.data)
 <LI><a href="#[2b]">HYKeyEvent19</a> from dispkey.o(i.HYKeyEvent19) referenced 2 times from menudisp.o(.data)
 <LI><a href="#[9]">HYKeyEvent2</a> from dispkey.o(i.HYKeyEvent2) referenced 2 times from menudisp.o(.data)
 <LI><a href="#[2d]">HYKeyEvent20</a> from dispkey.o(i.HYKeyEvent20) referenced 2 times from menudisp.o(.data)
 <LI><a href="#[2f]">HYKeyEvent21</a> from dispkey.o(i.HYKeyEvent21) referenced 2 times from menudisp.o(.data)
 <LI><a href="#[31]">HYKeyEvent22</a> from dispkey.o(i.HYKeyEvent22) referenced 2 times from menudisp.o(.data)
 <LI><a href="#[33]">HYKeyEvent23</a> from dispkey.o(i.HYKeyEvent23) referenced 2 times from menudisp.o(.data)
 <LI><a href="#[35]">HYKeyEvent24</a> from dispkey.o(i.HYKeyEvent24) referenced 2 times from menudisp.o(.data)
 <LI><a href="#[37]">HYKeyEvent25</a> from dispkey.o(i.HYKeyEvent25) referenced 2 times from menudisp.o(.data)
 <LI><a href="#[39]">HYKeyEvent26</a> from dispkey.o(i.HYKeyEvent26) referenced 2 times from menudisp.o(.data)
 <LI><a href="#[3b]">HYKeyEvent27</a> from dispkey.o(i.HYKeyEvent27) referenced 2 times from menudisp.o(.data)
 <LI><a href="#[3d]">HYKeyEvent28</a> from dispkey.o(i.HYKeyEvent28) referenced 2 times from menudisp.o(.data)
 <LI><a href="#[3f]">HYKeyEvent29</a> from dispkey.o(i.HYKeyEvent29) referenced 2 times from menudisp.o(.data)
 <LI><a href="#[b]">HYKeyEvent3</a> from dispkey.o(i.HYKeyEvent3) referenced 2 times from menudisp.o(.data)
 <LI><a href="#[41]">HYKeyEvent30</a> from dispkey.o(i.HYKeyEvent30) referenced 2 times from menudisp.o(.data)
 <LI><a href="#[43]">HYKeyEvent31</a> from dispkey.o(i.HYKeyEvent31) referenced 2 times from menudisp.o(.data)
 <LI><a href="#[45]">HYKeyEvent32</a> from dispkey.o(i.HYKeyEvent32) referenced 2 times from menudisp.o(.data)
 <LI><a href="#[47]">HYKeyEvent33</a> from dispkey.o(i.HYKeyEvent33) referenced 2 times from menudisp.o(.data)
 <LI><a href="#[49]">HYKeyEvent34</a> from dispkey.o(i.HYKeyEvent34) referenced 2 times from menudisp.o(.data)
 <LI><a href="#[4b]">HYKeyEvent35</a> from dispkey.o(i.HYKeyEvent35) referenced 2 times from menudisp.o(.data)
 <LI><a href="#[4d]">HYKeyEvent36</a> from dispkey.o(i.HYKeyEvent36) referenced 2 times from menudisp.o(.data)
 <LI><a href="#[4f]">HYKeyEvent37</a> from dispkey.o(i.HYKeyEvent37) referenced 2 times from menudisp.o(.data)
 <LI><a href="#[51]">HYKeyEvent38</a> from dispkey.o(i.HYKeyEvent38) referenced 2 times from menudisp.o(.data)
 <LI><a href="#[53]">HYKeyEvent39</a> from dispkey.o(i.HYKeyEvent39) referenced 2 times from menudisp.o(.data)
 <LI><a href="#[d]">HYKeyEvent4</a> from dispkey.o(i.HYKeyEvent4) referenced 2 times from menudisp.o(.data)
 <LI><a href="#[55]">HYKeyEvent40</a> from dispkey.o(i.HYKeyEvent40) referenced 2 times from menudisp.o(.data)
 <LI><a href="#[57]">HYKeyEvent41</a> from dispkey.o(i.HYKeyEvent41) referenced 2 times from menudisp.o(.data)
 <LI><a href="#[59]">HYKeyEvent42</a> from dispkey.o(i.HYKeyEvent42) referenced 2 times from menudisp.o(.data)
 <LI><a href="#[5b]">HYKeyEvent43</a> from dispkey.o(i.HYKeyEvent43) referenced 2 times from menudisp.o(.data)
 <LI><a href="#[5d]">HYKeyEvent44</a> from dispkey.o(i.HYKeyEvent44) referenced 2 times from menudisp.o(.data)
 <LI><a href="#[5f]">HYKeyEvent45</a> from dispkey.o(i.HYKeyEvent45) referenced 2 times from menudisp.o(.data)
 <LI><a href="#[61]">HYKeyEvent46</a> from dispkey.o(i.HYKeyEvent46) referenced 2 times from menudisp.o(.data)
 <LI><a href="#[63]">HYKeyEvent47</a> from dispkey.o(i.HYKeyEvent47) referenced 2 times from menudisp.o(.data)
 <LI><a href="#[65]">HYKeyEvent48</a> from dispkey.o(i.HYKeyEvent48) referenced 2 times from menudisp.o(.data)
 <LI><a href="#[67]">HYKeyEvent49</a> from dispkey.o(i.HYKeyEvent49) referenced 2 times from menudisp.o(.data)
 <LI><a href="#[f]">HYKeyEvent5</a> from dispkey.o(i.HYKeyEvent5) referenced 2 times from menudisp.o(.data)
 <LI><a href="#[69]">HYKeyEvent50</a> from dispkey.o(i.HYKeyEvent50) referenced 2 times from menudisp.o(.data)
 <LI><a href="#[6b]">HYKeyEvent51</a> from dispkey.o(i.HYKeyEvent51) referenced 2 times from menudisp.o(.data)
 <LI><a href="#[6d]">HYKeyEvent52</a> from dispkey.o(i.HYKeyEvent52) referenced 2 times from menudisp.o(.data)
 <LI><a href="#[6f]">HYKeyEvent53</a> from dispkey.o(i.HYKeyEvent53) referenced 2 times from menudisp.o(.data)
 <LI><a href="#[71]">HYKeyEvent54</a> from dispkey.o(i.HYKeyEvent54) referenced 2 times from menudisp.o(.data)
 <LI><a href="#[73]">HYKeyEvent55</a> from dispkey.o(i.HYKeyEvent55) referenced 2 times from menudisp.o(.data)
 <LI><a href="#[75]">HYKeyEvent56</a> from dispkey.o(i.HYKeyEvent56) referenced 2 times from menudisp.o(.data)
 <LI><a href="#[77]">HYKeyEvent57</a> from dispkey.o(i.HYKeyEvent57) referenced 2 times from menudisp.o(.data)
 <LI><a href="#[79]">HYKeyEvent58</a> from dispkey.o(i.HYKeyEvent58) referenced 2 times from menudisp.o(.data)
 <LI><a href="#[7b]">HYKeyEvent59</a> from dispkey.o(i.HYKeyEvent59) referenced 2 times from menudisp.o(.data)
 <LI><a href="#[11]">HYKeyEvent6</a> from dispkey.o(i.HYKeyEvent6) referenced 2 times from menudisp.o(.data)
 <LI><a href="#[7d]">HYKeyEvent60</a> from dispkey.o(i.HYKeyEvent60) referenced 2 times from menudisp.o(.data)
 <LI><a href="#[7f]">HYKeyEvent61</a> from dispkey.o(i.HYKeyEvent61) referenced 2 times from menudisp.o(.data)
 <LI><a href="#[81]">HYKeyEvent62</a> from dispkey.o(i.HYKeyEvent62) referenced 2 times from menudisp.o(.data)
 <LI><a href="#[83]">HYKeyEvent63</a> from dispkey.o(i.HYKeyEvent63) referenced 2 times from menudisp.o(.data)
 <LI><a href="#[85]">HYKeyEvent64</a> from dispkey.o(i.HYKeyEvent64) referenced 2 times from menudisp.o(.data)
 <LI><a href="#[87]">HYKeyEvent65</a> from dispkey.o(i.HYKeyEvent65) referenced 2 times from menudisp.o(.data)
 <LI><a href="#[89]">HYKeyEvent66</a> from dispkey.o(i.HYKeyEvent66) referenced 2 times from menudisp.o(.data)
 <LI><a href="#[13]">HYKeyEvent7</a> from dispkey.o(i.HYKeyEvent7) referenced 2 times from menudisp.o(.data)
 <LI><a href="#[8a]">HYKeyEvent73</a> from dispkey.o(i.HYKeyEvent73) referenced 2 times from menudisp.o(.data)
 <LI><a href="#[8c]">HYKeyEvent74</a> from dispkey.o(i.HYKeyEvent74) referenced 2 times from menudisp.o(.data)
 <LI><a href="#[8e]">HYKeyEvent75</a> from dispkey.o(i.HYKeyEvent75) referenced 2 times from menudisp.o(.data)
 <LI><a href="#[90]">HYKeyEvent76</a> from dispkey.o(i.HYKeyEvent76) referenced 2 times from menudisp.o(.data)
 <LI><a href="#[92]">HYKeyEvent77</a> from dispkey.o(i.HYKeyEvent77) referenced 2 times from menudisp.o(.data)
 <LI><a href="#[94]">HYKeyEvent78</a> from dispkey.o(i.HYKeyEvent78) referenced 2 times from menudisp.o(.data)
 <LI><a href="#[96]">HYKeyEvent79</a> from dispkey.o(i.HYKeyEvent79) referenced 2 times from menudisp.o(.data)
 <LI><a href="#[15]">HYKeyEvent8</a> from dispkey.o(i.HYKeyEvent8) referenced 2 times from menudisp.o(.data)
 <LI><a href="#[98]">HYKeyEvent80</a> from dispkey.o(i.HYKeyEvent80) referenced 2 times from menudisp.o(.data)
 <LI><a href="#[9a]">HYKeyEvent81</a> from dispkey.o(i.HYKeyEvent81) referenced 2 times from menudisp.o(.data)
 <LI><a href="#[17]">HYKeyEvent9</a> from dispkey.o(i.HYKeyEvent9) referenced 2 times from menudisp.o(.data)
 <LI><a href="#[ad]">HardFault_Handler</a> from stm32f4xx_it.o(i.HardFault_Handler) referenced from startup_stm32f429_439xx.o(RESET)
 <LI><a href="#[d5]">I2C1_ER_IRQHandler</a> from startup_stm32f429_439xx.o(.text) referenced from startup_stm32f429_439xx.o(RESET)
 <LI><a href="#[d4]">I2C1_EV_IRQHandler</a> from startup_stm32f429_439xx.o(.text) referenced from startup_stm32f429_439xx.o(RESET)
 <LI><a href="#[d7]">I2C2_ER_IRQHandler</a> from startup_stm32f429_439xx.o(.text) referenced from startup_stm32f429_439xx.o(RESET)
 <LI><a href="#[d6]">I2C2_EV_IRQHandler</a> from startup_stm32f429_439xx.o(.text) referenced from startup_stm32f429_439xx.o(RESET)
 <LI><a href="#[fe]">I2C3_ER_IRQHandler</a> from startup_stm32f429_439xx.o(.text) referenced from startup_stm32f429_439xx.o(RESET)
 <LI><a href="#[fd]">I2C3_EV_IRQHandler</a> from startup_stm32f429_439xx.o(.text) referenced from startup_stm32f429_439xx.o(RESET)
 <LI><a href="#[ae]">MemManage_Handler</a> from stm32f4xx_it.o(i.MemManage_Handler) referenced from startup_stm32f429_439xx.o(RESET)
 <LI><a href="#[128]">Munu3_16_CodeDispose</a> from displaymain.o(i.Munu3_16_CodeDispose) referenced from displaymain.o(.constdata)
 <LI><a href="#[129]">Munu3_CodeDispose</a> from displaymain.o(i.Munu3_CodeDispose) referenced from displaymain.o(.constdata)
 <LI><a href="#[143]">Munu48_PrcDispose</a> from displaymain.o(i.Munu48_PrcDispose) referenced from displaymain.o(.constdata)
 <LI><a href="#[12a]">Munu50_HANDADispose</a> from displaymain.o(i.Munu50_HANDADispose) referenced from displaymain.o(.constdata)
 <LI><a href="#[12b]">Munu51_HANDBDispose</a> from displaymain.o(i.Munu51_HANDBDispose) referenced from displaymain.o(.constdata)
 <LI><a href="#[12c]">Munu52_DevnumDispose</a> from displaymain.o(i.Munu52_DevnumDispose) referenced from displaymain.o(.constdata)
 <LI><a href="#[12f]">Munu52_MacMaxVolDispose</a> from displaymain.o(i.Munu52_MacMaxVolDispose) referenced from displaymain.o(.constdata)
 <LI><a href="#[130]">Munu52_MacMinVolDispose</a> from displaymain.o(i.Munu52_MacMinVolDispose) referenced from displaymain.o(.constdata)
 <LI><a href="#[131]">Munu52_MaxOutCurDispose</a> from displaymain.o(i.Munu52_MaxOutCurDispose) referenced from displaymain.o(.constdata)
 <LI><a href="#[12e]">Munu52_ModuleNumDispose</a> from displaymain.o(i.Munu52_ModuleNumDispose) referenced from displaymain.o(.constdata)
 <LI><a href="#[134]">Munu52_OutDcCurDispose</a> from displaymain.o(i.Munu52_OutDcCurDispose) referenced from displaymain.o(.constdata)
 <LI><a href="#[133]">Munu52_OutDcVolDispose</a> from displaymain.o(i.Munu52_OutDcVolDispose) referenced from displaymain.o(.constdata)
 <LI><a href="#[12d]">Munu52_ProNumDispose</a> from displaymain.o(i.Munu52_ProNumDispose) referenced from displaymain.o(.constdata)
 <LI><a href="#[135]">Munu52_SOCDispose</a> from displaymain.o(i.Munu52_SOCDispose) referenced from displaymain.o(.constdata)
 <LI><a href="#[132]">Munu52_UseGunDispose</a> from displaymain.o(i.Munu52_UseGunDispose) referenced from displaymain.o(.constdata)
 <LI><a href="#[138]">Munu53_MeterAddADispose</a> from displaymain.o(i.Munu53_MeterAddADispose) referenced from displaymain.o(.constdata)
 <LI><a href="#[139]">Munu53_MeterAddBDispose</a> from displaymain.o(i.Munu53_MeterAddBDispose) referenced from displaymain.o(.constdata)
 <LI><a href="#[137]">Munu53_acinputdownvalueDispose</a> from displaymain.o(i.Munu53_acinputdownvalueDispose) referenced from displaymain.o(.constdata)
 <LI><a href="#[136]">Munu53_acinputupvalueDispose</a> from displaymain.o(i.Munu53_acinputupvalueDispose) referenced from displaymain.o(.constdata)
 <LI><a href="#[13a]">Munu54_SetTimeDispose</a> from displaymain.o(i.Munu54_SetTimeDispose) referenced from displaymain.o(.constdata)
 <LI><a href="#[13b]">Munu57_Just1Dispose</a> from displaymain.o(i.Munu57_Just1Dispose) referenced from displaymain.o(.constdata)
 <LI><a href="#[13c]">Munu57_Just2Dispose</a> from displaymain.o(i.Munu57_Just2Dispose) referenced from displaymain.o(.constdata)
 <LI><a href="#[13d]">Munu58_Just1Dispose</a> from displaymain.o(i.Munu58_Just1Dispose) referenced from displaymain.o(.constdata)
 <LI><a href="#[13e]">Munu58_Just2Dispose</a> from displaymain.o(i.Munu58_Just2Dispose) referenced from displaymain.o(.constdata)
 <LI><a href="#[13f]">Munu59_Just1Dispose</a> from displaymain.o(i.Munu59_Just1Dispose) referenced from displaymain.o(.constdata)
 <LI><a href="#[140]">Munu59_Just2Dispose</a> from displaymain.o(i.Munu59_Just2Dispose) referenced from displaymain.o(.constdata)
 <LI><a href="#[141]">Munu60_Just1Dispose</a> from displaymain.o(i.Munu60_Just1Dispose) referenced from displaymain.o(.constdata)
 <LI><a href="#[142]">Munu60_Just2Dispose</a> from displaymain.o(i.Munu60_Just2Dispose) referenced from displaymain.o(.constdata)
 <LI><a href="#[ac]">NMI_Handler</a> from stm32f4xx_it.o(i.NMI_Handler) referenced from startup_stm32f429_439xx.o(RESET)
 <LI><a href="#[10a]">OSTaskSwHook</a> from os_cpu_c.o(i.OSTaskSwHook) referenced from os_cpu_a.o(.text)
 <LI><a href="#[10c]">OSTmr_Task</a> from ucos_ii.o(i.OSTmr_Task) referenced from ucos_ii.o(i.OSTmr_InitTask)
 <LI><a href="#[b3]">OS_CPU_PendSVHandler</a> from os_cpu_a.o(.text) referenced from startup_stm32f429_439xx.o(RESET)
 <LI><a href="#[b4]">OS_CPU_SysTickHandler</a> from stm32f4xx_it.o(i.OS_CPU_SysTickHandler) referenced from startup_stm32f429_439xx.o(RESET)
 <LI><a href="#[10d]">OS_TaskIdle</a> from ucos_ii.o(i.OS_TaskIdle) referenced from ucos_ii.o(i.OS_InitTaskIdle)
 <LI><a href="#[10b]">OS_TaskReturn</a> from ucos_ii.o(i.OS_TaskReturn) referenced from os_cpu_c.o(i.OSTaskStkInit)
 <LI><a href="#[10e]">OS_TaskStat</a> from ucos_ii.o(i.OS_TaskStat) referenced from ucos_ii.o(i.OS_InitTaskStat)
 <LI><a href="#[f8]">OTG_FS_IRQHandler</a> from stm32f4xx_it.o(i.OTG_FS_IRQHandler) referenced from startup_stm32f429_439xx.o(RESET)
 <LI><a href="#[df]">OTG_FS_WKUP_IRQHandler</a> from startup_stm32f429_439xx.o(.text) referenced from startup_stm32f429_439xx.o(RESET)
 <LI><a href="#[100]">OTG_HS_EP1_IN_IRQHandler</a> from startup_stm32f429_439xx.o(.text) referenced from startup_stm32f429_439xx.o(RESET)
 <LI><a href="#[ff]">OTG_HS_EP1_OUT_IRQHandler</a> from startup_stm32f429_439xx.o(.text) referenced from startup_stm32f429_439xx.o(RESET)
 <LI><a href="#[102]">OTG_HS_IRQHandler</a> from startup_stm32f429_439xx.o(.text) referenced from startup_stm32f429_439xx.o(RESET)
 <LI><a href="#[101]">OTG_HS_WKUP_IRQHandler</a> from startup_stm32f429_439xx.o(.text) referenced from startup_stm32f429_439xx.o(RESET)
 <LI><a href="#[b6]">PVD_IRQHandler</a> from startup_stm32f429_439xx.o(.text) referenced from startup_stm32f429_439xx.o(RESET)
 <LI><a href="#[159]">PowerSet_ControlGunA</a> from connectccu_main.o(i.PowerSet_ControlGunA) referenced from connectccu_main.o(.constdata)
 <LI><a href="#[161]">PowerSet_ControlGunB</a> from connectccu_main.o(i.PowerSet_ControlGunB) referenced from connectccu_main.o(.constdata)
 <LI><a href="#[16e]">ProtocolOperation_CCUYC</a> from connectccu_interface.o(i.ProtocolOperation_CCUYC) referenced from connectccu_main.o(.constdata)
 <LI><a href="#[16f]">ProtocolOperation_CCUYX1</a> from connectccu_interface.o(i.ProtocolOperation_CCUYX1) referenced from connectccu_main.o(.constdata)
 <LI><a href="#[170]">ProtocolOperation_CCUYX2</a> from connectccu_interface.o(i.ProtocolOperation_CCUYX2) referenced from connectccu_main.o(.constdata)
 <LI><a href="#[172]">ProtocolOperation_Err</a> from connectccu_interface.o(i.ProtocolOperation_Err) referenced from connectccu_main.o(.constdata)
 <LI><a href="#[171]">ProtocolOperation_Heart</a> from connectccu_interface.o(i.ProtocolOperation_Heart) referenced from connectccu_main.o(.constdata)
 <LI><a href="#[16b]">ProtocolOperation_ReDZLockSet</a> from connectccu_interface.o(i.ProtocolOperation_ReDZLockSet) referenced from connectccu_main.o(.constdata)
 <LI><a href="#[174]">ProtocolOperation_ReHandSet</a> from connectccu_interface.o(i.ProtocolOperation_ReHandSet) referenced from connectccu_main.o(.constdata)
 <LI><a href="#[177]">ProtocolOperation_ReJust</a> from connectccu_interface.o(i.ProtocolOperation_ReJust) referenced from connectccu_main.o(.constdata)
 <LI><a href="#[169]">ProtocolOperation_RePowerSet</a> from connectccu_interface.o(i.ProtocolOperation_RePowerSet) referenced 2 times from connectccu_main.o(.constdata)
 <LI><a href="#[16a]">ProtocolOperation_ReServiceSet</a> from connectccu_interface.o(i.ProtocolOperation_ReServiceSet) referenced from connectccu_main.o(.constdata)
 <LI><a href="#[173]">ProtocolOperation_ReSysParaSet1</a> from connectccu_interface.o(i.ProtocolOperation_ReSysParaSet1) referenced from connectccu_main.o(.constdata)
 <LI><a href="#[175]">ProtocolOperation_ReSysParaSet2</a> from connectccu_interface.o(i.ProtocolOperation_ReSysParaSet2) referenced from connectccu_main.o(.constdata)
 <LI><a href="#[176]">ProtocolOperation_ReSysParaSet3</a> from connectccu_interface.o(i.ProtocolOperation_ReSysParaSet3) referenced from connectccu_main.o(.constdata)
 <LI><a href="#[167]">ProtocolOperation_ReTimeSet</a> from connectccu_interface.o(i.ProtocolOperation_ReTimeSet) referenced from connectccu_main.o(.constdata)
 <LI><a href="#[168]">ProtocolOperation_ReVersion</a> from connectccu_interface.o(i.ProtocolOperation_ReVersion) referenced from connectccu_main.o(.constdata)
 <LI><a href="#[165]">ProtocolOperation_Restart</a> from connectccu_interface.o(i.ProtocolOperation_Restart) referenced from connectccu_main.o(.constdata)
 <LI><a href="#[166]">ProtocolOperation_Restop</a> from connectccu_interface.o(i.ProtocolOperation_Restop) referenced from connectccu_main.o(.constdata)
 <LI><a href="#[16c]">ProtocolOperation_StartOver</a> from connectccu_interface.o(i.ProtocolOperation_StartOver) referenced from connectccu_main.o(.constdata)
 <LI><a href="#[16d]">ProtocolOperation_StopOver</a> from connectccu_interface.o(i.ProtocolOperation_StopOver) referenced from connectccu_main.o(.constdata)
 <LI><a href="#[ba]">RCC_IRQHandler</a> from startup_stm32f429_439xx.o(.text) referenced from startup_stm32f429_439xx.o(RESET)
 <LI><a href="#[127]">RS485_RD2Init</a> from bsp_rs485.o(i.RS485_RD2Init) referenced 2 times from bsp_rs485.o(.constdata)
 <LI><a href="#[de]">RTC_Alarm_IRQHandler</a> from startup_stm32f429_439xx.o(.text) referenced from startup_stm32f429_439xx.o(RESET)
 <LI><a href="#[b8]">RTC_WKUP_IRQHandler</a> from startup_stm32f429_439xx.o(.text) referenced from startup_stm32f429_439xx.o(RESET)
 <LI><a href="#[17a]">Recv_AT_CGDCONT_Ack</a> from modulesim7600.o(i.Recv_AT_CGDCONT_Ack) referenced from modulesim7600.o(.constdata)
 <LI><a href="#[179]">Recv_AT_CIMI_Ack</a> from modulesim7600.o(i.Recv_AT_CIMI_Ack) referenced from modulesim7600.o(.constdata)
 <LI><a href="#[17b]">Recv_AT_CIPMODE_Ack</a> from modulesim7600.o(i.Recv_AT_CIPMODE_Ack) referenced from modulesim7600.o(.constdata)
 <LI><a href="#[178]">Recv_AT_CSQ_Ack</a> from modulesim7600.o(i.Recv_AT_CSQ_Ack) referenced from modulesim7600.o(.constdata)
 <LI><a href="#[17d]">Recv_AT_ConnectServer0Cmd_Ack</a> from modulesim7600.o(i.Recv_AT_ConnectServer0Cmd_Ack) referenced from modulesim7600.o(.constdata)
 <LI><a href="#[17f]">Recv_AT_ConnectServer0_Ack</a> from modulesim7600.o(i.Recv_AT_ConnectServer0_Ack) referenced from modulesim7600.o(.constdata)
 <LI><a href="#[17e]">Recv_AT_ConnectServer1Cmd_Ack</a> from modulesim7600.o(i.Recv_AT_ConnectServer1Cmd_Ack) referenced from modulesim7600.o(.constdata)
 <LI><a href="#[180]">Recv_AT_ConnectServer1_Ack</a> from modulesim7600.o(i.Recv_AT_ConnectServer1_Ack) referenced from modulesim7600.o(.constdata)
 <LI><a href="#[181]">Recv_AT_EnterATCmd_Ack</a> from modulesim7600.o(i.Recv_AT_EnterATCmd_Ack) referenced from modulesim7600.o(.constdata)
 <LI><a href="#[17c]">Recv_AT_NETOPEN_Ack</a> from modulesim7600.o(i.Recv_AT_NETOPEN_Ack) referenced from modulesim7600.o(.constdata)
 <LI><a href="#[184]">Recv_AT_ReRecv0Cmd_Ack</a> from modulesim7600.o(i.Recv_AT_ReRecv0Cmd_Ack) referenced from modulesim7600.o(.constdata)
 <LI><a href="#[185]">Recv_AT_ReRecv1Cmd_Ack</a> from modulesim7600.o(i.Recv_AT_ReRecv1Cmd_Ack) referenced from modulesim7600.o(.constdata)
 <LI><a href="#[182]">Recv_AT_SendAck0Cmd_Ack</a> from modulesim7600.o(i.Recv_AT_SendAck0Cmd_Ack) referenced from modulesim7600.o(.constdata)
 <LI><a href="#[183]">Recv_AT_SendAck1Cmd_Ack</a> from modulesim7600.o(i.Recv_AT_SendAck1Cmd_Ack) referenced from modulesim7600.o(.constdata)
 <LI><a href="#[186]">Recv_AT_SetReAct_Ack</a> from modulesim7600.o(i.Recv_AT_SetReAct_Ack) referenced from modulesim7600.o(.constdata)
 <LI><a href="#[187]">Recv_ActRecv0_Ack</a> from modulesim7600.o(i.Recv_ActRecv0_Ack) referenced from modulesim7600.o(.constdata)
 <LI><a href="#[188]">Recv_ActRecv1_Ack</a> from modulesim7600.o(i.Recv_ActRecv1_Ack) referenced from modulesim7600.o(.constdata)
 <LI><a href="#[ab]">Reset_Handler</a> from startup_stm32f429_439xx.o(.text) referenced from startup_stm32f429_439xx.o(RESET)
 <LI><a href="#[e6]">SDIO_IRQHandler</a> from bsp_sdio_sd.o(i.SDIO_IRQHandler) referenced from startup_stm32f429_439xx.o(RESET)
 <LI><a href="#[d8]">SPI1_IRQHandler</a> from startup_stm32f429_439xx.o(.text) referenced from startup_stm32f429_439xx.o(RESET)
 <LI><a href="#[d9]">SPI2_IRQHandler</a> from startup_stm32f429_439xx.o(.text) referenced from startup_stm32f429_439xx.o(RESET)
 <LI><a href="#[e8]">SPI3_IRQHandler</a> from startup_stm32f429_439xx.o(.text) referenced from startup_stm32f429_439xx.o(RESET)
 <LI><a href="#[b1]">SVC_Handler</a> from stm32f4xx_it.o(i.SVC_Handler) referenced from startup_stm32f429_439xx.o(RESET)
 <LI><a href="#[15a]">ServiceSet_ControlGunA</a> from connectccu_main.o(i.ServiceSet_ControlGunA) referenced from connectccu_main.o(.constdata)
 <LI><a href="#[162]">ServiceSet_ControlGunB</a> from connectccu_main.o(i.ServiceSet_ControlGunB) referenced from connectccu_main.o(.constdata)
 <LI><a href="#[15b]">SysHandSet_ControlGunA</a> from connectccu_main.o(i.SysHandSet_ControlGunA) referenced from connectccu_main.o(.constdata)
 <LI><a href="#[163]">SysHandSet_ControlGunB</a> from connectccu_main.o(i.SysHandSet_ControlGunB) referenced from connectccu_main.o(.constdata)
 <LI><a href="#[108]">SystemInit</a> from system_stm32f4xx.o(i.SystemInit) referenced from startup_stm32f429_439xx.o(.text)
 <LI><a href="#[b7]">TAMP_STAMP_IRQHandler</a> from startup_stm32f429_439xx.o(.text) referenced from startup_stm32f429_439xx.o(RESET)
 <LI><a href="#[154]">TCU_Data_TimeOut</a> from connectccu_main.o(i.TCU_Data_TimeOut) referenced 34 times from connectccu_main.o(.constdata)
 <LI><a href="#[cd]">TIM1_BRK_TIM9_IRQHandler</a> from startup_stm32f429_439xx.o(.text) referenced from startup_stm32f429_439xx.o(RESET)
 <LI><a href="#[d0]">TIM1_CC_IRQHandler</a> from startup_stm32f429_439xx.o(.text) referenced from startup_stm32f429_439xx.o(RESET)
 <LI><a href="#[cf]">TIM1_TRG_COM_TIM11_IRQHandler</a> from startup_stm32f429_439xx.o(.text) referenced from startup_stm32f429_439xx.o(RESET)
 <LI><a href="#[ce]">TIM1_UP_TIM10_IRQHandler</a> from startup_stm32f429_439xx.o(.text) referenced from startup_stm32f429_439xx.o(RESET)
 <LI><a href="#[d1]">TIM2_IRQHandler</a> from startup_stm32f429_439xx.o(.text) referenced from startup_stm32f429_439xx.o(RESET)
 <LI><a href="#[d2]">TIM3_IRQHandler</a> from startup_stm32f429_439xx.o(.text) referenced from startup_stm32f429_439xx.o(RESET)
 <LI><a href="#[d3]">TIM4_IRQHandler</a> from startup_stm32f429_439xx.o(.text) referenced from startup_stm32f429_439xx.o(RESET)
 <LI><a href="#[e7]">TIM5_IRQHandler</a> from startup_stm32f429_439xx.o(.text) referenced from startup_stm32f429_439xx.o(RESET)
 <LI><a href="#[eb]">TIM6_DAC_IRQHandler</a> from startup_stm32f429_439xx.o(.text) referenced from startup_stm32f429_439xx.o(RESET)
 <LI><a href="#[ec]">TIM7_IRQHandler</a> from startup_stm32f429_439xx.o(.text) referenced from startup_stm32f429_439xx.o(RESET)
 <LI><a href="#[e0]">TIM8_BRK_TIM12_IRQHandler</a> from startup_stm32f429_439xx.o(.text) referenced from startup_stm32f429_439xx.o(RESET)
 <LI><a href="#[e3]">TIM8_CC_IRQHandler</a> from startup_stm32f429_439xx.o(.text) referenced from startup_stm32f429_439xx.o(RESET)
 <LI><a href="#[e2]">TIM8_TRG_COM_TIM14_IRQHandler</a> from startup_stm32f429_439xx.o(.text) referenced from startup_stm32f429_439xx.o(RESET)
 <LI><a href="#[e1]">TIM8_UP_TIM13_IRQHandler</a> from startup_stm32f429_439xx.o(.text) referenced from startup_stm32f429_439xx.o(RESET)
 <LI><a href="#[11b]">Task4GMain</a> from 4gmain.o(i.Task4GMain) referenced from main.o(i.init_task_core)
 <LI><a href="#[11d]">Task4GRecv</a> from 4grecv.o(i.Task4GRecv) referenced from main.o(i.init_task_core)
 <LI><a href="#[11c]">Task4GSend</a> from 4gsend.o(i.Task4GSend) referenced from main.o(i.init_task_core)
 <LI><a href="#[11a]">TaskCardStk</a> from card_cpu.o(i.TaskCardStk) referenced from main.o(i.init_task_core)
 <LI><a href="#[117]">TaskCntCCUMain</a> from connectccu_main.o(i.TaskCntCCUMain) referenced from main.o(i.init_task_core)
 <LI><a href="#[116]">TaskDisplay</a> from displaymain.o(i.TaskDisplay) referenced from main.o(i.init_task_core)
 <LI><a href="#[114]">TaskLED</a> from main.o(i.TaskLED) referenced from main.o(i.init_task_core)
 <LI><a href="#[118]">TaskMeterStk</a> from rs485meter.o(i.TaskMeterStk) referenced from main.o(i.init_task_core)
 <LI><a href="#[115]">TaskPeriod</a> from displaymain.o(i.TaskPeriod) referenced from main.o(i.init_task_core)
 <LI><a href="#[110]">TaskRMsgDisposeGunA</a> from connectccu_main.o(i.TaskRMsgDisposeGunA) referenced from connectccu_main.o(i.TaskCntCCUMain)
 <LI><a href="#[111]">TaskRMsgDisposeGunB</a> from connectccu_main.o(i.TaskRMsgDisposeGunB) referenced from connectccu_main.o(i.TaskCntCCUMain)
 <LI><a href="#[119]">TaskRTC</a> from rtc_task.o(i.TaskRTC) referenced from main.o(i.init_task_core)
 <LI><a href="#[10f]">TaskSendTCUFrame</a> from connectccu_main.o(i.TaskSendTCUFrame) referenced from connectccu_main.o(i.TaskCntCCUMain)
 <LI><a href="#[11f]">UART1_PIN_CFG</a> from bsp_uart.o(i.UART1_PIN_CFG) referenced from bsp_uart.o(.constdata)
 <LI><a href="#[120]">UART2_PIN_CFG</a> from bsp_uart.o(i.UART2_PIN_CFG) referenced from bsp_uart.o(.constdata)
 <LI><a href="#[121]">UART3_PIN_CFG</a> from bsp_uart.o(i.UART3_PIN_CFG) referenced from bsp_uart.o(.constdata)
 <LI><a href="#[e9]">UART4_IRQHandler</a> from stm32f4xx_it.o(i.UART4_IRQHandler) referenced from startup_stm32f429_439xx.o(RESET)
 <LI><a href="#[122]">UART4_PIN_CFG</a> from bsp_uart.o(i.UART4_PIN_CFG) referenced from bsp_uart.o(.constdata)
 <LI><a href="#[ea]">UART5_IRQHandler</a> from stm32f4xx_it.o(i.UART5_IRQHandler) referenced from startup_stm32f429_439xx.o(RESET)
 <LI><a href="#[123]">UART5_PIN_CFG</a> from bsp_uart.o(i.UART5_PIN_CFG) referenced from bsp_uart.o(.constdata)
 <LI><a href="#[124]">UART6_PIN_CFG</a> from bsp_uart.o(i.UART6_PIN_CFG) referenced from bsp_uart.o(.constdata)
 <LI><a href="#[125]">UART7_PIN_CFG</a> from bsp_uart.o(i.UART7_PIN_CFG) referenced from bsp_uart.o(.constdata)
 <LI><a href="#[126]">UART8_PIN_CFG</a> from bsp_uart.o(i.UART8_PIN_CFG) referenced from bsp_uart.o(.constdata)
 <LI><a href="#[da]">USART1_IRQHandler</a> from stm32f4xx_it.o(i.USART1_IRQHandler) referenced from startup_stm32f429_439xx.o(RESET)
 <LI><a href="#[db]">USART2_IRQHandler</a> from stm32f4xx_it.o(i.USART2_IRQHandler) referenced from startup_stm32f429_439xx.o(RESET)
 <LI><a href="#[dc]">USART3_IRQHandler</a> from stm32f4xx_it.o(i.USART3_IRQHandler) referenced from startup_stm32f429_439xx.o(RESET)
 <LI><a href="#[fc]">USART6_IRQHandler</a> from stm32f4xx_it.o(i.USART6_IRQHandler) referenced from startup_stm32f429_439xx.o(RESET)
 <LI><a href="#[1]">USBH_Connected</a> from usbh_core.o(i.USBH_Connected) referenced 2 times from usbh_core.o(.data)
 <LI><a href="#[2]">USBH_Disconnected</a> from usbh_core.o(i.USBH_Disconnected) referenced 2 times from usbh_core.o(.data)
 <LI><a href="#[4]">USBH_PortDisabled</a> from usbh_core.o(i.USBH_PortDisabled) referenced 2 times from usbh_core.o(.data)
 <LI><a href="#[3]">USBH_PortEnabled</a> from usbh_core.o(i.USBH_PortEnabled) referenced 2 times from usbh_core.o(.data)
 <LI><a href="#[0]">USBH_SOF</a> from usbh_core.o(i.USBH_SOF) referenced 2 times from usbh_core.o(.data)
 <LI><a href="#[b0]">UsageFault_Handler</a> from stm32f4xx_it.o(i.UsageFault_Handler) referenced from startup_stm32f429_439xx.o(RESET)
 <LI><a href="#[b5]">WWDG_IRQHandler</a> from startup_stm32f429_439xx.o(.text) referenced from startup_stm32f429_439xx.o(RESET)
 <LI><a href="#[109]">__main</a> from entry.o(.ARM.Collect$$$$00000000) referenced from startup_stm32f429_439xx.o(.text)
 <LI><a href="#[113]">_snputc</a> from printfa.o(i._snputc) referenced from printfa.o(i.__0snprintf)
 <LI><a href="#[112]">fputc</a> from bsp_debug_usart.o(i.fputc) referenced from printfa.o(i.__0printf)
 <LI><a href="#[11e]">init_task_core</a> from main.o(i.init_task_core) referenced from main.o(i.main)
 <LI><a href="#[107]">main</a> from main.o(i.main) referenced from entry9a.o(.ARM.Collect$$$$0000000B)
</UL>
<P>
<H3>
Global Symbols
</H3>
<P><STRONG><a name="[109]"></a>__main</STRONG> (Thumb, 0 bytes, Stack size unknown bytes, entry.o(.ARM.Collect$$$$00000000))
<BR>[Address Reference Count : 1]<UL><LI> startup_stm32f429_439xx.o(.text)
</UL>
<P><STRONG><a name="[377]"></a>_main_stk</STRONG> (Thumb, 0 bytes, Stack size unknown bytes, entry2.o(.ARM.Collect$$$$00000001))

<P><STRONG><a name="[189]"></a>_main_scatterload</STRONG> (Thumb, 0 bytes, Stack size unknown bytes, entry5.o(.ARM.Collect$$$$00000004))
<BR><BR>[Calls]<UL><LI><a href="#[18a]">&gt;&gt;</a>&nbsp;&nbsp;&nbsp;__scatterload
</UL>

<P><STRONG><a name="[19f]"></a>__main_after_scatterload</STRONG> (Thumb, 0 bytes, Stack size unknown bytes, entry5.o(.ARM.Collect$$$$00000004))
<BR><BR>[Called By]<UL><LI><a href="#[18a]">&gt;&gt;</a>&nbsp;&nbsp;&nbsp;__scatterload
</UL>

<P><STRONG><a name="[378]"></a>_main_clock</STRONG> (Thumb, 0 bytes, Stack size unknown bytes, entry7b.o(.ARM.Collect$$$$00000008))

<P><STRONG><a name="[379]"></a>_main_cpp_init</STRONG> (Thumb, 0 bytes, Stack size unknown bytes, entry8b.o(.ARM.Collect$$$$0000000A))

<P><STRONG><a name="[37a]"></a>_main_init</STRONG> (Thumb, 0 bytes, Stack size unknown bytes, entry9a.o(.ARM.Collect$$$$0000000B))

<P><STRONG><a name="[37b]"></a>__rt_final_cpp</STRONG> (Thumb, 0 bytes, Stack size unknown bytes, entry10a.o(.ARM.Collect$$$$0000000D))

<P><STRONG><a name="[37c]"></a>__rt_final_exit</STRONG> (Thumb, 0 bytes, Stack size unknown bytes, entry11a.o(.ARM.Collect$$$$0000000F))

<P><STRONG><a name="[ab]"></a>Reset_Handler</STRONG> (Thumb, 8 bytes, Stack size 0 bytes, startup_stm32f429_439xx.o(.text))
<BR>[Address Reference Count : 1]<UL><LI> startup_stm32f429_439xx.o(RESET)
</UL>
<P><STRONG><a name="[c7]"></a>ADC_IRQHandler</STRONG> (Thumb, 0 bytes, Stack size 0 bytes, startup_stm32f429_439xx.o(.text))
<BR><BR>[Calls]<UL><LI><a href="#[c7]">&gt;&gt;</a>&nbsp;&nbsp;&nbsp;ADC_IRQHandler
</UL>
<BR>[Called By]<UL><LI><a href="#[c7]">&gt;&gt;</a>&nbsp;&nbsp;&nbsp;ADC_IRQHandler
</UL>
<BR>[Address Reference Count : 1]<UL><LI> startup_stm32f429_439xx.o(RESET)
</UL>
<P><STRONG><a name="[ca]"></a>CAN1_RX1_IRQHandler</STRONG> (Thumb, 0 bytes, Stack size 0 bytes, startup_stm32f429_439xx.o(.text))
<BR>[Address Reference Count : 1]<UL><LI> startup_stm32f429_439xx.o(RESET)
</UL>
<P><STRONG><a name="[cb]"></a>CAN1_SCE_IRQHandler</STRONG> (Thumb, 0 bytes, Stack size 0 bytes, startup_stm32f429_439xx.o(.text))
<BR>[Address Reference Count : 1]<UL><LI> startup_stm32f429_439xx.o(RESET)
</UL>
<P><STRONG><a name="[f6]"></a>CAN2_RX1_IRQHandler</STRONG> (Thumb, 0 bytes, Stack size 0 bytes, startup_stm32f429_439xx.o(.text))
<BR>[Address Reference Count : 1]<UL><LI> startup_stm32f429_439xx.o(RESET)
</UL>
<P><STRONG><a name="[f7]"></a>CAN2_SCE_IRQHandler</STRONG> (Thumb, 0 bytes, Stack size 0 bytes, startup_stm32f429_439xx.o(.text))
<BR>[Address Reference Count : 1]<UL><LI> startup_stm32f429_439xx.o(RESET)
</UL>
<P><STRONG><a name="[104]"></a>CRYP_IRQHandler</STRONG> (Thumb, 0 bytes, Stack size 0 bytes, startup_stm32f429_439xx.o(.text))
<BR>[Address Reference Count : 1]<UL><LI> startup_stm32f429_439xx.o(RESET)
</UL>
<P><STRONG><a name="[103]"></a>DCMI_IRQHandler</STRONG> (Thumb, 0 bytes, Stack size 0 bytes, startup_stm32f429_439xx.o(.text))
<BR>[Address Reference Count : 1]<UL><LI> startup_stm32f429_439xx.o(RESET)
</UL>
<P><STRONG><a name="[c0]"></a>DMA1_Stream0_IRQHandler</STRONG> (Thumb, 0 bytes, Stack size 0 bytes, startup_stm32f429_439xx.o(.text))
<BR>[Address Reference Count : 1]<UL><LI> startup_stm32f429_439xx.o(RESET)
</UL>
<P><STRONG><a name="[c1]"></a>DMA1_Stream1_IRQHandler</STRONG> (Thumb, 0 bytes, Stack size 0 bytes, startup_stm32f429_439xx.o(.text))
<BR>[Address Reference Count : 1]<UL><LI> startup_stm32f429_439xx.o(RESET)
</UL>
<P><STRONG><a name="[c2]"></a>DMA1_Stream2_IRQHandler</STRONG> (Thumb, 0 bytes, Stack size 0 bytes, startup_stm32f429_439xx.o(.text))
<BR>[Address Reference Count : 1]<UL><LI> startup_stm32f429_439xx.o(RESET)
</UL>
<P><STRONG><a name="[c3]"></a>DMA1_Stream3_IRQHandler</STRONG> (Thumb, 0 bytes, Stack size 0 bytes, startup_stm32f429_439xx.o(.text))
<BR>[Address Reference Count : 1]<UL><LI> startup_stm32f429_439xx.o(RESET)
</UL>
<P><STRONG><a name="[c4]"></a>DMA1_Stream4_IRQHandler</STRONG> (Thumb, 0 bytes, Stack size 0 bytes, startup_stm32f429_439xx.o(.text))
<BR>[Address Reference Count : 1]<UL><LI> startup_stm32f429_439xx.o(RESET)
</UL>
<P><STRONG><a name="[c5]"></a>DMA1_Stream5_IRQHandler</STRONG> (Thumb, 0 bytes, Stack size 0 bytes, startup_stm32f429_439xx.o(.text))
<BR>[Address Reference Count : 1]<UL><LI> startup_stm32f429_439xx.o(RESET)
</UL>
<P><STRONG><a name="[c6]"></a>DMA1_Stream6_IRQHandler</STRONG> (Thumb, 0 bytes, Stack size 0 bytes, startup_stm32f429_439xx.o(.text))
<BR>[Address Reference Count : 1]<UL><LI> startup_stm32f429_439xx.o(RESET)
</UL>
<P><STRONG><a name="[e4]"></a>DMA1_Stream7_IRQHandler</STRONG> (Thumb, 0 bytes, Stack size 0 bytes, startup_stm32f429_439xx.o(.text))
<BR>[Address Reference Count : 1]<UL><LI> startup_stm32f429_439xx.o(RESET)
</UL>
<P><STRONG><a name="[ed]"></a>DMA2_Stream0_IRQHandler</STRONG> (Thumb, 0 bytes, Stack size 0 bytes, startup_stm32f429_439xx.o(.text))
<BR>[Address Reference Count : 1]<UL><LI> startup_stm32f429_439xx.o(RESET)
</UL>
<P><STRONG><a name="[ee]"></a>DMA2_Stream1_IRQHandler</STRONG> (Thumb, 0 bytes, Stack size 0 bytes, startup_stm32f429_439xx.o(.text))
<BR>[Address Reference Count : 1]<UL><LI> startup_stm32f429_439xx.o(RESET)
</UL>
<P><STRONG><a name="[ef]"></a>DMA2_Stream2_IRQHandler</STRONG> (Thumb, 0 bytes, Stack size 0 bytes, startup_stm32f429_439xx.o(.text))
<BR>[Address Reference Count : 1]<UL><LI> startup_stm32f429_439xx.o(RESET)
</UL>
<P><STRONG><a name="[f1]"></a>DMA2_Stream4_IRQHandler</STRONG> (Thumb, 0 bytes, Stack size 0 bytes, startup_stm32f429_439xx.o(.text))
<BR>[Address Reference Count : 1]<UL><LI> startup_stm32f429_439xx.o(RESET)
</UL>
<P><STRONG><a name="[f9]"></a>DMA2_Stream5_IRQHandler</STRONG> (Thumb, 0 bytes, Stack size 0 bytes, startup_stm32f429_439xx.o(.text))
<BR>[Address Reference Count : 1]<UL><LI> startup_stm32f429_439xx.o(RESET)
</UL>
<P><STRONG><a name="[fa]"></a>DMA2_Stream6_IRQHandler</STRONG> (Thumb, 0 bytes, Stack size 0 bytes, startup_stm32f429_439xx.o(.text))
<BR>[Address Reference Count : 1]<UL><LI> startup_stm32f429_439xx.o(RESET)
</UL>
<P><STRONG><a name="[fb]"></a>DMA2_Stream7_IRQHandler</STRONG> (Thumb, 0 bytes, Stack size 0 bytes, startup_stm32f429_439xx.o(.text))
<BR>[Address Reference Count : 1]<UL><LI> startup_stm32f429_439xx.o(RESET)
</UL>
<P><STRONG><a name="[f3]"></a>ETH_WKUP_IRQHandler</STRONG> (Thumb, 0 bytes, Stack size 0 bytes, startup_stm32f429_439xx.o(.text))
<BR>[Address Reference Count : 1]<UL><LI> startup_stm32f429_439xx.o(RESET)
</UL>
<P><STRONG><a name="[bb]"></a>EXTI0_IRQHandler</STRONG> (Thumb, 0 bytes, Stack size 0 bytes, startup_stm32f429_439xx.o(.text))
<BR>[Address Reference Count : 1]<UL><LI> startup_stm32f429_439xx.o(RESET)
</UL>
<P><STRONG><a name="[dd]"></a>EXTI15_10_IRQHandler</STRONG> (Thumb, 0 bytes, Stack size 0 bytes, startup_stm32f429_439xx.o(.text))
<BR>[Address Reference Count : 1]<UL><LI> startup_stm32f429_439xx.o(RESET)
</UL>
<P><STRONG><a name="[bc]"></a>EXTI1_IRQHandler</STRONG> (Thumb, 0 bytes, Stack size 0 bytes, startup_stm32f429_439xx.o(.text))
<BR>[Address Reference Count : 1]<UL><LI> startup_stm32f429_439xx.o(RESET)
</UL>
<P><STRONG><a name="[bd]"></a>EXTI2_IRQHandler</STRONG> (Thumb, 0 bytes, Stack size 0 bytes, startup_stm32f429_439xx.o(.text))
<BR>[Address Reference Count : 1]<UL><LI> startup_stm32f429_439xx.o(RESET)
</UL>
<P><STRONG><a name="[be]"></a>EXTI3_IRQHandler</STRONG> (Thumb, 0 bytes, Stack size 0 bytes, startup_stm32f429_439xx.o(.text))
<BR>[Address Reference Count : 1]<UL><LI> startup_stm32f429_439xx.o(RESET)
</UL>
<P><STRONG><a name="[bf]"></a>EXTI4_IRQHandler</STRONG> (Thumb, 0 bytes, Stack size 0 bytes, startup_stm32f429_439xx.o(.text))
<BR>[Address Reference Count : 1]<UL><LI> startup_stm32f429_439xx.o(RESET)
</UL>
<P><STRONG><a name="[cc]"></a>EXTI9_5_IRQHandler</STRONG> (Thumb, 0 bytes, Stack size 0 bytes, startup_stm32f429_439xx.o(.text))
<BR>[Address Reference Count : 1]<UL><LI> startup_stm32f429_439xx.o(RESET)
</UL>
<P><STRONG><a name="[b9]"></a>FLASH_IRQHandler</STRONG> (Thumb, 0 bytes, Stack size 0 bytes, startup_stm32f429_439xx.o(.text))
<BR>[Address Reference Count : 1]<UL><LI> startup_stm32f429_439xx.o(RESET)
</UL>
<P><STRONG><a name="[106]"></a>FPU_IRQHandler</STRONG> (Thumb, 0 bytes, Stack size 0 bytes, startup_stm32f429_439xx.o(.text))
<BR>[Address Reference Count : 1]<UL><LI> startup_stm32f429_439xx.o(RESET)
</UL>
<P><STRONG><a name="[e5]"></a>FSMC_IRQHandler</STRONG> (Thumb, 0 bytes, Stack size 0 bytes, startup_stm32f429_439xx.o(.text))
<BR>[Address Reference Count : 1]<UL><LI> startup_stm32f429_439xx.o(RESET)
</UL>
<P><STRONG><a name="[105]"></a>HASH_RNG_IRQHandler</STRONG> (Thumb, 0 bytes, Stack size 0 bytes, startup_stm32f429_439xx.o(.text))
<BR>[Address Reference Count : 1]<UL><LI> startup_stm32f429_439xx.o(RESET)
</UL>
<P><STRONG><a name="[d5]"></a>I2C1_ER_IRQHandler</STRONG> (Thumb, 0 bytes, Stack size 0 bytes, startup_stm32f429_439xx.o(.text))
<BR>[Address Reference Count : 1]<UL><LI> startup_stm32f429_439xx.o(RESET)
</UL>
<P><STRONG><a name="[d4]"></a>I2C1_EV_IRQHandler</STRONG> (Thumb, 0 bytes, Stack size 0 bytes, startup_stm32f429_439xx.o(.text))
<BR>[Address Reference Count : 1]<UL><LI> startup_stm32f429_439xx.o(RESET)
</UL>
<P><STRONG><a name="[d7]"></a>I2C2_ER_IRQHandler</STRONG> (Thumb, 0 bytes, Stack size 0 bytes, startup_stm32f429_439xx.o(.text))
<BR>[Address Reference Count : 1]<UL><LI> startup_stm32f429_439xx.o(RESET)
</UL>
<P><STRONG><a name="[d6]"></a>I2C2_EV_IRQHandler</STRONG> (Thumb, 0 bytes, Stack size 0 bytes, startup_stm32f429_439xx.o(.text))
<BR>[Address Reference Count : 1]<UL><LI> startup_stm32f429_439xx.o(RESET)
</UL>
<P><STRONG><a name="[fe]"></a>I2C3_ER_IRQHandler</STRONG> (Thumb, 0 bytes, Stack size 0 bytes, startup_stm32f429_439xx.o(.text))
<BR>[Address Reference Count : 1]<UL><LI> startup_stm32f429_439xx.o(RESET)
</UL>
<P><STRONG><a name="[fd]"></a>I2C3_EV_IRQHandler</STRONG> (Thumb, 0 bytes, Stack size 0 bytes, startup_stm32f429_439xx.o(.text))
<BR>[Address Reference Count : 1]<UL><LI> startup_stm32f429_439xx.o(RESET)
</UL>
<P><STRONG><a name="[df]"></a>OTG_FS_WKUP_IRQHandler</STRONG> (Thumb, 0 bytes, Stack size 0 bytes, startup_stm32f429_439xx.o(.text))
<BR>[Address Reference Count : 1]<UL><LI> startup_stm32f429_439xx.o(RESET)
</UL>
<P><STRONG><a name="[100]"></a>OTG_HS_EP1_IN_IRQHandler</STRONG> (Thumb, 0 bytes, Stack size 0 bytes, startup_stm32f429_439xx.o(.text))
<BR>[Address Reference Count : 1]<UL><LI> startup_stm32f429_439xx.o(RESET)
</UL>
<P><STRONG><a name="[ff]"></a>OTG_HS_EP1_OUT_IRQHandler</STRONG> (Thumb, 0 bytes, Stack size 0 bytes, startup_stm32f429_439xx.o(.text))
<BR>[Address Reference Count : 1]<UL><LI> startup_stm32f429_439xx.o(RESET)
</UL>
<P><STRONG><a name="[102]"></a>OTG_HS_IRQHandler</STRONG> (Thumb, 0 bytes, Stack size 0 bytes, startup_stm32f429_439xx.o(.text))
<BR>[Address Reference Count : 1]<UL><LI> startup_stm32f429_439xx.o(RESET)
</UL>
<P><STRONG><a name="[101]"></a>OTG_HS_WKUP_IRQHandler</STRONG> (Thumb, 0 bytes, Stack size 0 bytes, startup_stm32f429_439xx.o(.text))
<BR>[Address Reference Count : 1]<UL><LI> startup_stm32f429_439xx.o(RESET)
</UL>
<P><STRONG><a name="[b6]"></a>PVD_IRQHandler</STRONG> (Thumb, 0 bytes, Stack size 0 bytes, startup_stm32f429_439xx.o(.text))
<BR>[Address Reference Count : 1]<UL><LI> startup_stm32f429_439xx.o(RESET)
</UL>
<P><STRONG><a name="[ba]"></a>RCC_IRQHandler</STRONG> (Thumb, 0 bytes, Stack size 0 bytes, startup_stm32f429_439xx.o(.text))
<BR>[Address Reference Count : 1]<UL><LI> startup_stm32f429_439xx.o(RESET)
</UL>
<P><STRONG><a name="[de]"></a>RTC_Alarm_IRQHandler</STRONG> (Thumb, 0 bytes, Stack size 0 bytes, startup_stm32f429_439xx.o(.text))
<BR>[Address Reference Count : 1]<UL><LI> startup_stm32f429_439xx.o(RESET)
</UL>
<P><STRONG><a name="[b8]"></a>RTC_WKUP_IRQHandler</STRONG> (Thumb, 0 bytes, Stack size 0 bytes, startup_stm32f429_439xx.o(.text))
<BR>[Address Reference Count : 1]<UL><LI> startup_stm32f429_439xx.o(RESET)
</UL>
<P><STRONG><a name="[d8]"></a>SPI1_IRQHandler</STRONG> (Thumb, 0 bytes, Stack size 0 bytes, startup_stm32f429_439xx.o(.text))
<BR>[Address Reference Count : 1]<UL><LI> startup_stm32f429_439xx.o(RESET)
</UL>
<P><STRONG><a name="[d9]"></a>SPI2_IRQHandler</STRONG> (Thumb, 0 bytes, Stack size 0 bytes, startup_stm32f429_439xx.o(.text))
<BR>[Address Reference Count : 1]<UL><LI> startup_stm32f429_439xx.o(RESET)
</UL>
<P><STRONG><a name="[e8]"></a>SPI3_IRQHandler</STRONG> (Thumb, 0 bytes, Stack size 0 bytes, startup_stm32f429_439xx.o(.text))
<BR>[Address Reference Count : 1]<UL><LI> startup_stm32f429_439xx.o(RESET)
</UL>
<P><STRONG><a name="[b7]"></a>TAMP_STAMP_IRQHandler</STRONG> (Thumb, 0 bytes, Stack size 0 bytes, startup_stm32f429_439xx.o(.text))
<BR>[Address Reference Count : 1]<UL><LI> startup_stm32f429_439xx.o(RESET)
</UL>
<P><STRONG><a name="[cd]"></a>TIM1_BRK_TIM9_IRQHandler</STRONG> (Thumb, 0 bytes, Stack size 0 bytes, startup_stm32f429_439xx.o(.text))
<BR>[Address Reference Count : 1]<UL><LI> startup_stm32f429_439xx.o(RESET)
</UL>
<P><STRONG><a name="[d0]"></a>TIM1_CC_IRQHandler</STRONG> (Thumb, 0 bytes, Stack size 0 bytes, startup_stm32f429_439xx.o(.text))
<BR>[Address Reference Count : 1]<UL><LI> startup_stm32f429_439xx.o(RESET)
</UL>
<P><STRONG><a name="[cf]"></a>TIM1_TRG_COM_TIM11_IRQHandler</STRONG> (Thumb, 0 bytes, Stack size 0 bytes, startup_stm32f429_439xx.o(.text))
<BR>[Address Reference Count : 1]<UL><LI> startup_stm32f429_439xx.o(RESET)
</UL>
<P><STRONG><a name="[ce]"></a>TIM1_UP_TIM10_IRQHandler</STRONG> (Thumb, 0 bytes, Stack size 0 bytes, startup_stm32f429_439xx.o(.text))
<BR>[Address Reference Count : 1]<UL><LI> startup_stm32f429_439xx.o(RESET)
</UL>
<P><STRONG><a name="[d1]"></a>TIM2_IRQHandler</STRONG> (Thumb, 0 bytes, Stack size 0 bytes, startup_stm32f429_439xx.o(.text))
<BR>[Address Reference Count : 1]<UL><LI> startup_stm32f429_439xx.o(RESET)
</UL>
<P><STRONG><a name="[d2]"></a>TIM3_IRQHandler</STRONG> (Thumb, 0 bytes, Stack size 0 bytes, startup_stm32f429_439xx.o(.text))
<BR>[Address Reference Count : 1]<UL><LI> startup_stm32f429_439xx.o(RESET)
</UL>
<P><STRONG><a name="[d3]"></a>TIM4_IRQHandler</STRONG> (Thumb, 0 bytes, Stack size 0 bytes, startup_stm32f429_439xx.o(.text))
<BR>[Address Reference Count : 1]<UL><LI> startup_stm32f429_439xx.o(RESET)
</UL>
<P><STRONG><a name="[e7]"></a>TIM5_IRQHandler</STRONG> (Thumb, 0 bytes, Stack size 0 bytes, startup_stm32f429_439xx.o(.text))
<BR>[Address Reference Count : 1]<UL><LI> startup_stm32f429_439xx.o(RESET)
</UL>
<P><STRONG><a name="[eb]"></a>TIM6_DAC_IRQHandler</STRONG> (Thumb, 0 bytes, Stack size 0 bytes, startup_stm32f429_439xx.o(.text))
<BR>[Address Reference Count : 1]<UL><LI> startup_stm32f429_439xx.o(RESET)
</UL>
<P><STRONG><a name="[ec]"></a>TIM7_IRQHandler</STRONG> (Thumb, 0 bytes, Stack size 0 bytes, startup_stm32f429_439xx.o(.text))
<BR>[Address Reference Count : 1]<UL><LI> startup_stm32f429_439xx.o(RESET)
</UL>
<P><STRONG><a name="[e0]"></a>TIM8_BRK_TIM12_IRQHandler</STRONG> (Thumb, 0 bytes, Stack size 0 bytes, startup_stm32f429_439xx.o(.text))
<BR>[Address Reference Count : 1]<UL><LI> startup_stm32f429_439xx.o(RESET)
</UL>
<P><STRONG><a name="[e3]"></a>TIM8_CC_IRQHandler</STRONG> (Thumb, 0 bytes, Stack size 0 bytes, startup_stm32f429_439xx.o(.text))
<BR>[Address Reference Count : 1]<UL><LI> startup_stm32f429_439xx.o(RESET)
</UL>
<P><STRONG><a name="[e2]"></a>TIM8_TRG_COM_TIM14_IRQHandler</STRONG> (Thumb, 0 bytes, Stack size 0 bytes, startup_stm32f429_439xx.o(.text))
<BR>[Address Reference Count : 1]<UL><LI> startup_stm32f429_439xx.o(RESET)
</UL>
<P><STRONG><a name="[e1]"></a>TIM8_UP_TIM13_IRQHandler</STRONG> (Thumb, 0 bytes, Stack size 0 bytes, startup_stm32f429_439xx.o(.text))
<BR>[Address Reference Count : 1]<UL><LI> startup_stm32f429_439xx.o(RESET)
</UL>
<P><STRONG><a name="[b5]"></a>WWDG_IRQHandler</STRONG> (Thumb, 0 bytes, Stack size 0 bytes, startup_stm32f429_439xx.o(.text))
<BR>[Address Reference Count : 1]<UL><LI> startup_stm32f429_439xx.o(RESET)
</UL>
<P><STRONG><a name="[1e8]"></a>OS_CPU_SR_Save</STRONG> (Thumb, 0 bytes, Stack size unknown bytes, os_cpu_a.o(.text))
<BR><BR>[Called By]<UL><LI><a href="#[20d]">&gt;&gt;</a>&nbsp;&nbsp;&nbsp;OSTimeDly
<LI><a href="#[2d6]">&gt;&gt;</a>&nbsp;&nbsp;&nbsp;OSTaskCreateExt
<LI><a href="#[2d3]">&gt;&gt;</a>&nbsp;&nbsp;&nbsp;OSStatInit
<LI><a href="#[345]">&gt;&gt;</a>&nbsp;&nbsp;&nbsp;UART_ISR
<LI><a href="#[2ed]">&gt;&gt;</a>&nbsp;&nbsp;&nbsp;OSTimeTick
<LI><a href="#[212]">&gt;&gt;</a>&nbsp;&nbsp;&nbsp;OSIntExit
<LI><a href="#[fc]">&gt;&gt;</a>&nbsp;&nbsp;&nbsp;USART6_IRQHandler
<LI><a href="#[dc]">&gt;&gt;</a>&nbsp;&nbsp;&nbsp;USART3_IRQHandler
<LI><a href="#[db]">&gt;&gt;</a>&nbsp;&nbsp;&nbsp;USART2_IRQHandler
<LI><a href="#[da]">&gt;&gt;</a>&nbsp;&nbsp;&nbsp;USART1_IRQHandler
<LI><a href="#[ea]">&gt;&gt;</a>&nbsp;&nbsp;&nbsp;UART5_IRQHandler
<LI><a href="#[e9]">&gt;&gt;</a>&nbsp;&nbsp;&nbsp;UART4_IRQHandler
<LI><a href="#[f8]">&gt;&gt;</a>&nbsp;&nbsp;&nbsp;OTG_FS_IRQHandler
<LI><a href="#[b4]">&gt;&gt;</a>&nbsp;&nbsp;&nbsp;OS_CPU_SysTickHandler
<LI><a href="#[f4]">&gt;&gt;</a>&nbsp;&nbsp;&nbsp;CAN2_TX_IRQHandler
<LI><a href="#[f5]">&gt;&gt;</a>&nbsp;&nbsp;&nbsp;CAN2_RX0_IRQHandler
<LI><a href="#[c8]">&gt;&gt;</a>&nbsp;&nbsp;&nbsp;CAN1_TX_IRQHandler
<LI><a href="#[c9]">&gt;&gt;</a>&nbsp;&nbsp;&nbsp;CAN1_RX0_IRQHandler
<LI><a href="#[1e7]">&gt;&gt;</a>&nbsp;&nbsp;&nbsp;BSP_CAN_Write
<LI><a href="#[1d6]">&gt;&gt;</a>&nbsp;&nbsp;&nbsp;UART_ReceiveMsgHook
<LI><a href="#[22b]">&gt;&gt;</a>&nbsp;&nbsp;&nbsp;UART_MsgDeal
<LI><a href="#[20b]">&gt;&gt;</a>&nbsp;&nbsp;&nbsp;BSP_UARTWrite
<LI><a href="#[209]">&gt;&gt;</a>&nbsp;&nbsp;&nbsp;BSP_UARTConfigTimeInit
<LI><a href="#[1fd]">&gt;&gt;</a>&nbsp;&nbsp;&nbsp;BSP_UARTConfigInit
<LI><a href="#[34a]">&gt;&gt;</a>&nbsp;&nbsp;&nbsp;UART_TxISR
<LI><a href="#[34e]">&gt;&gt;</a>&nbsp;&nbsp;&nbsp;UART_PushOneByte
<LI><a href="#[34c]">&gt;&gt;</a>&nbsp;&nbsp;&nbsp;UART_PopOneByte
<LI><a href="#[10e]">&gt;&gt;</a>&nbsp;&nbsp;&nbsp;OS_TaskStat
<LI><a href="#[10d]">&gt;&gt;</a>&nbsp;&nbsp;&nbsp;OS_TaskIdle
<LI><a href="#[2d9]">&gt;&gt;</a>&nbsp;&nbsp;&nbsp;OS_TCBInit
<LI><a href="#[2c3]">&gt;&gt;</a>&nbsp;&nbsp;&nbsp;OS_Sched
<LI><a href="#[1be]">&gt;&gt;</a>&nbsp;&nbsp;&nbsp;OSTimeGet
<LI><a href="#[230]">&gt;&gt;</a>&nbsp;&nbsp;&nbsp;OSTaskSuspend
<LI><a href="#[2e7]">&gt;&gt;</a>&nbsp;&nbsp;&nbsp;OSTaskStkChk
<LI><a href="#[2dc]">&gt;&gt;</a>&nbsp;&nbsp;&nbsp;OSTaskDel
<LI><a href="#[2d0]">&gt;&gt;</a>&nbsp;&nbsp;&nbsp;OSSemPost
<LI><a href="#[2cf]">&gt;&gt;</a>&nbsp;&nbsp;&nbsp;OSSemPend
<LI><a href="#[2ce]">&gt;&gt;</a>&nbsp;&nbsp;&nbsp;OSSemCreate
<LI><a href="#[1d3]">&gt;&gt;</a>&nbsp;&nbsp;&nbsp;OSSchedUnlock
<LI><a href="#[1d2]">&gt;&gt;</a>&nbsp;&nbsp;&nbsp;OSSchedLock
<LI><a href="#[1c8]">&gt;&gt;</a>&nbsp;&nbsp;&nbsp;OSQPost
<LI><a href="#[22a]">&gt;&gt;</a>&nbsp;&nbsp;&nbsp;OSQPend
<LI><a href="#[2cd]">&gt;&gt;</a>&nbsp;&nbsp;&nbsp;OSQFlush
<LI><a href="#[22f]">&gt;&gt;</a>&nbsp;&nbsp;&nbsp;OSQCreate
<LI><a href="#[2cb]">&gt;&gt;</a>&nbsp;&nbsp;&nbsp;OSMutexPost
<LI><a href="#[2c8]">&gt;&gt;</a>&nbsp;&nbsp;&nbsp;OSMutexPend
<LI><a href="#[2c6]">&gt;&gt;</a>&nbsp;&nbsp;&nbsp;OSMutexCreate
<LI><a href="#[2c5]">&gt;&gt;</a>&nbsp;&nbsp;&nbsp;OSMemPut
<LI><a href="#[2c4]">&gt;&gt;</a>&nbsp;&nbsp;&nbsp;OSMemGet
<LI><a href="#[200]">&gt;&gt;</a>&nbsp;&nbsp;&nbsp;OSMemCreate
<LI><a href="#[1ed]">&gt;&gt;</a>&nbsp;&nbsp;&nbsp;OSMboxPost
<LI><a href="#[2b2]">&gt;&gt;</a>&nbsp;&nbsp;&nbsp;OSEventNameSet
</UL>

<P><STRONG><a name="[1ea]"></a>OS_CPU_SR_Restore</STRONG> (Thumb, 0 bytes, Stack size unknown bytes, os_cpu_a.o(.text))
<BR><BR>[Called By]<UL><LI><a href="#[20d]">&gt;&gt;</a>&nbsp;&nbsp;&nbsp;OSTimeDly
<LI><a href="#[2d6]">&gt;&gt;</a>&nbsp;&nbsp;&nbsp;OSTaskCreateExt
<LI><a href="#[2d3]">&gt;&gt;</a>&nbsp;&nbsp;&nbsp;OSStatInit
<LI><a href="#[345]">&gt;&gt;</a>&nbsp;&nbsp;&nbsp;UART_ISR
<LI><a href="#[2ed]">&gt;&gt;</a>&nbsp;&nbsp;&nbsp;OSTimeTick
<LI><a href="#[212]">&gt;&gt;</a>&nbsp;&nbsp;&nbsp;OSIntExit
<LI><a href="#[fc]">&gt;&gt;</a>&nbsp;&nbsp;&nbsp;USART6_IRQHandler
<LI><a href="#[dc]">&gt;&gt;</a>&nbsp;&nbsp;&nbsp;USART3_IRQHandler
<LI><a href="#[db]">&gt;&gt;</a>&nbsp;&nbsp;&nbsp;USART2_IRQHandler
<LI><a href="#[da]">&gt;&gt;</a>&nbsp;&nbsp;&nbsp;USART1_IRQHandler
<LI><a href="#[ea]">&gt;&gt;</a>&nbsp;&nbsp;&nbsp;UART5_IRQHandler
<LI><a href="#[e9]">&gt;&gt;</a>&nbsp;&nbsp;&nbsp;UART4_IRQHandler
<LI><a href="#[f8]">&gt;&gt;</a>&nbsp;&nbsp;&nbsp;OTG_FS_IRQHandler
<LI><a href="#[b4]">&gt;&gt;</a>&nbsp;&nbsp;&nbsp;OS_CPU_SysTickHandler
<LI><a href="#[f4]">&gt;&gt;</a>&nbsp;&nbsp;&nbsp;CAN2_TX_IRQHandler
<LI><a href="#[f5]">&gt;&gt;</a>&nbsp;&nbsp;&nbsp;CAN2_RX0_IRQHandler
<LI><a href="#[c8]">&gt;&gt;</a>&nbsp;&nbsp;&nbsp;CAN1_TX_IRQHandler
<LI><a href="#[c9]">&gt;&gt;</a>&nbsp;&nbsp;&nbsp;CAN1_RX0_IRQHandler
<LI><a href="#[1e7]">&gt;&gt;</a>&nbsp;&nbsp;&nbsp;BSP_CAN_Write
<LI><a href="#[1d6]">&gt;&gt;</a>&nbsp;&nbsp;&nbsp;UART_ReceiveMsgHook
<LI><a href="#[22b]">&gt;&gt;</a>&nbsp;&nbsp;&nbsp;UART_MsgDeal
<LI><a href="#[20b]">&gt;&gt;</a>&nbsp;&nbsp;&nbsp;BSP_UARTWrite
<LI><a href="#[209]">&gt;&gt;</a>&nbsp;&nbsp;&nbsp;BSP_UARTConfigTimeInit
<LI><a href="#[1fd]">&gt;&gt;</a>&nbsp;&nbsp;&nbsp;BSP_UARTConfigInit
<LI><a href="#[34a]">&gt;&gt;</a>&nbsp;&nbsp;&nbsp;UART_TxISR
<LI><a href="#[34e]">&gt;&gt;</a>&nbsp;&nbsp;&nbsp;UART_PushOneByte
<LI><a href="#[34c]">&gt;&gt;</a>&nbsp;&nbsp;&nbsp;UART_PopOneByte
<LI><a href="#[10e]">&gt;&gt;</a>&nbsp;&nbsp;&nbsp;OS_TaskStat
<LI><a href="#[10d]">&gt;&gt;</a>&nbsp;&nbsp;&nbsp;OS_TaskIdle
<LI><a href="#[2d9]">&gt;&gt;</a>&nbsp;&nbsp;&nbsp;OS_TCBInit
<LI><a href="#[2c3]">&gt;&gt;</a>&nbsp;&nbsp;&nbsp;OS_Sched
<LI><a href="#[1be]">&gt;&gt;</a>&nbsp;&nbsp;&nbsp;OSTimeGet
<LI><a href="#[230]">&gt;&gt;</a>&nbsp;&nbsp;&nbsp;OSTaskSuspend
<LI><a href="#[2e7]">&gt;&gt;</a>&nbsp;&nbsp;&nbsp;OSTaskStkChk
<LI><a href="#[2dc]">&gt;&gt;</a>&nbsp;&nbsp;&nbsp;OSTaskDel
<LI><a href="#[2d0]">&gt;&gt;</a>&nbsp;&nbsp;&nbsp;OSSemPost
<LI><a href="#[2cf]">&gt;&gt;</a>&nbsp;&nbsp;&nbsp;OSSemPend
<LI><a href="#[2ce]">&gt;&gt;</a>&nbsp;&nbsp;&nbsp;OSSemCreate
<LI><a href="#[1d3]">&gt;&gt;</a>&nbsp;&nbsp;&nbsp;OSSchedUnlock
<LI><a href="#[1d2]">&gt;&gt;</a>&nbsp;&nbsp;&nbsp;OSSchedLock
<LI><a href="#[1c8]">&gt;&gt;</a>&nbsp;&nbsp;&nbsp;OSQPost
<LI><a href="#[22a]">&gt;&gt;</a>&nbsp;&nbsp;&nbsp;OSQPend
<LI><a href="#[2cd]">&gt;&gt;</a>&nbsp;&nbsp;&nbsp;OSQFlush
<LI><a href="#[22f]">&gt;&gt;</a>&nbsp;&nbsp;&nbsp;OSQCreate
<LI><a href="#[2cb]">&gt;&gt;</a>&nbsp;&nbsp;&nbsp;OSMutexPost
<LI><a href="#[2c8]">&gt;&gt;</a>&nbsp;&nbsp;&nbsp;OSMutexPend
<LI><a href="#[2c6]">&gt;&gt;</a>&nbsp;&nbsp;&nbsp;OSMutexCreate
<LI><a href="#[2c5]">&gt;&gt;</a>&nbsp;&nbsp;&nbsp;OSMemPut
<LI><a href="#[2c4]">&gt;&gt;</a>&nbsp;&nbsp;&nbsp;OSMemGet
<LI><a href="#[200]">&gt;&gt;</a>&nbsp;&nbsp;&nbsp;OSMemCreate
<LI><a href="#[1ed]">&gt;&gt;</a>&nbsp;&nbsp;&nbsp;OSMboxPost
<LI><a href="#[2b2]">&gt;&gt;</a>&nbsp;&nbsp;&nbsp;OSEventNameSet
</UL>

<P><STRONG><a name="[2d2]"></a>OSStartHighRdy</STRONG> (Thumb, 0 bytes, Stack size unknown bytes, os_cpu_a.o(.text))
<BR><BR>[Called By]<UL><LI><a href="#[2d1]">&gt;&gt;</a>&nbsp;&nbsp;&nbsp;OSStart
</UL>

<P><STRONG><a name="[2f4]"></a>OSCtxSw</STRONG> (Thumb, 0 bytes, Stack size unknown bytes, os_cpu_a.o(.text))
<BR><BR>[Called By]<UL><LI><a href="#[2c3]">&gt;&gt;</a>&nbsp;&nbsp;&nbsp;OS_Sched
</UL>

<P><STRONG><a name="[2c1]"></a>OSIntCtxSw</STRONG> (Thumb, 0 bytes, Stack size unknown bytes, os_cpu_a.o(.text))
<BR><BR>[Called By]<UL><LI><a href="#[212]">&gt;&gt;</a>&nbsp;&nbsp;&nbsp;OSIntExit
</UL>

<P><STRONG><a name="[b3]"></a>OS_CPU_PendSVHandler</STRONG> (Thumb, 0 bytes, Stack size unknown bytes, os_cpu_a.o(.text))
<BR>[Address Reference Count : 1]<UL><LI> startup_stm32f429_439xx.o(RESET)
</UL>
<P><STRONG><a name="[18b]"></a>__aeabi_uldivmod</STRONG> (Thumb, 98 bytes, Stack size 40 bytes, uldiv.o(.text), UNUSED)
<BR><BR>[Calls]<UL><LI><a href="#[18d]">&gt;&gt;</a>&nbsp;&nbsp;&nbsp;__aeabi_llsl
<LI><a href="#[18c]">&gt;&gt;</a>&nbsp;&nbsp;&nbsp;__aeabi_llsr
</UL>
<BR>[Called By]<UL><LI><a href="#[368]">&gt;&gt;</a>&nbsp;&nbsp;&nbsp;_printf_core
<LI><a href="#[36a]">&gt;&gt;</a>&nbsp;&nbsp;&nbsp;_fp_digits
</UL>

<P><STRONG><a name="[18d]"></a>__aeabi_llsl</STRONG> (Thumb, 30 bytes, Stack size 0 bytes, llshl.o(.text), UNUSED)
<BR><BR>[Called By]<UL><LI><a href="#[18b]">&gt;&gt;</a>&nbsp;&nbsp;&nbsp;__aeabi_uldivmod
<LI><a href="#[198]">&gt;&gt;</a>&nbsp;&nbsp;&nbsp;_double_epilogue
<LI><a href="#[196]">&gt;&gt;</a>&nbsp;&nbsp;&nbsp;__aeabi_dadd
<LI><a href="#[19e]">&gt;&gt;</a>&nbsp;&nbsp;&nbsp;__aeabi_d2ulz
</UL>

<P><STRONG><a name="[37d]"></a>_ll_shift_l</STRONG> (Thumb, 0 bytes, Stack size 0 bytes, llshl.o(.text), UNUSED)

<P><STRONG><a name="[1ad]"></a>__aeabi_memcpy</STRONG> (Thumb, 36 bytes, Stack size 0 bytes, memcpya.o(.text))
<BR><BR>[Called By]<UL><LI><a href="#[321]">&gt;&gt;</a>&nbsp;&nbsp;&nbsp;SST26_AutoWritePage
<LI><a href="#[22b]">&gt;&gt;</a>&nbsp;&nbsp;&nbsp;UART_MsgDeal
<LI><a href="#[1ce]">&gt;&gt;</a>&nbsp;&nbsp;&nbsp;APP_SelectUpNChargeRecode
<LI><a href="#[1cd]">&gt;&gt;</a>&nbsp;&nbsp;&nbsp;APP_SelectNextNChargeRecode
<LI><a href="#[1cb]">&gt;&gt;</a>&nbsp;&nbsp;&nbsp;DispShow_Recode
<LI><a href="#[1bd]">&gt;&gt;</a>&nbsp;&nbsp;&nbsp;ChargeRecode_Dispose
<LI><a href="#[1c5]">&gt;&gt;</a>&nbsp;&nbsp;&nbsp;APP_RecvConectCCUAnalyze
<LI><a href="#[28d]">&gt;&gt;</a>&nbsp;&nbsp;&nbsp;SendCardMsg
<LI><a href="#[314]">&gt;&gt;</a>&nbsp;&nbsp;&nbsp;ReciveCCUFrame
<LI><a href="#[16d]">&gt;&gt;</a>&nbsp;&nbsp;&nbsp;ProtocolOperation_StopOver
<LI><a href="#[16c]">&gt;&gt;</a>&nbsp;&nbsp;&nbsp;ProtocolOperation_StartOver
<LI><a href="#[16e]">&gt;&gt;</a>&nbsp;&nbsp;&nbsp;ProtocolOperation_CCUYC
<LI><a href="#[221]">&gt;&gt;</a>&nbsp;&nbsp;&nbsp;CardAnalysis
<LI><a href="#[241]">&gt;&gt;</a>&nbsp;&nbsp;&nbsp;Send_WriterBlock
<LI><a href="#[21e]">&gt;&gt;</a>&nbsp;&nbsp;&nbsp;CalculationRate
<LI><a href="#[253]">&gt;&gt;</a>&nbsp;&nbsp;&nbsp;Dis_ShowCopy
<LI><a href="#[1af]">&gt;&gt;</a>&nbsp;&nbsp;&nbsp;APP_GetCcuYC
<LI><a href="#[1ae]">&gt;&gt;</a>&nbsp;&nbsp;&nbsp;APP_GetCcuStopOver
<LI><a href="#[1ac]">&gt;&gt;</a>&nbsp;&nbsp;&nbsp;APP_GetCcuStartOver
<LI><a href="#[a5]">&gt;&gt;</a>&nbsp;&nbsp;&nbsp;HFQG_RecvStartCharge
<LI><a href="#[27f]">&gt;&gt;</a>&nbsp;&nbsp;&nbsp;HFQGFreamSend
<LI><a href="#[286]">&gt;&gt;</a>&nbsp;&nbsp;&nbsp;HFQG_SendBill
<LI><a href="#[283]">&gt;&gt;</a>&nbsp;&nbsp;&nbsp;HFQG_RecvFrameDispose
<LI><a href="#[185]">&gt;&gt;</a>&nbsp;&nbsp;&nbsp;Recv_AT_ReRecv1Cmd_Ack
<LI><a href="#[184]">&gt;&gt;</a>&nbsp;&nbsp;&nbsp;Recv_AT_ReRecv0Cmd_Ack
</UL>

<P><STRONG><a name="[1dd]"></a>__aeabi_memcpy4</STRONG> (Thumb, 0 bytes, Stack size 0 bytes, memcpya.o(.text))
<BR><BR>[Called By]<UL><LI><a href="#[1d9]">&gt;&gt;</a>&nbsp;&nbsp;&nbsp;BSP_CANRx_IRQHandler
<LI><a href="#[1ec]">&gt;&gt;</a>&nbsp;&nbsp;&nbsp;GetFormation
<LI><a href="#[209]">&gt;&gt;</a>&nbsp;&nbsp;&nbsp;BSP_UARTConfigTimeInit
<LI><a href="#[1fd]">&gt;&gt;</a>&nbsp;&nbsp;&nbsp;BSP_UARTConfigInit
</UL>

<P><STRONG><a name="[37e]"></a>__aeabi_memcpy8</STRONG> (Thumb, 0 bytes, Stack size 0 bytes, memcpya.o(.text), UNUSED)

<P><STRONG><a name="[18f]"></a>__aeabi_memset</STRONG> (Thumb, 14 bytes, Stack size 0 bytes, memseta.o(.text))
<BR><BR>[Called By]<UL><LI><a href="#[190]">&gt;&gt;</a>&nbsp;&nbsp;&nbsp;_memset$wrapper
<LI><a href="#[18e]">&gt;&gt;</a>&nbsp;&nbsp;&nbsp;__aeabi_memclr
</UL>

<P><STRONG><a name="[37f]"></a>__aeabi_memset4</STRONG> (Thumb, 0 bytes, Stack size 0 bytes, memseta.o(.text), UNUSED)

<P><STRONG><a name="[380]"></a>__aeabi_memset8</STRONG> (Thumb, 0 bytes, Stack size 0 bytes, memseta.o(.text), UNUSED)

<P><STRONG><a name="[18e]"></a>__aeabi_memclr</STRONG> (Thumb, 4 bytes, Stack size 0 bytes, memseta.o(.text))
<BR><BR>[Calls]<UL><LI><a href="#[18f]">&gt;&gt;</a>&nbsp;&nbsp;&nbsp;__aeabi_memset
</UL>
<BR>[Called By]<UL><LI><a href="#[272]">&gt;&gt;</a>&nbsp;&nbsp;&nbsp;Display_ParaInit
<LI><a href="#[1cb]">&gt;&gt;</a>&nbsp;&nbsp;&nbsp;DispShow_Recode
<LI><a href="#[1c5]">&gt;&gt;</a>&nbsp;&nbsp;&nbsp;APP_RecvConectCCUAnalyze
<LI><a href="#[231]">&gt;&gt;</a>&nbsp;&nbsp;&nbsp;Card_Init
<LI><a href="#[245]">&gt;&gt;</a>&nbsp;&nbsp;&nbsp;StartBillingInit
<LI><a href="#[247]">&gt;&gt;</a>&nbsp;&nbsp;&nbsp;ChargingInit
<LI><a href="#[24b]">&gt;&gt;</a>&nbsp;&nbsp;&nbsp;SIM7600Reset
</UL>

<P><STRONG><a name="[223]"></a>__aeabi_memclr4</STRONG> (Thumb, 0 bytes, Stack size 0 bytes, memseta.o(.text))
<BR><BR>[Called By]<UL><LI><a href="#[11d]">&gt;&gt;</a>&nbsp;&nbsp;&nbsp;Task4GRecv
[...]
<LI><a href="#[20b]">&gt;&gt;</a>&nbsp;&nbsp;&nbsp;BSP_UARTWrite
<LI><a href="#[339]">&gt;&gt;</a>&nbsp;&nbsp;&nbsp;CalcBCC
<LI><a href="#[1ad]">&gt;&gt;</a>&nbsp;&nbsp;&nbsp;__aeabi_memcpy
</UL>
<BR>[Called By]<UL><LI><a href="#[226]">&gt;&gt;</a>&nbsp;&nbsp;&nbsp;Charge_StopCard
<LI><a href="#[225]">&gt;&gt;</a>&nbsp;&nbsp;&nbsp;Charge_StartCard
</UL>

<P><STRONG><a name="[1ab]"></a>ProtocolFlashOperation</STRONG> (Thumb, 112 bytes, Stack size 16 bytes, flashdatadeal.o(i.ProtocolFlashOperation))
<BR><BR>[Stack]<UL><LI>Max Depth = 144<LI>Call Chain = ProtocolFlashOperation &rArr; SST26_WriteBuffer &rArr; SST26_AutoWritePage &rArr; SST26_PageWrite &rArr; SST26_WriteEnable &rArr; SST26_WaitForWriteEnd &rArr; SST26_SendByte
</UL>
<BR>[Calls]<UL><LI><a href="#[1a3]">&gt;&gt;</a>&nbsp;&nbsp;&nbsp;SST26_WriteBuffer
<LI><a href="#[1a4]">&gt;&gt;</a>&nbsp;&nbsp;&nbsp;SST26_ReadBuffer
</UL>
<BR>[Called By]<UL><LI><a href="#[1a9]">&gt;&gt;</a>&nbsp;&nbsp;&nbsp;APP_FlashOperation
</UL>

<P><STRONG><a name="[1aa]"></a>SearchParaManagementTable</STRONG> (Thumb, 38 bytes, Stack size 0 bytes, flashdatadeal.o(i.SearchParaManagementTable))
<BR><BR>[Called By]<UL><LI><a href="#[1a9]">&gt;&gt;</a>&nbsp;&nbsp;&nbsp;APP_FlashOperation
</UL>

<P><STRONG><a name="[248]"></a>Connect_4G</STRONG> (Thumb, 170 bytes, Stack size 8 bytes, 4gmain.o(i.Connect_4G))
<BR><BR>[Stack]<UL><LI>Max Depth = 216 + Unknown Stack Size
<LI>Call Chain = Connect_4G &rArr; ModuleSIM7600_ConnectServer &rArr; Module_ConnectServer &rArr; UART_4GWrite &rArr; BSP_UARTWrite &rArr; UART_PushBytes &rArr; UART_PushOneByte
</UL>
<BR>[Calls]<UL><LI><a href="#[24b]">&gt;&gt;</a>&nbsp;&nbsp;&nbsp;SIM7600Reset
<LI><a href="#[24e]">&gt;&gt;</a>&nbsp;&nbsp;&nbsp;SIM7600CloseNet
<LI><a href="#[24a]">&gt;&gt;</a>&nbsp;&nbsp;&nbsp;Module_SIM7600Test
<LI><a href="#[24d]">&gt;&gt;</a>&nbsp;&nbsp;&nbsp;ModuleSIM7600_ConnectServer
<LI><a href="#[249]">&gt;&gt;</a>&nbsp;&nbsp;&nbsp;APP_GetSIM7600Status
<LI><a href="#[24c]">&gt;&gt;</a>&nbsp;&nbsp;&nbsp;APP_GetModuleConnectState
</UL>
<BR>[Called By]<UL><LI><a href="#[11b]">&gt;&gt;</a>&nbsp;&nbsp;&nbsp;Task4GMain
</UL>

<P><STRONG><a name="[2a0]"></a>Module_ConnectServer</STRONG> (Thumb, 98 bytes, Stack size 96 bytes, modulesim7600.o(i.Module_ConnectServer))
<BR><BR>[Stack]<UL><LI>Max Depth = 192 + Unknown Stack Size
<LI>Call Chain = Module_ConnectServer &rArr; UART_4GWrite &rArr; BSP_UARTWrite &rArr; UART_PushBytes &rArr; UART_PushOneByte
</UL>
<BR>[Calls]<UL><LI><a href="#[2a3]">&gt;&gt;</a>&nbsp;&nbsp;&nbsp;strlen
<LI><a href="#[2a2]">&gt;&gt;</a>&nbsp;&nbsp;&nbsp;UART_4GWrite
<LI><a href="#[259]">&gt;&gt;</a>&nbsp;&nbsp;&nbsp;__2snprintf
<LI><a href="#[235]">&gt;&gt;</a>&nbsp;&nbsp;&nbsp;__2printf
</UL>
<BR>[Called By]<UL><LI><a href="#[24d]">&gt;&gt;</a>&nbsp;&nbsp;&nbsp;ModuleSIM7600_ConnectServer
</UL>

<P><STRONG><a name="[17a]"></a>Recv_AT_CGDCONT_Ack</STRONG> (Thumb, 44 bytes, Stack size 16 bytes, modulesim7600.o(i.Recv_AT_CGDCONT_Ack))
<BR><BR>[Stack]<UL><LI>Max Depth = 32 + Unknown Stack Size
<LI>Call Chain = Recv_AT_CGDCONT_Ack &rArr; OSSchedUnlock &rArr; OS_Sched
</UL>
<BR>[Calls]<UL><LI><a href="#[1d3]">&gt;&gt;</a>&nbsp;&nbsp;&nbsp;OSSchedUnlock
<LI><a href="#[1d2]">&gt;&gt;</a>&nbsp;&nbsp;&nbsp;OSSchedLock
</UL>
<BR>[Address Reference Count : 1]<UL><LI> modulesim7600.o(.constdata)
</UL>
<P><STRONG><a name="[179]"></a>Recv_AT_CIMI_Ack</STRONG> (Thumb, 58 bytes, Stack size 16 bytes, modulesim7600.o(i.Recv_AT_CIMI_Ack))
<BR><BR>[Stack]<UL><LI>Max Depth = 32 + Unknown Stack Size
<LI>Call Chain = Recv_AT_CIMI_Ack &rArr; OSSchedUnlock &rArr; OS_Sched
</UL>
<BR>[Calls]<UL><LI><a href="#[1d3]">&gt;&gt;</a>&nbsp;&nbsp;&nbsp;OSSchedUnlock
<LI><a href="#[1d2]">&gt;&gt;</a>&nbsp;&nbsp;&nbsp;OSSchedLock
<LI><a href="#[315]">&gt;&gt;</a>&nbsp;&nbsp;&nbsp;strstr
</UL>
<BR>[Address Reference Count : 1]<UL><LI> modulesim7600.o(.constdata)
</UL>
<P><STRONG><a name="[17b]"></a>Recv_AT_CIPMODE_Ack</STRONG> (Thumb, 44 bytes, Stack size 16 bytes, modulesim7600.o(i.Recv_AT_CIPMODE_Ack))
<BR><BR>[Stack]<UL><LI>Max Depth = 32 + Unknown Stack Size
<LI>Call Chain = Recv_AT_CIPMODE_Ack &rArr; OSSchedUnlock &rArr; OS_Sched
</UL>
<BR>[Calls]<UL><LI><a href="#[1d3]">&gt;&gt;</a>&nbsp;&nbsp;&nbsp;OSSchedUnlock
<LI><a href="#[1d2]">&gt;&gt;</a>&nbsp;&nbsp;&nbsp;OSSchedLock
</UL>
<BR>[Address Reference Count : 1]<UL><LI> modulesim7600.o(.constdata)
</UL>
<P><STRONG><a name="[178]"></a>Recv_AT_CSQ_Ack</STRONG> (Thumb, 72 bytes, Stack size 16 bytes, modulesim7600.o(i.Recv_AT_CSQ_Ack))
<BR><BR>[Stack]<UL><LI>Max Depth = 104 + Unknown Stack Size
<LI>Call Chain = Recv_AT_CSQ_Ack &rArr; atoi &rArr; strtol &rArr; _strtoul
</UL>
<BR>[Calls]<UL><LI><a href="#[1d3]">&gt;&gt;</a>&nbsp;&nbsp;&nbsp;OSSchedUnlock
<LI><a href="#[1d2]">&gt;&gt;</a>&nbsp;&nbsp;&nbsp;OSSchedLock
<LI><a href="#[315]">&gt;&gt;</a>&nbsp;&nbsp;&nbsp;strstr
<LI><a href="#[191]">&gt;&gt;</a>&nbsp;&nbsp;&nbsp;atoi
</UL>
<BR>[Address Reference Count : 1]<UL><LI> modulesim7600.o(.constdata)
</UL>
<P><STRONG><a name="[17d]"></a>Recv_AT_ConnectServer0Cmd_Ack</STRONG> (Thumb, 150 bytes, Stack size 24 bytes, modulesim7600.o(i.Recv_AT_ConnectServer0Cmd_Ack))
<BR><BR>[Stack]<UL><LI>Max Depth = 112 + Unknown Stack Size
<LI>Call Chain = Recv_AT_ConnectServer0Cmd_Ack &rArr; atoi &rArr; strtol &rArr; _strtoul
</UL>
<BR>[Calls]<UL><LI><a href="#[1d3]">&gt;&gt;</a>&nbsp;&nbsp;&nbsp;OSSchedUnlock
<LI><a href="#[1d2]">&gt;&gt;</a>&nbsp;&nbsp;&nbsp;OSSchedLock
<LI><a href="#[315]">&gt;&gt;</a>&nbsp;&nbsp;&nbsp;strstr
<LI><a href="#[191]">&gt;&gt;</a>&nbsp;&nbsp;&nbsp;atoi
<LI><a href="#[316]">&gt;&gt;</a>&nbsp;&nbsp;&nbsp;strtok
</UL>
<BR>[Address Reference Count : 1]<UL><LI> modulesim7600.o(.constdata)
</UL>
<P><STRONG><a name="[17f]"></a>Recv_AT_ConnectServer0_Ack</STRONG> (Thumb, 150 bytes, Stack size 24 bytes, modulesim7600.o(i.Recv_AT_ConnectServer0_Ack))
<BR><BR>[Stack]<UL><LI>Max Depth = 112 + Unknown Stack Size
<LI>Call Chain = Recv_AT_ConnectServer0_Ack &rArr; atoi &rArr; strtol &rArr; _strtoul
</UL>
<BR>[Calls]<UL><LI><a href="#[1d3]">&gt;&gt;</a>&nbsp;&nbsp;&nbsp;OSSchedUnlock
<LI><a href="#[1d2]">&gt;&gt;</a>&nbsp;&nbsp;&nbsp;OSSchedLock
<LI><a href="#[315]">&gt;&gt;</a>&nbsp;&nbsp;&nbsp;strstr
<LI><a href="#[191]">&gt;&gt;</a>&nbsp;&nbsp;&nbsp;atoi
<LI><a href="#[316]">&gt;&gt;</a>&nbsp;&nbsp;&nbsp;strtok
</UL>
<BR>[Address Reference Count : 1]<UL><LI> modulesim7600.o(.constdata)
</UL>
<P><STRONG><a name="[17e]"></a>Recv_AT_ConnectServer1Cmd_Ack</STRONG> (Thumb, 150 bytes, Stack size 24 bytes, modulesim7600.o(i.Recv_AT_ConnectServer1Cmd_Ack))
<BR><BR>[Stack]<UL><LI>Max Depth = 112 + Unknown Stack Size
<LI>Call Chain = Recv_AT_ConnectServer1Cmd_Ack &rArr; atoi &rArr; strtol &rArr; _strtoul
</UL>
<BR>[Calls]<UL><LI><a href="#[1d3]">&gt;&gt;</a>&nbsp;&nbsp;&nbsp;OSSchedUnlock
<LI><a href="#[1d2]">&gt;&gt;</a>&nbsp;&nbsp;&nbsp;OSSchedLock
<LI><a href="#[315]">&gt;&gt;</a>&nbsp;&nbsp;&nbsp;strstr
<LI><a href="#[191]">&gt;&gt;</a>&nbsp;&nbsp;&nbsp;atoi
<LI><a href="#[316]">&gt;&gt;</a>&nbsp;&nbsp;&nbsp;strtok
</UL>
<BR>[Address Reference Count : 1]<UL><LI> modulesim7600.o(.constdata)
</UL>
<P><STRONG><a name="[180]"></a>Recv_AT_ConnectServer1_Ack</STRONG> (Thumb, 150 bytes, Stack size 24 bytes, modulesim7600.o(i.Recv_AT_ConnectServer1_Ack))
<BR><BR>[Stack]<UL><LI>Max Depth = 112 + Unknown Stack Size
<LI>Call Chain = Recv_AT_ConnectServer1_Ack &rArr; atoi &rArr; strtol &rArr; _strtoul
</UL>
<BR>[Calls]<UL><LI><a href="#[1d3]">&gt;&gt;</a>&nbsp;&nbsp;&nbsp;OSSchedUnlock
<LI><a href="#[1d2]">&gt;&gt;</a>&nbsp;&nbsp;&nbsp;OSSchedLock
<LI><a href="#[315]">&gt;&gt;</a>&nbsp;&nbsp;&nbsp;strstr
<LI><a href="#[191]">&gt;&gt;</a>&nbsp;&nbsp;&nbsp;atoi
<LI><a href="#[316]">&gt;&gt;</a>&nbsp;&nbsp;&nbsp;strtok
</UL>
<BR>[Address Reference Count : 1]<UL><LI> modulesim7600.o(.constdata)
</UL>
<P><STRONG><a name="[181]"></a>Recv_AT_EnterATCmd_Ack</STRONG> (Thumb, 26 bytes, Stack size 16 bytes, modulesim7600.o(i.Recv_AT_EnterATCmd_Ack))
<BR><BR>[Stack]<UL><LI>Max Depth = 112 + Unknown Stack Size
<LI>Call Chain = Recv_AT_EnterATCmd_Ack &rArr; UART_4GWrite &rArr; BSP_UARTWrite &rArr; UART_PushBytes &rArr; UART_PushOneByte
</UL>
<BR>[Calls]<UL><LI><a href="#[2a2]">&gt;&gt;</a>&nbsp;&nbsp;&nbsp;UART_4GWrite
</UL>
<BR>[Address Reference Count : 1]<UL><LI> modulesim7600.o(.constdata)
</UL>
<P><STRONG><a name="[17c]"></a>Recv_AT_NETOPEN_Ack</STRONG> (Thumb, 44 bytes, Stack size 16 bytes, modulesim7600.o(i.Recv_AT_NETOPEN_Ack))
<BR><BR>[Stack]<UL><LI>Max Depth = 32 + Unknown Stack Size
<LI>Call Chain = Recv_AT_NETOPEN_Ack &rArr; OSSchedUnlock &rArr; OS_Sched
</UL>
<BR>[Calls]<UL><LI><a href="#[1d3]">&gt;&gt;</a>&nbsp;&nbsp;&nbsp;OSSchedUnlock
<LI><a href="#[1d2]">&gt;&gt;</a>&nbsp;&nbsp;&nbsp;OSSchedLock
</UL>
<BR>[Address Reference Count : 1]<UL><LI> modulesim7600.o(.constdata)
</UL>
<P><STRONG><a name="[184]"></a>Recv_AT_ReRecv0Cmd_Ack</STRONG> (Thumb, 180 bytes, Stack size 24 bytes, modulesim7600.o(i.Recv_AT_ReRecv0Cmd_Ack))
<BR><BR>[Stack]<UL><LI>Max Depth = 112<LI>Call Chain = Recv_AT_ReRecv0Cmd_Ack &rArr; atoi &rArr; strtol &rArr; _strtoul
</UL>
<BR>[Calls]<UL><LI><a href="#[315]">&gt;&gt;</a>&nbsp;&nbsp;&nbsp;strstr
<LI><a href="#[1ad]">&gt;&gt;</a>&nbsp;&nbsp;&nbsp;__aeabi_memcpy
<LI><a href="#[317]">&gt;&gt;</a>&nbsp;&nbsp;&nbsp;APP_RecvDataControl
<LI><a href="#[191]">&gt;&gt;</a>&nbsp;&nbsp;&nbsp;atoi
<LI><a href="#[316]">&gt;&gt;</a>&nbsp;&nbsp;&nbsp;strtok
</UL>
<BR>[Address Reference Count : 1]<UL><LI> modulesim7600.o(.constdata)
</UL>
<P><STRONG><a name="[185]"></a>Recv_AT_ReRecv1Cmd_Ack</STRONG> (Thumb, 154 bytes, Stack size 24 bytes, modulesim7600.o(i.Recv_AT_ReRecv1Cmd_Ack))
<BR><BR>[Stack]<UL><LI>Max Depth = 112<LI>Call Chain = Recv_AT_ReRecv1Cmd_Ack &rArr; atoi &rArr; strtol &rArr; _strtoul
</UL>
<BR>[Calls]<UL><LI><a href="#[315]">&gt;&gt;</a>&nbsp;&nbsp;&nbsp;strstr
<LI><a href="#[1ad]">&gt;&gt;</a>&nbsp;&nbsp;&nbsp;__aeabi_memcpy
<LI><a href="#[317]">&gt;&gt;</a>&nbsp;&nbsp;&nbsp;APP_RecvDataControl
<LI><a href="#[191]">&gt;&gt;</a>&nbsp;&nbsp;&nbsp;atoi
<LI><a href="#[316]">&gt;&gt;</a>&nbsp;&nbsp;&nbsp;strtok
</UL>
<BR>[Address Reference Count : 1]<UL><LI> modulesim7600.o(.constdata)
</UL>
<P><STRONG><a name="[182]"></a>Recv_AT_SendAck0Cmd_Ack</STRONG> (Thumb, 52 bytes, Stack size 16 bytes, modulesim7600.o(i.Recv_AT_SendAck0Cmd_Ack))
<BR><BR>[Stack]<UL><LI>Max Depth = 32 + Unknown Stack Size
<LI>Call Chain = Recv_AT_SendAck0Cmd_Ack &rArr; OSSchedUnlock &rArr; OS_Sched
</UL>
<BR>[Calls]<UL><LI><a href="#[1d3]">&gt;&gt;</a>&nbsp;&nbsp;&nbsp;OSSchedUnlock
<LI><a href="#[1d2]">&gt;&gt;</a>&nbsp;&nbsp;&nbsp;OSSchedLock
<LI><a href="#[315]">&gt;&gt;</a>&nbsp;&nbsp;&nbsp;strstr
</UL>
<BR>[Address Reference Count : 1]<UL><LI> modulesim7600.o(.constdata)
</UL>
<P><STRONG><a name="[183]"></a>Recv_AT_SendAck1Cmd_Ack</STRONG> (Thumb, 52 bytes, Stack size 16 bytes, modulesim7600.o(i.Recv_AT_SendAck1Cmd_Ack))
<BR><BR>[Stack]<UL><LI>Max Depth = 32 + Unknown Stack Size
<LI>Call Chain = Recv_AT_SendAck1Cmd_Ack &rArr; OSSchedUnlock &rArr; OS_Sched
</UL>
<BR>[Calls]<UL><LI><a href="#[1d3]">&gt;&gt;</a>&nbsp;&nbsp;&nbsp;OSSchedUnlock
<LI><a href="#[1d2]">&gt;&gt;</a>&nbsp;&nbsp;&nbsp;OSSchedLock
<LI><a href="#[315]">&gt;&gt;</a>&nbsp;&nbsp;&nbsp;strstr
</UL>
<BR>[Address Reference Count : 1]<UL><LI> modulesim7600.o(.constdata)
</UL>
<P><STRONG><a name="[186]"></a>Recv_AT_SetReAct_Ack</STRONG> (Thumb, 44 bytes, Stack size 16 bytes, modulesim7600.o(i.Recv_AT_SetReAct_Ack))
<BR><BR>[Stack]<UL><LI>Max Depth = 32 + Unknown Stack Size
<LI>Call Chain = Recv_AT_SetReAct_Ack &rArr; OSSchedUnlock &rArr; OS_Sched
</UL>
<BR>[Calls]<UL><LI><a href="#[1d3]">&gt;&gt;</a>&nbsp;&nbsp;&nbsp;OSSchedUnlock
<LI><a href="#[1d2]">&gt;&gt;</a>&nbsp;&nbsp;&nbsp;OSSchedLock
</UL>
<BR>[Address Reference Count : 1]<UL><LI> modulesim7600.o(.constdata)
</UL>
<P><STRONG><a name="[187]"></a>Recv_ActRecv0_Ack</STRONG> (Thumb, 20 bytes, Stack size 16 bytes, modulesim7600.o(i.Recv_ActRecv0_Ack))
<BR><BR>[Stack]<UL><LI>Max Depth = 192 + Unknown Stack Size
<LI>Call Chain = Recv_ActRecv0_Ack &rArr; Send_AT_CIPRXGET &rArr; UART_4GWrite &rArr; BSP_UARTWrite &rArr; UART_PushBytes &rArr; UART_PushOneByte
</UL>
<BR>[Calls]<UL><LI><a href="#[318]">&gt;&gt;</a>&nbsp;&nbsp;&nbsp;Send_AT_CIPRXGET
</UL>
<BR>[Address Reference Count : 1]<UL><LI> modulesim7600.o(.constdata)
</UL>
<P><STRONG><a name="[188]"></a>Recv_ActRecv1_Ack</STRONG> (Thumb, 20 bytes, Stack size 16 bytes, modulesim7600.o(i.Recv_ActRecv1_Ack))
<BR><BR>[Stack]<UL><LI>Max Depth = 192 + Unknown Stack Size
<LI>Call Chain = Recv_ActRecv1_Ack &rArr; Send_AT_CIPRXGET &rArr; UART_4GWrite &rArr; BSP_UARTWrite &rArr; UART_PushBytes &rArr; UART_PushOneByte
</UL>
<BR>[Calls]<UL><LI><a href="#[318]">&gt;&gt;</a>&nbsp;&nbsp;&nbsp;Send_AT_CIPRXGET
</UL>
<BR>[Address Reference Count : 1]<UL><LI> modulesim7600.o(.constdata)
</UL>
<P><STRONG><a name="[2a6]"></a>Send_AT_CGDCONT</STRONG> (Thumb, 22 bytes, Stack size 8 bytes, modulesim7600.o(i.Send_AT_CGDCONT))
<BR><BR>[Stack]<UL><LI>Max Depth = 104 + Unknown Stack Size
<LI>Call Chain = Send_AT_CGDCONT &rArr; UART_4GWrite &rArr; BSP_UARTWrite &rArr; UART_PushBytes &rArr; UART_PushOneByte
</UL>
<BR>[Calls]<UL><LI><a href="#[2a2]">&gt;&gt;</a>&nbsp;&nbsp;&nbsp;UART_4GWrite
</UL>
<BR>[Called By]<UL><LI><a href="#[24a]">&gt;&gt;</a>&nbsp;&nbsp;&nbsp;Module_SIM7600Test
</UL>

<P><STRONG><a name="[2a4]"></a>Send_AT_CIMI</STRONG> (Thumb, 22 bytes, Stack size 8 bytes, modulesim7600.o(i.Send_AT_CIMI))
<BR><BR>[Stack]<UL><LI>Max Depth = 104 + Unknown Stack Size
<LI>Call Chain = Send_AT_CIMI &rArr; UART_4GWrite &rArr; BSP_UARTWrite &rArr; UART_PushBytes &rArr; UART_PushOneByte
</UL>
<BR>[Calls]<UL><LI><a href="#[2a2]">&gt;&gt;</a>&nbsp;&nbsp;&nbsp;UART_4GWrite
</UL>
<BR>[Called By]<UL><LI><a href="#[24a]">&gt;&gt;</a>&nbsp;&nbsp;&nbsp;Module_SIM7600Test
</UL>

<P><STRONG><a name="[31e]"></a>Send_AT_CIPCLOSE</STRONG> (Thumb, 82 bytes, Stack size 80 bytes, modulesim7600.o(i.Send_AT_CIPCLOSE))
<BR><BR>[Stack]<UL><LI>Max Depth = 176 + Unknown Stack Size
<LI>Call Chain = Send_AT_CIPCLOSE &rArr; UART_4GWrite &rArr; BSP_UARTWrite &rArr; UART_PushBytes &rArr; UART_PushOneByte
</UL>
<BR>[Calls]<UL><LI><a href="#[2a3]">&gt;&gt;</a>&nbsp;&nbsp;&nbsp;strlen
<LI><a href="#[2a2]">&gt;&gt;</a>&nbsp;&nbsp;&nbsp;UART_4GWrite
<LI><a href="#[259]">&gt;&gt;</a>&nbsp;&nbsp;&nbsp;__2snprintf
<LI><a href="#[235]">&gt;&gt;</a>&nbsp;&nbsp;&nbsp;__2printf
</UL>
<BR>[Called By]<UL><LI><a href="#[24b]">&gt;&gt;</a>&nbsp;&nbsp;&nbsp;SIM7600Reset
<LI><a href="#[24e]">&gt;&gt;</a>&nbsp;&nbsp;&nbsp;SIM7600CloseNet
</UL>

<P><STRONG><a name="[2a1]"></a>Send_AT_CIPSEND</STRONG> (Thumb, 82 bytes, Stack size 88 bytes, modulesim7600.o(i.Send_AT_CIPSEND))
<BR><BR>[Stack]<UL><LI>Max Depth = 184 + Unknown Stack Size
<LI>Call Chain = Send_AT_CIPSEND &rArr; UART_4GWrite &rArr; BSP_UARTWrite &rArr; UART_PushBytes &rArr; UART_PushOneByte
</UL>
<BR>[Calls]<UL><LI><a href="#[2a3]">&gt;&gt;</a>&nbsp;&nbsp;&nbsp;strlen
<LI><a href="#[2a2]">&gt;&gt;</a>&nbsp;&nbsp;&nbsp;UART_4GWrite
<LI><a href="#[259]">&gt;&gt;</a>&nbsp;&nbsp;&nbsp;__2snprintf
<LI><a href="#[235]">&gt;&gt;</a>&nbsp;&nbsp;&nbsp;__2printf
</UL>
<BR>[Called By]<UL><LI><a href="#[282]">&gt;&gt;</a>&nbsp;&nbsp;&nbsp;ModuleSIM7600_SendData
</UL>

<P><STRONG><a name="[31f]"></a>Send_AT_NETCLOSE</STRONG> (Thumb, 22 bytes, Stack size 8 bytes, modulesim7600.o(i.Send_AT_NETCLOSE))
<BR><BR>[Stack]<UL><LI>Max Depth = 104 + Unknown Stack Size
<LI>Call Chain = Send_AT_NETCLOSE &rArr; UART_4GWrite &rArr; BSP_UARTWrite &rArr; UART_PushBytes &rArr; UART_PushOneByte
</UL>
<BR>[Calls]<UL><LI><a href="#[2a2]">&gt;&gt;</a>&nbsp;&nbsp;&nbsp;UART_4GWrite
</UL>
<BR>[Called By]<UL><LI><a href="#[24b]">&gt;&gt;</a>&nbsp;&nbsp;&nbsp;SIM7600Reset
</UL>

<P><STRONG><a name="[29f]"></a>Send_AT_NETOPEN</STRONG> (Thumb, 22 bytes, Stack size 8 bytes, modulesim7600.o(i.Send_AT_NETOPEN))
<BR><BR>[Stack]<UL><LI>Max Depth = 104 + Unknown Stack Size
<LI>Call Chain = Send_AT_NETOPEN &rArr; UART_4GWrite &rArr; BSP_UARTWrite &rArr; UART_PushBytes &rArr; UART_PushOneByte
</UL>
<BR>[Calls]<UL><LI><a href="#[2a2]">&gt;&gt;</a>&nbsp;&nbsp;&nbsp;UART_4GWrite
</UL>
<BR>[Called By]<UL><LI><a href="#[24d]">&gt;&gt;</a>&nbsp;&nbsp;&nbsp;ModuleSIM7600_ConnectServer
</UL>

<P><STRONG><a name="[2a7]"></a>Send_AT_NOTCIPMODE</STRONG> (Thumb, 22 bytes, Stack size 8 bytes, modulesim7600.o(i.Send_AT_NOTCIPMODE))
<BR><BR>[Stack]<UL><LI>Max Depth = 104 + Unknown Stack Size
<LI>Call Chain = Send_AT_NOTCIPMODE &rArr; UART_4GWrite &rArr; BSP_UARTWrite &rArr; UART_PushBytes &rArr; UART_PushOneByte
</UL>
<BR>[Calls]<UL><LI><a href="#[2a2]">&gt;&gt;</a>&nbsp;&nbsp;&nbsp;UART_4GWrite
</UL>
<BR>[Called By]<UL><LI><a href="#[24a]">&gt;&gt;</a>&nbsp;&nbsp;&nbsp;Module_SIM7600Test
</UL>

<P><STRONG><a name="[2a8]"></a>Send_AT_SetCIPRXGET</STRONG> (Thumb, 22 bytes, Stack size 8 bytes, modulesim7600.o(i.Send_AT_SetCIPRXGET))
<BR><BR>[Stack]<UL><LI>Max Depth = 104 + Unknown Stack Size
<LI>Call Chain = Send_AT_SetCIPRXGET &rArr; UART_4GWrite &rArr; BSP_UARTWrite &rArr; UART_PushBytes &rArr; UART_PushOneByte
</UL>
<BR>[Calls]<UL><LI><a href="#[2a2]">&gt;&gt;</a>&nbsp;&nbsp;&nbsp;UART_4GWrite
</UL>
<BR>[Called By]<UL><LI><a href="#[24a]">&gt;&gt;</a>&nbsp;&nbsp;&nbsp;Module_SIM7600Test
</UL>

<P><STRONG><a name="[27e]"></a>GPRSRecv_HardwareInit</STRONG> (Thumb, 142 bytes, Stack size 56 bytes, 4grecv.o(i.GPRSRecv_HardwareInit))
<BR><BR>[Stack]<UL><LI>Max Depth = 184 + Unknown Stack Size
<LI>Call Chain = GPRSRecv_HardwareInit &rArr; BSP_UARTConfigTimeInit &rArr; BSP_UARTTxDMAConfigInit &rArr; DMA_Init
</UL>
<BR>[Calls]<UL><LI><a href="#[209]">&gt;&gt;</a>&nbsp;&nbsp;&nbsp;BSP_UARTConfigTimeInit
<LI><a href="#[230]">&gt;&gt;</a>&nbsp;&nbsp;&nbsp;OSTaskSuspend
<LI><a href="#[22f]">&gt;&gt;</a>&nbsp;&nbsp;&nbsp;OSQCreate
<LI><a href="#[223]">&gt;&gt;</a>&nbsp;&nbsp;&nbsp;__aeabi_memclr4
</UL>
<BR>[Called By]<UL><LI><a href="#[11d]">&gt;&gt;</a>&nbsp;&nbsp;&nbsp;Task4GRecv
</UL>

<P><STRONG><a name="[36a]"></a>_fp_digits</STRONG> (Thumb, 334 bytes, Stack size 56 bytes, printfa.o(i._fp_digits), UNUSED)
<BR><BR>[Calls]<UL><LI><a href="#[18b]">&gt;&gt;</a>&nbsp;&nbsp;&nbsp;__aeabi_uldivmod
<LI><a href="#[19c]">&gt;&gt;</a>&nbsp;&nbsp;&nbsp;__aeabi_dmul
<LI><a href="#[19d]">&gt;&gt;</a>&nbsp;&nbsp;&nbsp;__aeabi_ddiv
<LI><a href="#[196]">&gt;&gt;</a>&nbsp;&nbsp;&nbsp;__aeabi_dadd
<LI><a href="#[19e]">&gt;&gt;</a>&nbsp;&nbsp;&nbsp;__aeabi_d2ulz
<LI><a href="#[36b]">&gt;&gt;</a>&nbsp;&nbsp;&nbsp;__aeabi_cdrcmple
</UL>
<BR>[Called By]<UL><LI><a href="#[368]">&gt;&gt;</a>&nbsp;&nbsp;&nbsp;_printf_core
</UL>

<P><STRONG><a name="[368]"></a>_printf_core</STRONG> (Thumb, 1744 bytes, Stack size 136 bytes, printfa.o(i._printf_core), UNUSED)
<BR><BR>[Calls]<UL><LI><a href="#[18b]">&gt;&gt;</a>&nbsp;&nbsp;&nbsp;__aeabi_uldivmod
<LI><a href="#[36e]">&gt;&gt;</a>&nbsp;&nbsp;&nbsp;__aeabi_uidivmod
<LI><a href="#[36c]">&gt;&gt;</a>&nbsp;&nbsp;&nbsp;_printf_pre_padding
<LI><a href="#[36d]">&gt;&gt;</a>&nbsp;&nbsp;&nbsp;_printf_post_padding
<LI><a href="#[36a]">&gt;&gt;</a>&nbsp;&nbsp;&nbsp;_fp_digits
</UL>
<BR>[Called By]<UL><LI><a href="#[369]">&gt;&gt;</a>&nbsp;&nbsp;&nbsp;__0snprintf
<LI><a href="#[367]">&gt;&gt;</a>&nbsp;&nbsp;&nbsp;__0printf
</UL>

<P><STRONG><a name="[36d]"></a>_printf_post_padding</STRONG> (Thumb, 36 bytes, Stack size 24 bytes, printfa.o(i._printf_post_padding), UNUSED)
<BR><BR>[Called By]<UL><LI><a href="#[368]">&gt;&gt;</a>&nbsp;&nbsp;&nbsp;_printf_core
</UL>

<P><STRONG><a name="[36c]"></a>_printf_pre_padding</STRONG> (Thumb, 46 bytes, Stack size 24 bytes, printfa.o(i._printf_pre_padding), UNUSED)
<BR><BR>[Called By]<UL><LI><a href="#[368]">&gt;&gt;</a>&nbsp;&nbsp;&nbsp;_printf_core
</UL>

<P><STRONG><a name="[113]"></a>_snputc</STRONG> (Thumb, 22 bytes, Stack size 0 bytes, printfa.o(i._snputc))
<BR>[Address Reference Count : 1]<UL><LI> printfa.o(i.__0snprintf)
</UL><P>
<H3>
Undefined Global Symbols
</H3><HR></body></html>
